Archive member included to satisfy reference by file (symbol)

../nios_accelerometer1_bsp/\libhal_bsp.a(alt_load.o)
                              ../nios_accelerometer1_bsp//obj/HAL/src/crt0.o (alt_load)
../nios_accelerometer1_bsp/\libhal_bsp.a(alt_main.o)
                              ../nios_accelerometer1_bsp//obj/HAL/src/crt0.o (alt_main)
../nios_accelerometer1_bsp/\libhal_bsp.a(alt_sys_init.o)
                              ../nios_accelerometer1_bsp/\libhal_bsp.a(alt_main.o) (alt_irq_init)
../nios_accelerometer1_bsp/\libhal_bsp.a(alt_dcache_flush_all.o)
                              ../nios_accelerometer1_bsp/\libhal_bsp.a(alt_load.o) (alt_dcache_flush_all)
../nios_accelerometer1_bsp/\libhal_bsp.a(alt_dev.o)
                              ../nios_accelerometer1_bsp/\libhal_bsp.a(alt_sys_init.o) (alt_dev_list)
../nios_accelerometer1_bsp/\libhal_bsp.a(alt_dev_llist_insert.o)
                              ../nios_accelerometer1_bsp/\libhal_bsp.a(alt_sys_init.o) (alt_dev_llist_insert)
../nios_accelerometer1_bsp/\libhal_bsp.a(alt_errno.o)
                              ../nios_accelerometer1_bsp/\libhal_bsp.a(alt_dev_llist_insert.o) (alt_errno)
../nios_accelerometer1_bsp/\libhal_bsp.a(alt_icache_flush_all.o)
                              ../nios_accelerometer1_bsp/\libhal_bsp.a(alt_load.o) (alt_icache_flush_all)
../nios_accelerometer1_bsp/\libhal_bsp.a(altera_nios2_gen2_irq.o)
                              ../nios_accelerometer1_bsp/\libhal_bsp.a(alt_sys_init.o) (altera_nios2_gen2_irq_init)
c:/intelfpga_lite/18.1/nios2eds/bin/gnu/h-x86_64-mingw32/bin/../lib/gcc/nios2-elf/5.3.0/../../../../../H-x86_64-mingw32/nios2-elf/lib/mno-hw-mul\libsmallc.a(lib_a-int_errno.o)
                              ../nios_accelerometer1_bsp/\libhal_bsp.a(alt_dev_llist_insert.o) (errno)

Allocating common symbols
Common symbol       size              file

errno               0x4               c:/intelfpga_lite/18.1/nios2eds/bin/gnu/h-x86_64-mingw32/bin/../lib/gcc/nios2-elf/5.3.0/../../../../../H-x86_64-mingw32/nios2-elf/lib/mno-hw-mul\libsmallc.a(lib_a-int_errno.o)

Memory Configuration

Name             Origin             Length             Attributes
reset            0x0000000000010000 0x0000000000000020
onchip_memory    0x0000000000010020 0x000000000000ffe0
*default*        0x0000000000000000 0xffffffffffffffff

Linker script and memory map

LOAD ../nios_accelerometer1_bsp//obj/HAL/src/crt0.o
LOAD obj/default/hello_world_small.o
LOAD c:/intelfpga_lite/18.1/nios2eds/bin/gnu/h-x86_64-mingw32/bin/../lib/gcc/nios2-elf/5.3.0/../../../../../H-x86_64-mingw32/nios2-elf/lib/mno-hw-mul\libstdc++.a
LOAD c:/intelfpga_lite/18.1/nios2eds/bin/gnu/h-x86_64-mingw32/bin/../lib/gcc/nios2-elf/5.3.0/../../../../../H-x86_64-mingw32/nios2-elf/lib/mno-hw-mul\libm.a
LOAD c:/intelfpga_lite/18.1/nios2eds/bin/gnu/h-x86_64-mingw32/bin/../lib/gcc/nios2-elf/5.3.0/mno-hw-mul\libgcc.a
START GROUP
LOAD c:/intelfpga_lite/18.1/nios2eds/bin/gnu/h-x86_64-mingw32/bin/../lib/gcc/nios2-elf/5.3.0/../../../../../H-x86_64-mingw32/nios2-elf/lib/mno-hw-mul\libsmallc.a
LOAD c:/intelfpga_lite/18.1/nios2eds/bin/gnu/h-x86_64-mingw32/bin/../lib/gcc/nios2-elf/5.3.0/mno-hw-mul\libgcc.a
LOAD ../nios_accelerometer1_bsp/\libhal_bsp.a
LOAD c:/intelfpga_lite/18.1/nios2eds/bin/gnu/h-x86_64-mingw32/bin/../lib/gcc/nios2-elf/5.3.0/../../../../../H-x86_64-mingw32/nios2-elf/lib/mno-hw-mul\libm.a
END GROUP
LOAD c:/intelfpga_lite/18.1/nios2eds/bin/gnu/h-x86_64-mingw32/bin/../lib/gcc/nios2-elf/5.3.0/mno-hw-mul\libgcc.a
                0x0000000000010000                __alt_mem_onchip_memory = 0x10000

.entry          0x0000000000010000       0x20
 *(.entry)
 .entry         0x0000000000010000       0x20 ../nios_accelerometer1_bsp//obj/HAL/src/crt0.o
                0x0000000000010000                __reset
                0x000000000001000c                _exit

.exceptions     0x0000000000010020        0x0
                0x0000000000010020                PROVIDE (__ram_exceptions_start, ABSOLUTE (.))
                0x0000000000010020                . = ALIGN (0x20)
 *(.irq)
 *(.exceptions.entry.label)
 *(.exceptions.entry.user)
 *(.exceptions.entry.ecc_fatal)
 *(.exceptions.entry)
 *(.exceptions.irqtest.user)
 *(.exceptions.irqtest)
 *(.exceptions.irqhandler.user)
 *(.exceptions.irqhandler)
 *(.exceptions.irqreturn.user)
 *(.exceptions.irqreturn)
 *(.exceptions.notirq.label)
 *(.exceptions.notirq.user)
 *(.exceptions.notirq)
 *(.exceptions.soft.user)
 *(.exceptions.soft)
 *(.exceptions.unknown.user)
 *(.exceptions.unknown)
 *(.exceptions.exit.label)
 *(.exceptions.exit.user)
 *(.exceptions.exit)
 *(.exceptions)
                0x0000000000010020                PROVIDE (__ram_exceptions_end, ABSOLUTE (.))
                0x0000000000010020                PROVIDE (__flash_exceptions_start, LOADADDR (.exceptions))

.text           0x0000000000010020      0x1fc
                [!provide]                        PROVIDE (stext, ABSOLUTE (.))
 *(.interp)
 *(.hash)
 *(.dynsym)
 *(.dynstr)
 *(.gnu.version)
 *(.gnu.version_d)
 *(.gnu.version_r)
 *(.rel.init)
 *(.rela.init)
 *(.rel.text .rel.text.* .rel.gnu.linkonce.t.*)
 *(.rela.text .rela.text.* .rela.gnu.linkonce.t.*)
 *(.rel.fini)
 *(.rela.fini)
 *(.rel.rodata .rel.rodata.* .rel.gnu.linkonce.r.*)
 *(.rela.rodata .rela.rodata.* .rela.gnu.linkonce.r.*)
 *(.rel.data .rel.data.* .rel.gnu.linkonce.d.*)
 *(.rela.data .rela.data.* .rela.gnu.linkonce.d.*)
 *(.rel.tdata .rel.tdata.* .rel.gnu.linkonce.td.*)
 *(.rela.tdata .rela.tdata.* .rela.gnu.linkonce.td.*)
 *(.rel.tbss .rel.tbss.* .rel.gnu.linkonce.tb.*)
 *(.rela.tbss .rela.tbss.* .rela.gnu.linkonce.tb.*)
 *(.rel.ctors)
 *(.rela.ctors)
 *(.rel.dtors)
 *(.rela.dtors)
 *(.rel.got)
 *(.rela.got)
 *(.rel.sdata .rel.sdata.* .rel.gnu.linkonce.s.*)
 *(.rela.sdata .rela.sdata.* .rela.gnu.linkonce.s.*)
 *(.rel.sbss .rel.sbss.* .rel.gnu.linkonce.sb.*)
 *(.rela.sbss .rela.sbss.* .rela.gnu.linkonce.sb.*)
 *(.rel.sdata2 .rel.sdata2.* .rel.gnu.linkonce.s2.*)
 *(.rela.sdata2 .rela.sdata2.* .rela.gnu.linkonce.s2.*)
 *(.rel.sbss2 .rel.sbss2.* .rel.gnu.linkonce.sb2.*)
 *(.rela.sbss2 .rela.sbss2.* .rela.gnu.linkonce.sb2.*)
 *(.rel.bss .rel.bss.* .rel.gnu.linkonce.b.*)
 *(.rela.bss .rela.bss.* .rela.gnu.linkonce.b.*)
 *(.rel.plt)
 *(.rela.plt)
 *(.rel.dyn)
 *(.init)
 *(.plt)
 *(.text .stub .text.* .gnu.linkonce.t.*)
 .text          0x0000000000010020       0x3c ../nios_accelerometer1_bsp//obj/HAL/src/crt0.o
                0x0000000000010020                _start
 .text          0x000000000001005c        0x0 obj/default/hello_world_small.o
 .text          0x000000000001005c       0xe0 ../nios_accelerometer1_bsp/\libhal_bsp.a(alt_load.o)
                0x000000000001005c                alt_load
 .text          0x000000000001013c       0x2c ../nios_accelerometer1_bsp/\libhal_bsp.a(alt_main.o)
                0x000000000001013c                alt_main
 .text          0x0000000000010168       0x30 ../nios_accelerometer1_bsp/\libhal_bsp.a(alt_sys_init.o)
                0x0000000000010168                alt_irq_init
                0x0000000000010188                alt_sys_init
 .text          0x0000000000010198        0x4 ../nios_accelerometer1_bsp/\libhal_bsp.a(alt_dcache_flush_all.o)
                0x0000000000010198                alt_dcache_flush_all
 .text          0x000000000001019c        0x8 ../nios_accelerometer1_bsp/\libhal_bsp.a(alt_dev.o)
 .text          0x00000000000101a4       0x6c ../nios_accelerometer1_bsp/\libhal_bsp.a(alt_dev_llist_insert.o)
                0x00000000000101a4                alt_dev_llist_insert
 .text          0x0000000000010210        0x0 ../nios_accelerometer1_bsp/\libhal_bsp.a(alt_errno.o)
 .text          0x0000000000010210        0x4 ../nios_accelerometer1_bsp/\libhal_bsp.a(alt_icache_flush_all.o)
                0x0000000000010210                alt_icache_flush_all
 .text          0x0000000000010214        0x8 ../nios_accelerometer1_bsp/\libhal_bsp.a(altera_nios2_gen2_irq.o)
                0x0000000000010214                altera_nios2_gen2_irq_init
 .text          0x000000000001021c        0x0 c:/intelfpga_lite/18.1/nios2eds/bin/gnu/h-x86_64-mingw32/bin/../lib/gcc/nios2-elf/5.3.0/../../../../../H-x86_64-mingw32/nios2-elf/lib/mno-hw-mul\libsmallc.a(lib_a-int_errno.o)
 *(.gnu.warning.*)
 *(.fini)
                [!provide]                        PROVIDE (__etext, ABSOLUTE (.))
                [!provide]                        PROVIDE (_etext, ABSOLUTE (.))
                [!provide]                        PROVIDE (etext, ABSOLUTE (.))
 *(.eh_frame_hdr)
                0x000000000001021c                . = ALIGN (0x4)
                [!provide]                        PROVIDE (__preinit_array_start, ABSOLUTE (.))
 *(.preinit_array)
                [!provide]                        PROVIDE (__preinit_array_end, ABSOLUTE (.))
                [!provide]                        PROVIDE (__init_array_start, ABSOLUTE (.))
 *(.init_array)
                [!provide]                        PROVIDE (__init_array_end, ABSOLUTE (.))
                [!provide]                        PROVIDE (__fini_array_start, ABSOLUTE (.))
 *(.fini_array)
                [!provide]                        PROVIDE (__fini_array_end, ABSOLUTE (.))
 *(.eh_frame)
 *(.gcc_except_table .gcc_except_table.*)
 *(.dynamic)
                [!provide]                        PROVIDE (__CTOR_LIST__, ABSOLUTE (.))
 *(.ctors)
 *(SORT(.ctors.*))
                [!provide]                        PROVIDE (__CTOR_END__, ABSOLUTE (.))
                [!provide]                        PROVIDE (__DTOR_LIST__, ABSOLUTE (.))
 *(.dtors)
 *(SORT(.dtors.*))
                [!provide]                        PROVIDE (__DTOR_END__, ABSOLUTE (.))
 *(.jcr)
                0x000000000001021c                . = ALIGN (0x4)

.rodata         0x000000000001021c       0x24
                0x000000000001021c                PROVIDE (__ram_rodata_start, ABSOLUTE (.))
                0x000000000001021c                . = ALIGN (0x4)
 *(.rodata .rodata.* .gnu.linkonce.r.*)
 .rodata.str1.4
                0x000000000001021c       0x17 ../nios_accelerometer1_bsp/\libhal_bsp.a(alt_sys_init.o)
 *fill*         0x0000000000010233        0x1 
 .rodata.str1.4
                0x0000000000010234        0xc ../nios_accelerometer1_bsp/\libhal_bsp.a(alt_dev.o)
                                          0xa (size before relaxing)
 *(.rodata1)
                0x0000000000010240                . = ALIGN (0x4)
                0x0000000000010240                PROVIDE (__ram_rodata_end, ABSOLUTE (.))
                0x000000000001021c                PROVIDE (__flash_rodata_start, LOADADDR (.rodata))

.rwdata         0x0000000000010240       0xa0 load address 0x00000000000102e0
                0x0000000000010240                PROVIDE (__ram_rwdata_start, ABSOLUTE (.))
                0x0000000000010240                . = ALIGN (0x4)
 *(.got.plt)
 *(.got)
 *(.data1)
 *(.data .data.* .gnu.linkonce.d.*)
 .data          0x0000000000010240        0x0 ../nios_accelerometer1_bsp//obj/HAL/src/crt0.o
 .data          0x0000000000010240        0x0 obj/default/hello_world_small.o
 .data          0x0000000000010240        0x0 ../nios_accelerometer1_bsp/\libhal_bsp.a(alt_load.o)
 .data          0x0000000000010240        0x0 ../nios_accelerometer1_bsp/\libhal_bsp.a(alt_main.o)
 .data          0x0000000000010240       0x2c ../nios_accelerometer1_bsp/\libhal_bsp.a(alt_sys_init.o)
 .data          0x000000000001026c        0x0 ../nios_accelerometer1_bsp/\libhal_bsp.a(alt_dcache_flush_all.o)
 .data          0x000000000001026c       0x58 ../nios_accelerometer1_bsp/\libhal_bsp.a(alt_dev.o)
                0x000000000001026c                alt_fd_list
                0x000000000001029c                alt_dev_null
 .data          0x00000000000102c4        0x0 ../nios_accelerometer1_bsp/\libhal_bsp.a(alt_dev_llist_insert.o)
 .data          0x00000000000102c4        0x0 ../nios_accelerometer1_bsp/\libhal_bsp.a(alt_errno.o)
 .data          0x00000000000102c4        0x0 ../nios_accelerometer1_bsp/\libhal_bsp.a(alt_icache_flush_all.o)
 .data          0x00000000000102c4        0x0 ../nios_accelerometer1_bsp/\libhal_bsp.a(altera_nios2_gen2_irq.o)
 .data          0x00000000000102c4        0x0 c:/intelfpga_lite/18.1/nios2eds/bin/gnu/h-x86_64-mingw32/bin/../lib/gcc/nios2-elf/5.3.0/../../../../../H-x86_64-mingw32/nios2-elf/lib/mno-hw-mul\libsmallc.a(lib_a-int_errno.o)
                0x00000000000182c4                _gp = ABSOLUTE ((. + 0x8000))
                [!provide]                        PROVIDE (gp, _gp)
 *(.rwdata .rwdata.*)
 *(.sdata .sdata.* .gnu.linkonce.s.*)
 .sdata         0x00000000000102c4        0x4 ../nios_accelerometer1_bsp/\libhal_bsp.a(alt_sys_init.o)
                0x00000000000102c4                jtag_uart
 .sdata         0x00000000000102c8       0x14 ../nios_accelerometer1_bsp/\libhal_bsp.a(alt_dev.o)
                0x00000000000102c8                alt_max_fd
                0x00000000000102cc                alt_dev_list
                0x00000000000102d4                alt_fs_list
 .sdata         0x00000000000102dc        0x4 ../nios_accelerometer1_bsp/\libhal_bsp.a(alt_errno.o)
                0x00000000000102dc                alt_errno
 *(.sdata2 .sdata2.* .gnu.linkonce.s2.*)
                0x00000000000102e0                . = ALIGN (0x4)
                0x00000000000102e0                _edata = ABSOLUTE (.)
                [!provide]                        PROVIDE (edata, ABSOLUTE (.))
                0x00000000000102e0                PROVIDE (__ram_rwdata_end, ABSOLUTE (.))
                0x00000000000102e0                PROVIDE (__flash_rwdata_start, LOADADDR (.rwdata))

.bss            0x0000000000010380       0x10
                0x0000000000010380                __bss_start = ABSOLUTE (.)
                [!provide]                        PROVIDE (__sbss_start, ABSOLUTE (.))
                [!provide]                        PROVIDE (___sbss_start, ABSOLUTE (.))
 *(.dynsbss)
 *(.sbss .sbss.* .gnu.linkonce.sb.*)
 .sbss          0x0000000000010380        0xc ../nios_accelerometer1_bsp/\libhal_bsp.a(alt_main.o)
                0x0000000000010380                alt_envp
                0x0000000000010384                alt_argv
                0x0000000000010388                alt_argc
 .sbss          0x000000000001038c        0x4 c:/intelfpga_lite/18.1/nios2eds/bin/gnu/h-x86_64-mingw32/bin/../lib/gcc/nios2-elf/5.3.0/../../../../../H-x86_64-mingw32/nios2-elf/lib/mno-hw-mul\libsmallc.a(lib_a-int_errno.o)
                0x000000000001038c                errno
 *(.sbss2 .sbss2.* .gnu.linkonce.sb2.*)
 *(.scommon)
                [!provide]                        PROVIDE (__sbss_end, ABSOLUTE (.))
                [!provide]                        PROVIDE (___sbss_end, ABSOLUTE (.))
 *(.dynbss)
 *(.bss .bss.* .gnu.linkonce.b.*)
 .bss           0x0000000000010390        0x0 ../nios_accelerometer1_bsp//obj/HAL/src/crt0.o
 .bss           0x0000000000010390        0x0 obj/default/hello_world_small.o
 .bss           0x0000000000010390        0x0 ../nios_accelerometer1_bsp/\libhal_bsp.a(alt_load.o)
 .bss           0x0000000000010390        0x0 ../nios_accelerometer1_bsp/\libhal_bsp.a(alt_main.o)
 .bss           0x0000000000010390        0x0 ../nios_accelerometer1_bsp/\libhal_bsp.a(alt_sys_init.o)
 .bss           0x0000000000010390        0x0 ../nios_accelerometer1_bsp/\libhal_bsp.a(alt_dcache_flush_all.o)
 .bss           0x0000000000010390        0x0 ../nios_accelerometer1_bsp/\libhal_bsp.a(alt_dev.o)
 .bss           0x0000000000010390        0x0 ../nios_accelerometer1_bsp/\libhal_bsp.a(alt_dev_llist_insert.o)
 .bss           0x0000000000010390        0x0 ../nios_accelerometer1_bsp/\libhal_bsp.a(alt_errno.o)
 .bss           0x0000000000010390        0x0 ../nios_accelerometer1_bsp/\libhal_bsp.a(alt_icache_flush_all.o)
 .bss           0x0000000000010390        0x0 ../nios_accelerometer1_bsp/\libhal_bsp.a(altera_nios2_gen2_irq.o)
 .bss           0x0000000000010390        0x0 c:/intelfpga_lite/18.1/nios2eds/bin/gnu/h-x86_64-mingw32/bin/../lib/gcc/nios2-elf/5.3.0/../../../../../H-x86_64-mingw32/nios2-elf/lib/mno-hw-mul\libsmallc.a(lib_a-int_errno.o)
 *(COMMON)
                0x0000000000010390                . = ALIGN (0x4)
                0x0000000000010390                __bss_end = ABSOLUTE (.)

.onchip_memory  0x0000000000010390        0x0
                [!provide]                        PROVIDE (_alt_partition_onchip_memory_start, ABSOLUTE (.))
 *(.onchip_memory .onchip_memory. onchip_memory.*)
                0x0000000000010390                . = ALIGN (0x4)
                [!provide]                        PROVIDE (_alt_partition_onchip_memory_end, ABSOLUTE (.))
                0x0000000000010390                _end = ABSOLUTE (.)
                0x0000000000010390                end = ABSOLUTE (.)
                0x0000000000010390                __alt_stack_base = ABSOLUTE (.)
                [!provide]                        PROVIDE (_alt_partition_onchip_memory_load_addr, LOADADDR (.onchip_memory))

.stab
 *(.stab)

.stabstr
 *(.stabstr)

.stab.excl
 *(.stab.excl)

.stab.exclstr
 *(.stab.exclstr)

.stab.index
 *(.stab.index)

.stab.indexstr
 *(.stab.indexstr)

.comment        0x0000000000000000       0x23
 *(.comment)
 .comment       0x0000000000000000       0x23 obj/default/hello_world_small.o
                                         0x24 (size before relaxing)
 .comment       0x0000000000000023       0x24 ../nios_accelerometer1_bsp/\libhal_bsp.a(alt_load.o)
 .comment       0x0000000000000023       0x24 ../nios_accelerometer1_bsp/\libhal_bsp.a(alt_main.o)
 .comment       0x0000000000000023       0x24 ../nios_accelerometer1_bsp/\libhal_bsp.a(alt_sys_init.o)
 .comment       0x0000000000000023       0x24 ../nios_accelerometer1_bsp/\libhal_bsp.a(alt_dcache_flush_all.o)
 .comment       0x0000000000000023       0x24 ../nios_accelerometer1_bsp/\libhal_bsp.a(alt_dev.o)
 .comment       0x0000000000000023       0x24 ../nios_accelerometer1_bsp/\libhal_bsp.a(alt_dev_llist_insert.o)
 .comment       0x0000000000000023       0x24 ../nios_accelerometer1_bsp/\libhal_bsp.a(alt_errno.o)
 .comment       0x0000000000000023       0x24 ../nios_accelerometer1_bsp/\libhal_bsp.a(alt_icache_flush_all.o)
 .comment       0x0000000000000023       0x24 ../nios_accelerometer1_bsp/\libhal_bsp.a(altera_nios2_gen2_irq.o)
 .comment       0x0000000000000023       0x24 c:/intelfpga_lite/18.1/nios2eds/bin/gnu/h-x86_64-mingw32/bin/../lib/gcc/nios2-elf/5.3.0/../../../../../H-x86_64-mingw32/nios2-elf/lib/mno-hw-mul\libsmallc.a(lib_a-int_errno.o)

.debug
 *(.debug)

.line
 *(.line)

.debug_srcinfo
 *(.debug_srcinfo)

.debug_sfnames
 *(.debug_sfnames)

.debug_aranges  0x0000000000000000      0x158
 *(.debug_aranges)
 .debug_aranges
                0x0000000000000000       0x28 ../nios_accelerometer1_bsp//obj/HAL/src/crt0.o
 .debug_aranges
                0x0000000000000028       0x20 ../nios_accelerometer1_bsp/\libhal_bsp.a(alt_load.o)
 .debug_aranges
                0x0000000000000048       0x20 ../nios_accelerometer1_bsp/\libhal_bsp.a(alt_main.o)
 .debug_aranges
                0x0000000000000068       0x20 ../nios_accelerometer1_bsp/\libhal_bsp.a(alt_sys_init.o)
 .debug_aranges
                0x0000000000000088       0x20 ../nios_accelerometer1_bsp/\libhal_bsp.a(alt_dcache_flush_all.o)
 .debug_aranges
                0x00000000000000a8       0x20 ../nios_accelerometer1_bsp/\libhal_bsp.a(alt_dev.o)
 .debug_aranges
                0x00000000000000c8       0x20 ../nios_accelerometer1_bsp/\libhal_bsp.a(alt_dev_llist_insert.o)
 .debug_aranges
                0x00000000000000e8       0x18 ../nios_accelerometer1_bsp/\libhal_bsp.a(alt_errno.o)
 .debug_aranges
                0x0000000000000100       0x20 ../nios_accelerometer1_bsp/\libhal_bsp.a(alt_icache_flush_all.o)
 .debug_aranges
                0x0000000000000120       0x20 ../nios_accelerometer1_bsp/\libhal_bsp.a(altera_nios2_gen2_irq.o)
 .debug_aranges
                0x0000000000000140       0x18 c:/intelfpga_lite/18.1/nios2eds/bin/gnu/h-x86_64-mingw32/bin/../lib/gcc/nios2-elf/5.3.0/../../../../../H-x86_64-mingw32/nios2-elf/lib/mno-hw-mul\libsmallc.a(lib_a-int_errno.o)

.debug_pubnames
 *(.debug_pubnames)

.debug_info     0x0000000000000000     0x119a
 *(.debug_info .gnu.linkonce.wi.*)
 .debug_info    0x0000000000000000       0x91 ../nios_accelerometer1_bsp//obj/HAL/src/crt0.o
 .debug_info    0x0000000000000091      0x1c9 ../nios_accelerometer1_bsp/\libhal_bsp.a(alt_load.o)
 .debug_info    0x000000000000025a      0x18f ../nios_accelerometer1_bsp/\libhal_bsp.a(alt_main.o)
 .debug_info    0x00000000000003e9      0x459 ../nios_accelerometer1_bsp/\libhal_bsp.a(alt_sys_init.o)
 .debug_info    0x0000000000000842       0x92 ../nios_accelerometer1_bsp/\libhal_bsp.a(alt_dcache_flush_all.o)
 .debug_info    0x00000000000008d4      0x499 ../nios_accelerometer1_bsp/\libhal_bsp.a(alt_dev.o)
 .debug_info    0x0000000000000d6d      0x1b3 ../nios_accelerometer1_bsp/\libhal_bsp.a(alt_dev_llist_insert.o)
 .debug_info    0x0000000000000f20       0xa6 ../nios_accelerometer1_bsp/\libhal_bsp.a(alt_errno.o)
 .debug_info    0x0000000000000fc6       0x92 ../nios_accelerometer1_bsp/\libhal_bsp.a(alt_icache_flush_all.o)
 .debug_info    0x0000000000001058       0xb8 ../nios_accelerometer1_bsp/\libhal_bsp.a(altera_nios2_gen2_irq.o)
 .debug_info    0x0000000000001110       0x8a c:/intelfpga_lite/18.1/nios2eds/bin/gnu/h-x86_64-mingw32/bin/../lib/gcc/nios2-elf/5.3.0/../../../../../H-x86_64-mingw32/nios2-elf/lib/mno-hw-mul\libsmallc.a(lib_a-int_errno.o)

.debug_abbrev   0x0000000000000000      0x6f5
 *(.debug_abbrev)
 .debug_abbrev  0x0000000000000000       0x12 ../nios_accelerometer1_bsp//obj/HAL/src/crt0.o
 .debug_abbrev  0x0000000000000012       0xd8 ../nios_accelerometer1_bsp/\libhal_bsp.a(alt_load.o)
 .debug_abbrev  0x00000000000000ea       0xf5 ../nios_accelerometer1_bsp/\libhal_bsp.a(alt_main.o)
 .debug_abbrev  0x00000000000001df      0x1a5 ../nios_accelerometer1_bsp/\libhal_bsp.a(alt_sys_init.o)
 .debug_abbrev  0x0000000000000384       0x42 ../nios_accelerometer1_bsp/\libhal_bsp.a(alt_dcache_flush_all.o)
 .debug_abbrev  0x00000000000003c6       0xd9 ../nios_accelerometer1_bsp/\libhal_bsp.a(alt_dev.o)
 .debug_abbrev  0x000000000000049f      0x11c ../nios_accelerometer1_bsp/\libhal_bsp.a(alt_dev_llist_insert.o)
 .debug_abbrev  0x00000000000005bb       0x5a ../nios_accelerometer1_bsp/\libhal_bsp.a(alt_errno.o)
 .debug_abbrev  0x0000000000000615       0x42 ../nios_accelerometer1_bsp/\libhal_bsp.a(alt_icache_flush_all.o)
 .debug_abbrev  0x0000000000000657       0x67 ../nios_accelerometer1_bsp/\libhal_bsp.a(altera_nios2_gen2_irq.o)
 .debug_abbrev  0x00000000000006be       0x37 c:/intelfpga_lite/18.1/nios2eds/bin/gnu/h-x86_64-mingw32/bin/../lib/gcc/nios2-elf/5.3.0/../../../../../H-x86_64-mingw32/nios2-elf/lib/mno-hw-mul\libsmallc.a(lib_a-int_errno.o)

.debug_line     0x0000000000000000      0x712
 *(.debug_line)
 .debug_line    0x0000000000000000       0x66 ../nios_accelerometer1_bsp//obj/HAL/src/crt0.o
 .debug_line    0x0000000000000066        0x0 obj/default/hello_world_small.o
 .debug_line    0x0000000000000066       0xa4 ../nios_accelerometer1_bsp/\libhal_bsp.a(alt_load.o)
 .debug_line    0x000000000000010a       0xea ../nios_accelerometer1_bsp/\libhal_bsp.a(alt_main.o)
 .debug_line    0x00000000000001f4      0x178 ../nios_accelerometer1_bsp/\libhal_bsp.a(alt_sys_init.o)
 .debug_line    0x000000000000036c       0x4e ../nios_accelerometer1_bsp/\libhal_bsp.a(alt_dcache_flush_all.o)
 .debug_line    0x00000000000003ba       0xf6 ../nios_accelerometer1_bsp/\libhal_bsp.a(alt_dev.o)
 .debug_line    0x00000000000004b0       0xd8 ../nios_accelerometer1_bsp/\libhal_bsp.a(alt_dev_llist_insert.o)
 .debug_line    0x0000000000000588       0x51 ../nios_accelerometer1_bsp/\libhal_bsp.a(alt_errno.o)
 .debug_line    0x00000000000005d9       0x4e ../nios_accelerometer1_bsp/\libhal_bsp.a(alt_icache_flush_all.o)
 .debug_line    0x0000000000000627       0x8c ../nios_accelerometer1_bsp/\libhal_bsp.a(altera_nios2_gen2_irq.o)
 .debug_line    0x00000000000006b3       0x5f c:/intelfpga_lite/18.1/nios2eds/bin/gnu/h-x86_64-mingw32/bin/../lib/gcc/nios2-elf/5.3.0/../../../../../H-x86_64-mingw32/nios2-elf/lib/mno-hw-mul\libsmallc.a(lib_a-int_errno.o)

.debug_frame    0x0000000000000000      0x144
 *(.debug_frame)
 .debug_frame   0x0000000000000000       0x30 ../nios_accelerometer1_bsp/\libhal_bsp.a(alt_load.o)
 .debug_frame   0x0000000000000030       0x2c ../nios_accelerometer1_bsp/\libhal_bsp.a(alt_main.o)
 .debug_frame   0x000000000000005c       0x3c ../nios_accelerometer1_bsp/\libhal_bsp.a(alt_sys_init.o)
 .debug_frame   0x0000000000000098       0x20 ../nios_accelerometer1_bsp/\libhal_bsp.a(alt_dcache_flush_all.o)
 .debug_frame   0x00000000000000b8       0x20 ../nios_accelerometer1_bsp/\libhal_bsp.a(alt_dev.o)
 .debug_frame   0x00000000000000d8       0x2c ../nios_accelerometer1_bsp/\libhal_bsp.a(alt_dev_llist_insert.o)
 .debug_frame   0x0000000000000104       0x20 ../nios_accelerometer1_bsp/\libhal_bsp.a(alt_icache_flush_all.o)
 .debug_frame   0x0000000000000124       0x20 ../nios_accelerometer1_bsp/\libhal_bsp.a(altera_nios2_gen2_irq.o)

.debug_str      0x0000000000000000      0x802
 *(.debug_str)
 .debug_str     0x0000000000000000       0xb6 obj/default/hello_world_small.o
 .debug_str     0x00000000000000b6      0x1dd ../nios_accelerometer1_bsp/\libhal_bsp.a(alt_load.o)
                                        0x25f (size before relaxing)
 .debug_str     0x0000000000000293       0xb0 ../nios_accelerometer1_bsp/\libhal_bsp.a(alt_main.o)
                                        0x201 (size before relaxing)
 .debug_str     0x0000000000000343      0x19f ../nios_accelerometer1_bsp/\libhal_bsp.a(alt_sys_init.o)
                                        0x36d (size before relaxing)
 .debug_str     0x00000000000004e2       0x1f ../nios_accelerometer1_bsp/\libhal_bsp.a(alt_dcache_flush_all.o)
                                        0x178 (size before relaxing)
 .debug_str     0x0000000000000501      0x12c ../nios_accelerometer1_bsp/\libhal_bsp.a(alt_dev.o)
                                        0x328 (size before relaxing)
 .debug_str     0x000000000000062d       0x4e ../nios_accelerometer1_bsp/\libhal_bsp.a(alt_dev_llist_insert.o)
                                        0x1ef (size before relaxing)
 .debug_str     0x000000000000067b       0x14 ../nios_accelerometer1_bsp/\libhal_bsp.a(alt_errno.o)
                                        0x168 (size before relaxing)
 .debug_str     0x000000000000068f       0x1f ../nios_accelerometer1_bsp/\libhal_bsp.a(alt_icache_flush_all.o)
                                        0x178 (size before relaxing)
 .debug_str     0x00000000000006ae       0x20 ../nios_accelerometer1_bsp/\libhal_bsp.a(altera_nios2_gen2_irq.o)
                                        0x1a8 (size before relaxing)
 .debug_str     0x00000000000006ce      0x134 c:/intelfpga_lite/18.1/nios2eds/bin/gnu/h-x86_64-mingw32/bin/../lib/gcc/nios2-elf/5.3.0/../../../../../H-x86_64-mingw32/nios2-elf/lib/mno-hw-mul\libsmallc.a(lib_a-int_errno.o)
                                        0x1d8 (size before relaxing)

.debug_loc      0x0000000000000000       0x9f
 *(.debug_loc)
 .debug_loc     0x0000000000000000       0x21 ../nios_accelerometer1_bsp/\libhal_bsp.a(alt_sys_init.o)
 .debug_loc     0x0000000000000021       0x7e ../nios_accelerometer1_bsp/\libhal_bsp.a(alt_dev_llist_insert.o)

.debug_macinfo
 *(.debug_macinfo)

.debug_weaknames
 *(.debug_weaknames)

.debug_funcnames
 *(.debug_funcnames)

.debug_typenames
 *(.debug_typenames)

.debug_varnames
 *(.debug_varnames)

.debug_alt_sim_info
                0x0000000000000000       0x10
 *(.debug_alt_sim_info)
 .debug_alt_sim_info
                0x0000000000000000       0x10 ../nios_accelerometer1_bsp//obj/HAL/src/crt0.o
                0x0000000000020000                __alt_data_end = 0x20000
                0x0000000000020000                PROVIDE (__alt_stack_pointer, __alt_data_end)
                [!provide]                        PROVIDE (__alt_stack_limit, __alt_stack_base)
                [!provide]                        PROVIDE (__alt_heap_start, end)
                [!provide]                        PROVIDE (__alt_heap_limit, 0x20000)
OUTPUT(nios_accelerometer1.elf elf32-littlenios2)

.debug_ranges   0x0000000000000000       0xa0
 .debug_ranges  0x0000000000000000       0x20 ../nios_accelerometer1_bsp//obj/HAL/src/crt0.o
 .debug_ranges  0x0000000000000020       0x48 ../nios_accelerometer1_bsp/\libhal_bsp.a(alt_load.o)
 .debug_ranges  0x0000000000000068       0x18 ../nios_accelerometer1_bsp/\libhal_bsp.a(alt_sys_init.o)
 .debug_ranges  0x0000000000000080       0x20 ../nios_accelerometer1_bsp/\libhal_bsp.a(alt_dev_llist_insert.o)
