Archive member included to satisfy reference by file (symbol)

../nios_accelerometer1_bsp/\libhal_bsp.a(alt_irq_register.o)
                              obj/default/hello_world_small.o (alt_irq_register)
../nios_accelerometer1_bsp/\libhal_bsp.a(alt_irq_vars.o)
                              ../nios_accelerometer1_bsp/\libhal_bsp.a(alt_irq_register.o) (alt_irq_active)
../nios_accelerometer1_bsp/\libhal_bsp.a(alt_load.o)
                              ../nios_accelerometer1_bsp//obj/HAL/src/crt0.o (alt_load)
../nios_accelerometer1_bsp/\libhal_bsp.a(alt_main.o)
                              ../nios_accelerometer1_bsp//obj/HAL/src/crt0.o (alt_main)
../nios_accelerometer1_bsp/\libhal_bsp.a(alt_sys_init.o)
                              ../nios_accelerometer1_bsp/\libhal_bsp.a(alt_main.o) (alt_irq_init)
../nios_accelerometer1_bsp/\libhal_bsp.a(altera_up_avalon_accelerometer_spi.o)
                              obj/default/hello_world_small.o (alt_up_accelerometer_spi_open_dev)
../nios_accelerometer1_bsp/\libhal_bsp.a(alt_dcache_flush_all.o)
                              ../nios_accelerometer1_bsp/\libhal_bsp.a(alt_load.o) (alt_dcache_flush_all)
../nios_accelerometer1_bsp/\libhal_bsp.a(alt_dev.o)
                              ../nios_accelerometer1_bsp/\libhal_bsp.a(alt_sys_init.o) (alt_dev_list)
../nios_accelerometer1_bsp/\libhal_bsp.a(alt_dev_llist_insert.o)
                              ../nios_accelerometer1_bsp/\libhal_bsp.a(alt_sys_init.o) (alt_dev_llist_insert)
../nios_accelerometer1_bsp/\libhal_bsp.a(alt_errno.o)
                              ../nios_accelerometer1_bsp/\libhal_bsp.a(alt_dev_llist_insert.o) (alt_errno)
../nios_accelerometer1_bsp/\libhal_bsp.a(alt_find_dev.o)
                              ../nios_accelerometer1_bsp/\libhal_bsp.a(altera_up_avalon_accelerometer_spi.o) (alt_find_dev)
../nios_accelerometer1_bsp/\libhal_bsp.a(alt_icache_flush_all.o)
                              ../nios_accelerometer1_bsp/\libhal_bsp.a(alt_load.o) (alt_icache_flush_all)
../nios_accelerometer1_bsp/\libhal_bsp.a(alt_irq_entry.o)
                              ../nios_accelerometer1_bsp/\libhal_bsp.a(alt_irq_register.o) (alt_irq_entry)
../nios_accelerometer1_bsp/\libhal_bsp.a(alt_irq_handler.o)
                              ../nios_accelerometer1_bsp/\libhal_bsp.a(alt_irq_register.o) (alt_irq_handler)
../nios_accelerometer1_bsp/\libhal_bsp.a(altera_nios2_gen2_irq.o)
                              ../nios_accelerometer1_bsp/\libhal_bsp.a(alt_sys_init.o) (altera_nios2_gen2_irq_init)
../nios_accelerometer1_bsp/\libhal_bsp.a(alt_exception_entry.o)
                              ../nios_accelerometer1_bsp/\libhal_bsp.a(alt_irq_entry.o) (alt_exception)
../nios_accelerometer1_bsp/\libhal_bsp.a(alt_instruction_exception_entry.o)
                              ../nios_accelerometer1_bsp/\libhal_bsp.a(alt_exception_entry.o) (alt_instruction_exception_entry)
c:/intelfpga_lite/18.1/nios2eds/bin/gnu/h-x86_64-mingw32/bin/../lib/gcc/nios2-elf/5.3.0/../../../../../H-x86_64-mingw32/nios2-elf/lib/mno-hw-mul\libsmallc.a(lib_a-int_errno.o)
                              ../nios_accelerometer1_bsp/\libhal_bsp.a(alt_dev_llist_insert.o) (errno)
c:/intelfpga_lite/18.1/nios2eds/bin/gnu/h-x86_64-mingw32/bin/../lib/gcc/nios2-elf/5.3.0/../../../../../H-x86_64-mingw32/nios2-elf/lib/mno-hw-mul\libsmallc.a(lib_a-memcmp.o)
                              ../nios_accelerometer1_bsp/\libhal_bsp.a(alt_find_dev.o) (memcmp)
c:/intelfpga_lite/18.1/nios2eds/bin/gnu/h-x86_64-mingw32/bin/../lib/gcc/nios2-elf/5.3.0/../../../../../H-x86_64-mingw32/nios2-elf/lib/mno-hw-mul\libsmallc.a(lib_a-strlen.o)
                              ../nios_accelerometer1_bsp/\libhal_bsp.a(alt_find_dev.o) (strlen)

Allocating common symbols
Common symbol       size              file

alt_irq             0x100             ../nios_accelerometer1_bsp/\libhal_bsp.a(alt_irq_handler.o)
errno               0x4               c:/intelfpga_lite/18.1/nios2eds/bin/gnu/h-x86_64-mingw32/bin/../lib/gcc/nios2-elf/5.3.0/../../../../../H-x86_64-mingw32/nios2-elf/lib/mno-hw-mul\libsmallc.a(lib_a-int_errno.o)
led                 0x1               obj/default/hello_world_small.o
level               0x4               obj/default/hello_world_small.o

Memory Configuration

Name             Origin             Length             Attributes
reset            0x0000000000010000 0x0000000000000020
onchip_memory    0x0000000000010020 0x000000000000ffe0
*default*        0x0000000000000000 0xffffffffffffffff

Linker script and memory map

LOAD ../nios_accelerometer1_bsp//obj/HAL/src/crt0.o
LOAD obj/default/hello_world_small.o
LOAD c:/intelfpga_lite/18.1/nios2eds/bin/gnu/h-x86_64-mingw32/bin/../lib/gcc/nios2-elf/5.3.0/../../../../../H-x86_64-mingw32/nios2-elf/lib/mno-hw-mul\libstdc++.a
LOAD c:/intelfpga_lite/18.1/nios2eds/bin/gnu/h-x86_64-mingw32/bin/../lib/gcc/nios2-elf/5.3.0/../../../../../H-x86_64-mingw32/nios2-elf/lib/mno-hw-mul\libm.a
LOAD c:/intelfpga_lite/18.1/nios2eds/bin/gnu/h-x86_64-mingw32/bin/../lib/gcc/nios2-elf/5.3.0/mno-hw-mul\libgcc.a
START GROUP
LOAD c:/intelfpga_lite/18.1/nios2eds/bin/gnu/h-x86_64-mingw32/bin/../lib/gcc/nios2-elf/5.3.0/../../../../../H-x86_64-mingw32/nios2-elf/lib/mno-hw-mul\libsmallc.a
LOAD c:/intelfpga_lite/18.1/nios2eds/bin/gnu/h-x86_64-mingw32/bin/../lib/gcc/nios2-elf/5.3.0/mno-hw-mul\libgcc.a
LOAD ../nios_accelerometer1_bsp/\libhal_bsp.a
LOAD c:/intelfpga_lite/18.1/nios2eds/bin/gnu/h-x86_64-mingw32/bin/../lib/gcc/nios2-elf/5.3.0/../../../../../H-x86_64-mingw32/nios2-elf/lib/mno-hw-mul\libm.a
END GROUP
LOAD c:/intelfpga_lite/18.1/nios2eds/bin/gnu/h-x86_64-mingw32/bin/../lib/gcc/nios2-elf/5.3.0/mno-hw-mul\libgcc.a
                0x0000000000010000                __alt_mem_onchip_memory = 0x10000

.entry          0x0000000000010000       0x20
 *(.entry)
 .entry         0x0000000000010000       0x20 ../nios_accelerometer1_bsp//obj/HAL/src/crt0.o
                0x0000000000010000                __reset
                0x000000000001000c                _exit

.exceptions     0x0000000000010020      0x160
                0x0000000000010020                PROVIDE (__ram_exceptions_start, ABSOLUTE (.))
                0x0000000000010020                . = ALIGN (0x20)
 *(.irq)
 *(.exceptions.entry.label)
 .exceptions.entry.label
                0x0000000000010020        0x0 ../nios_accelerometer1_bsp/\libhal_bsp.a(alt_irq_entry.o)
                0x0000000000010020                alt_irq_entry
 .exceptions.entry.label
                0x0000000000010020        0x0 ../nios_accelerometer1_bsp/\libhal_bsp.a(alt_exception_entry.o)
                0x0000000000010020                alt_exception
 *(.exceptions.entry.user)
 *(.exceptions.entry.ecc_fatal)
 *(.exceptions.entry)
 .exceptions.entry
                0x0000000000010020       0x54 ../nios_accelerometer1_bsp/\libhal_bsp.a(alt_exception_entry.o)
 *(.exceptions.irqtest.user)
 *(.exceptions.irqtest)
 .exceptions.irqtest
                0x0000000000010074       0x10 ../nios_accelerometer1_bsp/\libhal_bsp.a(alt_irq_entry.o)
 *(.exceptions.irqhandler.user)
 *(.exceptions.irqhandler)
 .exceptions.irqhandler
                0x0000000000010084        0x4 ../nios_accelerometer1_bsp/\libhal_bsp.a(alt_irq_entry.o)
 *(.exceptions.irqreturn.user)
 *(.exceptions.irqreturn)
 .exceptions.irqreturn
                0x0000000000010088        0x4 ../nios_accelerometer1_bsp/\libhal_bsp.a(alt_irq_entry.o)
 *(.exceptions.notirq.label)
 .exceptions.notirq.label
                0x000000000001008c        0x0 ../nios_accelerometer1_bsp/\libhal_bsp.a(alt_irq_entry.o)
 *(.exceptions.notirq.user)
 *(.exceptions.notirq)
 .exceptions.notirq
                0x000000000001008c        0x8 ../nios_accelerometer1_bsp/\libhal_bsp.a(alt_exception_entry.o)
 *(.exceptions.soft.user)
 *(.exceptions.soft)
 *(.exceptions.unknown.user)
 *(.exceptions.unknown)
 .exceptions.unknown
                0x0000000000010094       0x14 ../nios_accelerometer1_bsp/\libhal_bsp.a(alt_exception_entry.o)
 *(.exceptions.exit.label)
 .exceptions.exit.label
                0x00000000000100a8        0x0 ../nios_accelerometer1_bsp/\libhal_bsp.a(alt_irq_entry.o)
 .exceptions.exit.label
                0x00000000000100a8        0x0 ../nios_accelerometer1_bsp/\libhal_bsp.a(alt_exception_entry.o)
 *(.exceptions.exit.user)
 *(.exceptions.exit)
 .exceptions.exit
                0x00000000000100a8       0x54 ../nios_accelerometer1_bsp/\libhal_bsp.a(alt_exception_entry.o)
 *(.exceptions)
 .exceptions    0x00000000000100fc       0x60 ../nios_accelerometer1_bsp/\libhal_bsp.a(alt_irq_handler.o)
                0x00000000000100fc                alt_irq_handler
 .exceptions    0x000000000001015c       0x24 ../nios_accelerometer1_bsp/\libhal_bsp.a(alt_instruction_exception_entry.o)
                0x000000000001015c                alt_instruction_exception_entry
                0x0000000000010180                PROVIDE (__ram_exceptions_end, ABSOLUTE (.))
                0x0000000000010020                PROVIDE (__flash_exceptions_start, LOADADDR (.exceptions))

.text           0x0000000000010180      0x6cc
                [!provide]                        PROVIDE (stext, ABSOLUTE (.))
 *(.interp)
 *(.hash)
 *(.dynsym)
 *(.dynstr)
 *(.gnu.version)
 *(.gnu.version_d)
 *(.gnu.version_r)
 *(.rel.init)
 *(.rela.init)
 *(.rel.text .rel.text.* .rel.gnu.linkonce.t.*)
 *(.rela.text .rela.text.* .rela.gnu.linkonce.t.*)
 *(.rel.fini)
 *(.rela.fini)
 *(.rel.rodata .rel.rodata.* .rel.gnu.linkonce.r.*)
 *(.rela.rodata .rela.rodata.* .rela.gnu.linkonce.r.*)
 *(.rel.data .rel.data.* .rel.gnu.linkonce.d.*)
 *(.rela.data .rela.data.* .rela.gnu.linkonce.d.*)
 *(.rel.tdata .rel.tdata.* .rel.gnu.linkonce.td.*)
 *(.rela.tdata .rela.tdata.* .rela.gnu.linkonce.td.*)
 *(.rel.tbss .rel.tbss.* .rel.gnu.linkonce.tb.*)
 *(.rela.tbss .rela.tbss.* .rela.gnu.linkonce.tb.*)
 *(.rel.ctors)
 *(.rela.ctors)
 *(.rel.dtors)
 *(.rela.dtors)
 *(.rel.got)
 *(.rela.got)
 *(.rel.sdata .rel.sdata.* .rel.gnu.linkonce.s.*)
 *(.rela.sdata .rela.sdata.* .rela.gnu.linkonce.s.*)
 *(.rel.sbss .rel.sbss.* .rel.gnu.linkonce.sb.*)
 *(.rela.sbss .rela.sbss.* .rela.gnu.linkonce.sb.*)
 *(.rel.sdata2 .rel.sdata2.* .rel.gnu.linkonce.s2.*)
 *(.rela.sdata2 .rela.sdata2.* .rela.gnu.linkonce.s2.*)
 *(.rel.sbss2 .rel.sbss2.* .rel.gnu.linkonce.sb2.*)
 *(.rela.sbss2 .rela.sbss2.* .rela.gnu.linkonce.sb2.*)
 *(.rel.bss .rel.bss.* .rel.gnu.linkonce.b.*)
 *(.rela.bss .rela.bss.* .rela.gnu.linkonce.b.*)
 *(.rel.plt)
 *(.rela.plt)
 *(.rel.dyn)
 *(.init)
 *(.plt)
 *(.text .stub .text.* .gnu.linkonce.t.*)
 .text          0x0000000000010180       0x3c ../nios_accelerometer1_bsp//obj/HAL/src/crt0.o
                0x0000000000010180                _start
 .text          0x00000000000101bc      0x138 obj/default/hello_world_small.o
                0x00000000000101bc                sys_timer_isr
                0x000000000001023c                led_write
                0x0000000000010250                convert_read
                0x0000000000010284                timer_init
 .text.startup  0x00000000000102f4       0x70 obj/default/hello_world_small.o
                0x00000000000102f4                main
 .text          0x0000000000010364       0x94 ../nios_accelerometer1_bsp/\libhal_bsp.a(alt_irq_register.o)
                0x0000000000010364                alt_irq_register
 .text          0x00000000000103f8        0x0 ../nios_accelerometer1_bsp/\libhal_bsp.a(alt_irq_vars.o)
 .text          0x00000000000103f8       0xe0 ../nios_accelerometer1_bsp/\libhal_bsp.a(alt_load.o)
                0x00000000000103f8                alt_load
 .text          0x00000000000104d8       0x2c ../nios_accelerometer1_bsp/\libhal_bsp.a(alt_main.o)
                0x00000000000104d8                alt_main
 .text          0x0000000000010504       0x30 ../nios_accelerometer1_bsp/\libhal_bsp.a(alt_sys_init.o)
                0x0000000000010504                alt_irq_init
                0x0000000000010524                alt_sys_init
 .text          0x0000000000010534      0x160 ../nios_accelerometer1_bsp/\libhal_bsp.a(altera_up_avalon_accelerometer_spi.o)
                0x0000000000010534                alt_up_accelerometer_spi_open_dev
                0x000000000001053c                alt_up_accelerometer_spi_read_address_register
                0x0000000000010550                alt_up_accelerometer_spi_read
                0x0000000000010570                alt_up_accelerometer_spi_write
                0x000000000001058c                alt_up_accelerometer_spi_read_x_axis
                0x00000000000105e4                alt_up_accelerometer_spi_read_y_axis
                0x000000000001063c                alt_up_accelerometer_spi_read_z_axis
 .text          0x0000000000010694        0x4 ../nios_accelerometer1_bsp/\libhal_bsp.a(alt_dcache_flush_all.o)
                0x0000000000010694                alt_dcache_flush_all
 .text          0x0000000000010698        0x8 ../nios_accelerometer1_bsp/\libhal_bsp.a(alt_dev.o)
 .text          0x00000000000106a0       0x6c ../nios_accelerometer1_bsp/\libhal_bsp.a(alt_dev_llist_insert.o)
                0x00000000000106a0                alt_dev_llist_insert
 .text          0x000000000001070c        0x0 ../nios_accelerometer1_bsp/\libhal_bsp.a(alt_errno.o)
 .text          0x000000000001070c       0x74 ../nios_accelerometer1_bsp/\libhal_bsp.a(alt_find_dev.o)
                0x000000000001070c                alt_find_dev
 .text          0x0000000000010780        0x4 ../nios_accelerometer1_bsp/\libhal_bsp.a(alt_icache_flush_all.o)
                0x0000000000010780                alt_icache_flush_all
 .text          0x0000000000010784        0x0 ../nios_accelerometer1_bsp/\libhal_bsp.a(alt_irq_entry.o)
 .text          0x0000000000010784        0x0 ../nios_accelerometer1_bsp/\libhal_bsp.a(alt_irq_handler.o)
 .text          0x0000000000010784        0x8 ../nios_accelerometer1_bsp/\libhal_bsp.a(altera_nios2_gen2_irq.o)
                0x0000000000010784                altera_nios2_gen2_irq_init
 .text          0x000000000001078c        0x0 ../nios_accelerometer1_bsp/\libhal_bsp.a(alt_exception_entry.o)
 .text          0x000000000001078c       0x74 ../nios_accelerometer1_bsp/\libhal_bsp.a(alt_instruction_exception_entry.o)
                0x000000000001078c                alt_exception_cause_generated_bad_addr
 .text          0x0000000000010800        0x0 c:/intelfpga_lite/18.1/nios2eds/bin/gnu/h-x86_64-mingw32/bin/../lib/gcc/nios2-elf/5.3.0/../../../../../H-x86_64-mingw32/nios2-elf/lib/mno-hw-mul\libsmallc.a(lib_a-int_errno.o)
 .text          0x0000000000010800        0x0 c:/intelfpga_lite/18.1/nios2eds/bin/gnu/h-x86_64-mingw32/bin/../lib/gcc/nios2-elf/5.3.0/../../../../../H-x86_64-mingw32/nios2-elf/lib/mno-hw-mul\libsmallc.a(lib_a-memcmp.o)
 .text.memcmp   0x0000000000010800       0x30 c:/intelfpga_lite/18.1/nios2eds/bin/gnu/h-x86_64-mingw32/bin/../lib/gcc/nios2-elf/5.3.0/../../../../../H-x86_64-mingw32/nios2-elf/lib/mno-hw-mul\libsmallc.a(lib_a-memcmp.o)
                0x0000000000010800                memcmp
 .text          0x0000000000010830        0x0 c:/intelfpga_lite/18.1/nios2eds/bin/gnu/h-x86_64-mingw32/bin/../lib/gcc/nios2-elf/5.3.0/../../../../../H-x86_64-mingw32/nios2-elf/lib/mno-hw-mul\libsmallc.a(lib_a-strlen.o)
 .text.strlen   0x0000000000010830       0x1c c:/intelfpga_lite/18.1/nios2eds/bin/gnu/h-x86_64-mingw32/bin/../lib/gcc/nios2-elf/5.3.0/../../../../../H-x86_64-mingw32/nios2-elf/lib/mno-hw-mul\libsmallc.a(lib_a-strlen.o)
                0x0000000000010830                strlen
 *(.gnu.warning.*)
 *(.fini)
                [!provide]                        PROVIDE (__etext, ABSOLUTE (.))
                [!provide]                        PROVIDE (_etext, ABSOLUTE (.))
                [!provide]                        PROVIDE (etext, ABSOLUTE (.))
 *(.eh_frame_hdr)
                0x000000000001084c                . = ALIGN (0x4)
                [!provide]                        PROVIDE (__preinit_array_start, ABSOLUTE (.))
 *(.preinit_array)
                [!provide]                        PROVIDE (__preinit_array_end, ABSOLUTE (.))
                [!provide]                        PROVIDE (__init_array_start, ABSOLUTE (.))
 *(.init_array)
                [!provide]                        PROVIDE (__init_array_end, ABSOLUTE (.))
                [!provide]                        PROVIDE (__fini_array_start, ABSOLUTE (.))
 *(.fini_array)
                [!provide]                        PROVIDE (__fini_array_end, ABSOLUTE (.))
 *(.eh_frame)
 *(.gcc_except_table .gcc_except_table.*)
 *(.dynamic)
                [!provide]                        PROVIDE (__CTOR_LIST__, ABSOLUTE (.))
 *(.ctors)
 *(SORT(.ctors.*))
                [!provide]                        PROVIDE (__CTOR_END__, ABSOLUTE (.))
                [!provide]                        PROVIDE (__DTOR_LIST__, ABSOLUTE (.))
 *(.dtors)
 *(SORT(.dtors.*))
                [!provide]                        PROVIDE (__DTOR_END__, ABSOLUTE (.))
 *(.jcr)
                0x000000000001084c                . = ALIGN (0x4)

.rodata         0x000000000001084c       0x24
                0x000000000001084c                PROVIDE (__ram_rodata_start, ABSOLUTE (.))
                0x000000000001084c                . = ALIGN (0x4)
 *(.rodata .rodata.* .gnu.linkonce.r.*)
 .rodata.str1.4
                0x000000000001084c       0x17 obj/default/hello_world_small.o
 .rodata.str1.4
                0x0000000000010863       0x17 ../nios_accelerometer1_bsp/\libhal_bsp.a(alt_sys_init.o)
 *fill*         0x0000000000010863        0x1 
 .rodata.str1.4
                0x0000000000010864        0xc ../nios_accelerometer1_bsp/\libhal_bsp.a(alt_dev.o)
                                          0xa (size before relaxing)
 *(.rodata1)
                0x0000000000010870                . = ALIGN (0x4)
                0x0000000000010870                PROVIDE (__ram_rodata_end, ABSOLUTE (.))
                0x000000000001084c                PROVIDE (__flash_rodata_start, LOADADDR (.rodata))

.rwdata         0x0000000000010870       0xa4 load address 0x0000000000010914
                0x0000000000010870                PROVIDE (__ram_rwdata_start, ABSOLUTE (.))
                0x0000000000010870                . = ALIGN (0x4)
 *(.got.plt)
 *(.got)
 *(.data1)
 *(.data .data.* .gnu.linkonce.d.*)
 .data          0x0000000000010870        0x0 ../nios_accelerometer1_bsp//obj/HAL/src/crt0.o
 .data          0x0000000000010870        0x0 obj/default/hello_world_small.o
 .data          0x0000000000010870        0x0 ../nios_accelerometer1_bsp/\libhal_bsp.a(alt_irq_register.o)
 .data          0x0000000000010870        0x0 ../nios_accelerometer1_bsp/\libhal_bsp.a(alt_irq_vars.o)
 .data          0x0000000000010870        0x0 ../nios_accelerometer1_bsp/\libhal_bsp.a(alt_load.o)
 .data          0x0000000000010870        0x0 ../nios_accelerometer1_bsp/\libhal_bsp.a(alt_main.o)
 .data          0x0000000000010870       0x2c ../nios_accelerometer1_bsp/\libhal_bsp.a(alt_sys_init.o)
 .data          0x000000000001089c        0x0 ../nios_accelerometer1_bsp/\libhal_bsp.a(altera_up_avalon_accelerometer_spi.o)
 .data          0x000000000001089c        0x0 ../nios_accelerometer1_bsp/\libhal_bsp.a(alt_dcache_flush_all.o)
 .data          0x000000000001089c       0x58 ../nios_accelerometer1_bsp/\libhal_bsp.a(alt_dev.o)
                0x000000000001089c                alt_fd_list
                0x00000000000108cc                alt_dev_null
 .data          0x00000000000108f4        0x0 ../nios_accelerometer1_bsp/\libhal_bsp.a(alt_dev_llist_insert.o)
 .data          0x00000000000108f4        0x0 ../nios_accelerometer1_bsp/\libhal_bsp.a(alt_errno.o)
 .data          0x00000000000108f4        0x0 ../nios_accelerometer1_bsp/\libhal_bsp.a(alt_find_dev.o)
 .data          0x00000000000108f4        0x0 ../nios_accelerometer1_bsp/\libhal_bsp.a(alt_icache_flush_all.o)
 .data          0x00000000000108f4        0x0 ../nios_accelerometer1_bsp/\libhal_bsp.a(alt_irq_entry.o)
 .data          0x00000000000108f4        0x0 ../nios_accelerometer1_bsp/\libhal_bsp.a(alt_irq_handler.o)
 .data          0x00000000000108f4        0x0 ../nios_accelerometer1_bsp/\libhal_bsp.a(altera_nios2_gen2_irq.o)
 .data          0x00000000000108f4        0x0 ../nios_accelerometer1_bsp/\libhal_bsp.a(alt_exception_entry.o)
 .data          0x00000000000108f4        0x0 ../nios_accelerometer1_bsp/\libhal_bsp.a(alt_instruction_exception_entry.o)
 .data          0x00000000000108f4        0x0 c:/intelfpga_lite/18.1/nios2eds/bin/gnu/h-x86_64-mingw32/bin/../lib/gcc/nios2-elf/5.3.0/../../../../../H-x86_64-mingw32/nios2-elf/lib/mno-hw-mul\libsmallc.a(lib_a-int_errno.o)
 .data          0x00000000000108f4        0x0 c:/intelfpga_lite/18.1/nios2eds/bin/gnu/h-x86_64-mingw32/bin/../lib/gcc/nios2-elf/5.3.0/../../../../../H-x86_64-mingw32/nios2-elf/lib/mno-hw-mul\libsmallc.a(lib_a-memcmp.o)
 .data          0x00000000000108f4        0x0 c:/intelfpga_lite/18.1/nios2eds/bin/gnu/h-x86_64-mingw32/bin/../lib/gcc/nios2-elf/5.3.0/../../../../../H-x86_64-mingw32/nios2-elf/lib/mno-hw-mul\libsmallc.a(lib_a-strlen.o)
                0x00000000000188f4                _gp = ABSOLUTE ((. + 0x8000))
                [!provide]                        PROVIDE (gp, _gp)
 *(.rwdata .rwdata.*)
 *(.sdata .sdata.* .gnu.linkonce.s.*)
 .sdata         0x00000000000108f4        0x4 ../nios_accelerometer1_bsp/\libhal_bsp.a(alt_irq_vars.o)
                0x00000000000108f4                alt_priority_mask
 .sdata         0x00000000000108f8        0x4 ../nios_accelerometer1_bsp/\libhal_bsp.a(alt_sys_init.o)
                0x00000000000108f8                jtag_uart
 .sdata         0x00000000000108fc       0x14 ../nios_accelerometer1_bsp/\libhal_bsp.a(alt_dev.o)
                0x00000000000108fc                alt_max_fd
                0x0000000000010900                alt_dev_list
                0x0000000000010908                alt_fs_list
 .sdata         0x0000000000010910        0x4 ../nios_accelerometer1_bsp/\libhal_bsp.a(alt_errno.o)
                0x0000000000010910                alt_errno
 *(.sdata2 .sdata2.* .gnu.linkonce.s2.*)
                0x0000000000010914                . = ALIGN (0x4)
                0x0000000000010914                _edata = ABSOLUTE (.)
                [!provide]                        PROVIDE (edata, ABSOLUTE (.))
                0x0000000000010914                PROVIDE (__ram_rwdata_end, ABSOLUTE (.))
                0x0000000000010914                PROVIDE (__flash_rwdata_start, LOADADDR (.rwdata))

.bss            0x00000000000109b8      0x124
                0x00000000000109b8                __bss_start = ABSOLUTE (.)
                [!provide]                        PROVIDE (__sbss_start, ABSOLUTE (.))
                [!provide]                        PROVIDE (___sbss_start, ABSOLUTE (.))
 *(.dynsbss)
 *(.sbss .sbss.* .gnu.linkonce.sb.*)
 .sbss          0x00000000000109b8        0x1 obj/default/hello_world_small.o
                0x00000000000109b8                pwm
 *fill*         0x00000000000109b9        0x3 
 .sbss          0x00000000000109bc        0x8 obj/default/hello_world_small.o
                0x00000000000109bc                led
                0x00000000000109c0                level
 .sbss          0x00000000000109c4        0x4 ../nios_accelerometer1_bsp/\libhal_bsp.a(alt_irq_vars.o)
                0x00000000000109c4                alt_irq_active
 .sbss          0x00000000000109c8        0xc ../nios_accelerometer1_bsp/\libhal_bsp.a(alt_main.o)
                0x00000000000109c8                alt_envp
                0x00000000000109cc                alt_argv
                0x00000000000109d0                alt_argc
 .sbss          0x00000000000109d4        0x4 ../nios_accelerometer1_bsp/\libhal_bsp.a(alt_instruction_exception_entry.o)
                0x00000000000109d4                alt_instruction_exception_handler
 .sbss          0x00000000000109d8        0x4 c:/intelfpga_lite/18.1/nios2eds/bin/gnu/h-x86_64-mingw32/bin/../lib/gcc/nios2-elf/5.3.0/../../../../../H-x86_64-mingw32/nios2-elf/lib/mno-hw-mul\libsmallc.a(lib_a-int_errno.o)
                0x00000000000109d8                errno
 *(.sbss2 .sbss2.* .gnu.linkonce.sb2.*)
 *(.scommon)
                [!provide]                        PROVIDE (__sbss_end, ABSOLUTE (.))
                [!provide]                        PROVIDE (___sbss_end, ABSOLUTE (.))
 *(.dynbss)
 *(.bss .bss.* .gnu.linkonce.b.*)
 .bss           0x00000000000109dc        0x0 ../nios_accelerometer1_bsp//obj/HAL/src/crt0.o
 .bss           0x00000000000109dc        0x0 obj/default/hello_world_small.o
 .bss           0x00000000000109dc        0x0 ../nios_accelerometer1_bsp/\libhal_bsp.a(alt_irq_register.o)
 .bss           0x00000000000109dc        0x0 ../nios_accelerometer1_bsp/\libhal_bsp.a(alt_irq_vars.o)
 .bss           0x00000000000109dc        0x0 ../nios_accelerometer1_bsp/\libhal_bsp.a(alt_load.o)
 .bss           0x00000000000109dc        0x0 ../nios_accelerometer1_bsp/\libhal_bsp.a(alt_main.o)
 .bss           0x00000000000109dc        0x0 ../nios_accelerometer1_bsp/\libhal_bsp.a(alt_sys_init.o)
 .bss           0x00000000000109dc        0x0 ../nios_accelerometer1_bsp/\libhal_bsp.a(altera_up_avalon_accelerometer_spi.o)
 .bss           0x00000000000109dc        0x0 ../nios_accelerometer1_bsp/\libhal_bsp.a(alt_dcache_flush_all.o)
 .bss           0x00000000000109dc        0x0 ../nios_accelerometer1_bsp/\libhal_bsp.a(alt_dev.o)
 .bss           0x00000000000109dc        0x0 ../nios_accelerometer1_bsp/\libhal_bsp.a(alt_dev_llist_insert.o)
 .bss           0x00000000000109dc        0x0 ../nios_accelerometer1_bsp/\libhal_bsp.a(alt_errno.o)
 .bss           0x00000000000109dc        0x0 ../nios_accelerometer1_bsp/\libhal_bsp.a(alt_find_dev.o)
 .bss           0x00000000000109dc        0x0 ../nios_accelerometer1_bsp/\libhal_bsp.a(alt_icache_flush_all.o)
 .bss           0x00000000000109dc        0x0 ../nios_accelerometer1_bsp/\libhal_bsp.a(alt_irq_entry.o)
 .bss           0x00000000000109dc        0x0 ../nios_accelerometer1_bsp/\libhal_bsp.a(alt_irq_handler.o)
 .bss           0x00000000000109dc        0x0 ../nios_accelerometer1_bsp/\libhal_bsp.a(altera_nios2_gen2_irq.o)
 .bss           0x00000000000109dc        0x0 ../nios_accelerometer1_bsp/\libhal_bsp.a(alt_exception_entry.o)
 .bss           0x00000000000109dc        0x0 ../nios_accelerometer1_bsp/\libhal_bsp.a(alt_instruction_exception_entry.o)
 .bss           0x00000000000109dc        0x0 c:/intelfpga_lite/18.1/nios2eds/bin/gnu/h-x86_64-mingw32/bin/../lib/gcc/nios2-elf/5.3.0/../../../../../H-x86_64-mingw32/nios2-elf/lib/mno-hw-mul\libsmallc.a(lib_a-int_errno.o)
 .bss           0x00000000000109dc        0x0 c:/intelfpga_lite/18.1/nios2eds/bin/gnu/h-x86_64-mingw32/bin/../lib/gcc/nios2-elf/5.3.0/../../../../../H-x86_64-mingw32/nios2-elf/lib/mno-hw-mul\libsmallc.a(lib_a-memcmp.o)
 .bss           0x00000000000109dc        0x0 c:/intelfpga_lite/18.1/nios2eds/bin/gnu/h-x86_64-mingw32/bin/../lib/gcc/nios2-elf/5.3.0/../../../../../H-x86_64-mingw32/nios2-elf/lib/mno-hw-mul\libsmallc.a(lib_a-strlen.o)
 *(COMMON)
 COMMON         0x00000000000109dc      0x100 ../nios_accelerometer1_bsp/\libhal_bsp.a(alt_irq_handler.o)
                0x00000000000109dc                alt_irq
                0x0000000000010adc                . = ALIGN (0x4)
                0x0000000000010adc                __bss_end = ABSOLUTE (.)

.onchip_memory  0x0000000000010adc        0x0
                [!provide]                        PROVIDE (_alt_partition_onchip_memory_start, ABSOLUTE (.))
 *(.onchip_memory .onchip_memory. onchip_memory.*)
                0x0000000000010adc                . = ALIGN (0x4)
                [!provide]                        PROVIDE (_alt_partition_onchip_memory_end, ABSOLUTE (.))
                0x0000000000010adc                _end = ABSOLUTE (.)
                0x0000000000010adc                end = ABSOLUTE (.)
                0x0000000000010adc                __alt_stack_base = ABSOLUTE (.)
                [!provide]                        PROVIDE (_alt_partition_onchip_memory_load_addr, LOADADDR (.onchip_memory))

.stab
 *(.stab)

.stabstr
 *(.stabstr)

.stab.excl
 *(.stab.excl)

.stab.exclstr
 *(.stab.exclstr)

.stab.index
 *(.stab.index)

.stab.indexstr
 *(.stab.indexstr)

.comment        0x0000000000000000       0x23
 *(.comment)
 .comment       0x0000000000000000       0x23 obj/default/hello_world_small.o
                                         0x24 (size before relaxing)
 .comment       0x0000000000000023       0x24 ../nios_accelerometer1_bsp/\libhal_bsp.a(alt_irq_register.o)
 .comment       0x0000000000000023       0x24 ../nios_accelerometer1_bsp/\libhal_bsp.a(alt_irq_vars.o)
 .comment       0x0000000000000023       0x24 ../nios_accelerometer1_bsp/\libhal_bsp.a(alt_load.o)
 .comment       0x0000000000000023       0x24 ../nios_accelerometer1_bsp/\libhal_bsp.a(alt_main.o)
 .comment       0x0000000000000023       0x24 ../nios_accelerometer1_bsp/\libhal_bsp.a(alt_sys_init.o)
 .comment       0x0000000000000023       0x24 ../nios_accelerometer1_bsp/\libhal_bsp.a(altera_up_avalon_accelerometer_spi.o)
 .comment       0x0000000000000023       0x24 ../nios_accelerometer1_bsp/\libhal_bsp.a(alt_dcache_flush_all.o)
 .comment       0x0000000000000023       0x24 ../nios_accelerometer1_bsp/\libhal_bsp.a(alt_dev.o)
 .comment       0x0000000000000023       0x24 ../nios_accelerometer1_bsp/\libhal_bsp.a(alt_dev_llist_insert.o)
 .comment       0x0000000000000023       0x24 ../nios_accelerometer1_bsp/\libhal_bsp.a(alt_errno.o)
 .comment       0x0000000000000023       0x24 ../nios_accelerometer1_bsp/\libhal_bsp.a(alt_find_dev.o)
 .comment       0x0000000000000023       0x24 ../nios_accelerometer1_bsp/\libhal_bsp.a(alt_icache_flush_all.o)
 .comment       0x0000000000000023       0x24 ../nios_accelerometer1_bsp/\libhal_bsp.a(alt_irq_handler.o)
 .comment       0x0000000000000023       0x24 ../nios_accelerometer1_bsp/\libhal_bsp.a(altera_nios2_gen2_irq.o)
 .comment       0x0000000000000023       0x24 ../nios_accelerometer1_bsp/\libhal_bsp.a(alt_instruction_exception_entry.o)
 .comment       0x0000000000000023       0x24 c:/intelfpga_lite/18.1/nios2eds/bin/gnu/h-x86_64-mingw32/bin/../lib/gcc/nios2-elf/5.3.0/../../../../../H-x86_64-mingw32/nios2-elf/lib/mno-hw-mul\libsmallc.a(lib_a-int_errno.o)
 .comment       0x0000000000000023       0x24 c:/intelfpga_lite/18.1/nios2eds/bin/gnu/h-x86_64-mingw32/bin/../lib/gcc/nios2-elf/5.3.0/../../../../../H-x86_64-mingw32/nios2-elf/lib/mno-hw-mul\libsmallc.a(lib_a-memcmp.o)
 .comment       0x0000000000000023       0x24 c:/intelfpga_lite/18.1/nios2eds/bin/gnu/h-x86_64-mingw32/bin/../lib/gcc/nios2-elf/5.3.0/../../../../../H-x86_64-mingw32/nios2-elf/lib/mno-hw-mul\libsmallc.a(lib_a-strlen.o)

.debug
 *(.debug)

.line
 *(.line)

.debug_srcinfo
 *(.debug_srcinfo)

.debug_sfnames
 *(.debug_sfnames)

.debug_aranges  0x0000000000000000      0x2e8
 *(.debug_aranges)
 .debug_aranges
                0x0000000000000000       0x28 ../nios_accelerometer1_bsp//obj/HAL/src/crt0.o
 .debug_aranges
                0x0000000000000028       0x28 obj/default/hello_world_small.o
 .debug_aranges
                0x0000000000000050       0x20 ../nios_accelerometer1_bsp/\libhal_bsp.a(alt_irq_register.o)
 .debug_aranges
                0x0000000000000070       0x18 ../nios_accelerometer1_bsp/\libhal_bsp.a(alt_irq_vars.o)
 .debug_aranges
                0x0000000000000088       0x20 ../nios_accelerometer1_bsp/\libhal_bsp.a(alt_load.o)
 .debug_aranges
                0x00000000000000a8       0x20 ../nios_accelerometer1_bsp/\libhal_bsp.a(alt_main.o)
 .debug_aranges
                0x00000000000000c8       0x20 ../nios_accelerometer1_bsp/\libhal_bsp.a(alt_sys_init.o)
 .debug_aranges
                0x00000000000000e8       0x20 ../nios_accelerometer1_bsp/\libhal_bsp.a(altera_up_avalon_accelerometer_spi.o)
 .debug_aranges
                0x0000000000000108       0x20 ../nios_accelerometer1_bsp/\libhal_bsp.a(alt_dcache_flush_all.o)
 .debug_aranges
                0x0000000000000128       0x20 ../nios_accelerometer1_bsp/\libhal_bsp.a(alt_dev.o)
 .debug_aranges
                0x0000000000000148       0x20 ../nios_accelerometer1_bsp/\libhal_bsp.a(alt_dev_llist_insert.o)
 .debug_aranges
                0x0000000000000168       0x18 ../nios_accelerometer1_bsp/\libhal_bsp.a(alt_errno.o)
 .debug_aranges
                0x0000000000000180       0x20 ../nios_accelerometer1_bsp/\libhal_bsp.a(alt_find_dev.o)
 .debug_aranges
                0x00000000000001a0       0x20 ../nios_accelerometer1_bsp/\libhal_bsp.a(alt_icache_flush_all.o)
 .debug_aranges
                0x00000000000001c0       0x30 ../nios_accelerometer1_bsp/\libhal_bsp.a(alt_irq_entry.o)
 .debug_aranges
                0x00000000000001f0       0x20 ../nios_accelerometer1_bsp/\libhal_bsp.a(alt_irq_handler.o)
 .debug_aranges
                0x0000000000000210       0x20 ../nios_accelerometer1_bsp/\libhal_bsp.a(altera_nios2_gen2_irq.o)
 .debug_aranges
                0x0000000000000230       0x38 ../nios_accelerometer1_bsp/\libhal_bsp.a(alt_exception_entry.o)
 .debug_aranges
                0x0000000000000268       0x28 ../nios_accelerometer1_bsp/\libhal_bsp.a(alt_instruction_exception_entry.o)
 .debug_aranges
                0x0000000000000290       0x18 c:/intelfpga_lite/18.1/nios2eds/bin/gnu/h-x86_64-mingw32/bin/../lib/gcc/nios2-elf/5.3.0/../../../../../H-x86_64-mingw32/nios2-elf/lib/mno-hw-mul\libsmallc.a(lib_a-int_errno.o)
 .debug_aranges
                0x00000000000002a8       0x20 c:/intelfpga_lite/18.1/nios2eds/bin/gnu/h-x86_64-mingw32/bin/../lib/gcc/nios2-elf/5.3.0/../../../../../H-x86_64-mingw32/nios2-elf/lib/mno-hw-mul\libsmallc.a(lib_a-memcmp.o)
 .debug_aranges
                0x00000000000002c8       0x20 c:/intelfpga_lite/18.1/nios2eds/bin/gnu/h-x86_64-mingw32/bin/../lib/gcc/nios2-elf/5.3.0/../../../../../H-x86_64-mingw32/nios2-elf/lib/mno-hw-mul\libsmallc.a(lib_a-strlen.o)

.debug_pubnames
 *(.debug_pubnames)

.debug_info     0x0000000000000000     0x28b8
 *(.debug_info .gnu.linkonce.wi.*)
 .debug_info    0x0000000000000000       0x91 ../nios_accelerometer1_bsp//obj/HAL/src/crt0.o
 .debug_info    0x0000000000000091      0x54b obj/default/hello_world_small.o
 .debug_info    0x00000000000005dc      0x30d ../nios_accelerometer1_bsp/\libhal_bsp.a(alt_irq_register.o)
 .debug_info    0x00000000000008e9       0x88 ../nios_accelerometer1_bsp/\libhal_bsp.a(alt_irq_vars.o)
 .debug_info    0x0000000000000971      0x1c9 ../nios_accelerometer1_bsp/\libhal_bsp.a(alt_load.o)
 .debug_info    0x0000000000000b3a      0x18f ../nios_accelerometer1_bsp/\libhal_bsp.a(alt_main.o)
 .debug_info    0x0000000000000cc9      0x459 ../nios_accelerometer1_bsp/\libhal_bsp.a(alt_sys_init.o)
 .debug_info    0x0000000000001122      0x479 ../nios_accelerometer1_bsp/\libhal_bsp.a(altera_up_avalon_accelerometer_spi.o)
 .debug_info    0x000000000000159b       0x92 ../nios_accelerometer1_bsp/\libhal_bsp.a(alt_dcache_flush_all.o)
 .debug_info    0x000000000000162d      0x499 ../nios_accelerometer1_bsp/\libhal_bsp.a(alt_dev.o)
 .debug_info    0x0000000000001ac6      0x1b3 ../nios_accelerometer1_bsp/\libhal_bsp.a(alt_dev_llist_insert.o)
 .debug_info    0x0000000000001c79       0xa6 ../nios_accelerometer1_bsp/\libhal_bsp.a(alt_errno.o)
 .debug_info    0x0000000000001d1f      0x32d ../nios_accelerometer1_bsp/\libhal_bsp.a(alt_find_dev.o)
 .debug_info    0x000000000000204c       0x92 ../nios_accelerometer1_bsp/\libhal_bsp.a(alt_icache_flush_all.o)
 .debug_info    0x00000000000020de       0x9a ../nios_accelerometer1_bsp/\libhal_bsp.a(alt_irq_entry.o)
 .debug_info    0x0000000000002178      0x1a4 ../nios_accelerometer1_bsp/\libhal_bsp.a(alt_irq_handler.o)
 .debug_info    0x000000000000231c       0xb8 ../nios_accelerometer1_bsp/\libhal_bsp.a(altera_nios2_gen2_irq.o)
 .debug_info    0x00000000000023d4       0xa0 ../nios_accelerometer1_bsp/\libhal_bsp.a(alt_exception_entry.o)
 .debug_info    0x0000000000002474      0x1fd ../nios_accelerometer1_bsp/\libhal_bsp.a(alt_instruction_exception_entry.o)
 .debug_info    0x0000000000002671       0x8a c:/intelfpga_lite/18.1/nios2eds/bin/gnu/h-x86_64-mingw32/bin/../lib/gcc/nios2-elf/5.3.0/../../../../../H-x86_64-mingw32/nios2-elf/lib/mno-hw-mul\libsmallc.a(lib_a-int_errno.o)
 .debug_info    0x00000000000026fb       0xf4 c:/intelfpga_lite/18.1/nios2eds/bin/gnu/h-x86_64-mingw32/bin/../lib/gcc/nios2-elf/5.3.0/../../../../../H-x86_64-mingw32/nios2-elf/lib/mno-hw-mul\libsmallc.a(lib_a-memcmp.o)
 .debug_info    0x00000000000027ef       0xc9 c:/intelfpga_lite/18.1/nios2eds/bin/gnu/h-x86_64-mingw32/bin/../lib/gcc/nios2-elf/5.3.0/../../../../../H-x86_64-mingw32/nios2-elf/lib/mno-hw-mul\libsmallc.a(lib_a-strlen.o)

.debug_abbrev   0x0000000000000000     0x109a
 *(.debug_abbrev)
 .debug_abbrev  0x0000000000000000       0x12 ../nios_accelerometer1_bsp//obj/HAL/src/crt0.o
 .debug_abbrev  0x0000000000000012      0x241 obj/default/hello_world_small.o
 .debug_abbrev  0x0000000000000253      0x1a5 ../nios_accelerometer1_bsp/\libhal_bsp.a(alt_irq_register.o)
 .debug_abbrev  0x00000000000003f8       0x40 ../nios_accelerometer1_bsp/\libhal_bsp.a(alt_irq_vars.o)
 .debug_abbrev  0x0000000000000438       0xd8 ../nios_accelerometer1_bsp/\libhal_bsp.a(alt_load.o)
 .debug_abbrev  0x0000000000000510       0xf5 ../nios_accelerometer1_bsp/\libhal_bsp.a(alt_main.o)
 .debug_abbrev  0x0000000000000605      0x1a5 ../nios_accelerometer1_bsp/\libhal_bsp.a(alt_sys_init.o)
 .debug_abbrev  0x00000000000007aa      0x119 ../nios_accelerometer1_bsp/\libhal_bsp.a(altera_up_avalon_accelerometer_spi.o)
 .debug_abbrev  0x00000000000008c3       0x42 ../nios_accelerometer1_bsp/\libhal_bsp.a(alt_dcache_flush_all.o)
 .debug_abbrev  0x0000000000000905       0xd9 ../nios_accelerometer1_bsp/\libhal_bsp.a(alt_dev.o)
 .debug_abbrev  0x00000000000009de      0x11c ../nios_accelerometer1_bsp/\libhal_bsp.a(alt_dev_llist_insert.o)
 .debug_abbrev  0x0000000000000afa       0x5a ../nios_accelerometer1_bsp/\libhal_bsp.a(alt_errno.o)
 .debug_abbrev  0x0000000000000b54      0x125 ../nios_accelerometer1_bsp/\libhal_bsp.a(alt_find_dev.o)
 .debug_abbrev  0x0000000000000c79       0x42 ../nios_accelerometer1_bsp/\libhal_bsp.a(alt_icache_flush_all.o)
 .debug_abbrev  0x0000000000000cbb       0x12 ../nios_accelerometer1_bsp/\libhal_bsp.a(alt_irq_entry.o)
 .debug_abbrev  0x0000000000000ccd      0x138 ../nios_accelerometer1_bsp/\libhal_bsp.a(alt_irq_handler.o)
 .debug_abbrev  0x0000000000000e05       0x67 ../nios_accelerometer1_bsp/\libhal_bsp.a(altera_nios2_gen2_irq.o)
 .debug_abbrev  0x0000000000000e6c       0x12 ../nios_accelerometer1_bsp/\libhal_bsp.a(alt_exception_entry.o)
 .debug_abbrev  0x0000000000000e7e       0xe7 ../nios_accelerometer1_bsp/\libhal_bsp.a(alt_instruction_exception_entry.o)
 .debug_abbrev  0x0000000000000f65       0x37 c:/intelfpga_lite/18.1/nios2eds/bin/gnu/h-x86_64-mingw32/bin/../lib/gcc/nios2-elf/5.3.0/../../../../../H-x86_64-mingw32/nios2-elf/lib/mno-hw-mul\libsmallc.a(lib_a-int_errno.o)
 .debug_abbrev  0x0000000000000f9c       0x7f c:/intelfpga_lite/18.1/nios2eds/bin/gnu/h-x86_64-mingw32/bin/../lib/gcc/nios2-elf/5.3.0/../../../../../H-x86_64-mingw32/nios2-elf/lib/mno-hw-mul\libsmallc.a(lib_a-memcmp.o)
 .debug_abbrev  0x000000000000101b       0x7f c:/intelfpga_lite/18.1/nios2eds/bin/gnu/h-x86_64-mingw32/bin/../lib/gcc/nios2-elf/5.3.0/../../../../../H-x86_64-mingw32/nios2-elf/lib/mno-hw-mul\libsmallc.a(lib_a-strlen.o)

.debug_line     0x0000000000000000     0x1180
 *(.debug_line)
 .debug_line    0x0000000000000000       0x66 ../nios_accelerometer1_bsp//obj/HAL/src/crt0.o
 .debug_line    0x0000000000000066      0x198 obj/default/hello_world_small.o
 .debug_line    0x00000000000001fe       0xed ../nios_accelerometer1_bsp/\libhal_bsp.a(alt_irq_register.o)
 .debug_line    0x00000000000002eb       0x50 ../nios_accelerometer1_bsp/\libhal_bsp.a(alt_irq_vars.o)
 .debug_line    0x000000000000033b       0xa4 ../nios_accelerometer1_bsp/\libhal_bsp.a(alt_load.o)
 .debug_line    0x00000000000003df       0xea ../nios_accelerometer1_bsp/\libhal_bsp.a(alt_main.o)
 .debug_line    0x00000000000004c9      0x178 ../nios_accelerometer1_bsp/\libhal_bsp.a(alt_sys_init.o)
 .debug_line    0x0000000000000641      0x131 ../nios_accelerometer1_bsp/\libhal_bsp.a(altera_up_avalon_accelerometer_spi.o)
 .debug_line    0x0000000000000772       0x4e ../nios_accelerometer1_bsp/\libhal_bsp.a(alt_dcache_flush_all.o)
 .debug_line    0x00000000000007c0       0xf6 ../nios_accelerometer1_bsp/\libhal_bsp.a(alt_dev.o)
 .debug_line    0x00000000000008b6       0xd8 ../nios_accelerometer1_bsp/\libhal_bsp.a(alt_dev_llist_insert.o)
 .debug_line    0x000000000000098e       0x51 ../nios_accelerometer1_bsp/\libhal_bsp.a(alt_errno.o)
 .debug_line    0x00000000000009df      0x107 ../nios_accelerometer1_bsp/\libhal_bsp.a(alt_find_dev.o)
 .debug_line    0x0000000000000ae6       0x4e ../nios_accelerometer1_bsp/\libhal_bsp.a(alt_icache_flush_all.o)
 .debug_line    0x0000000000000b34       0x6b ../nios_accelerometer1_bsp/\libhal_bsp.a(alt_irq_entry.o)
 .debug_line    0x0000000000000b9f       0xc8 ../nios_accelerometer1_bsp/\libhal_bsp.a(alt_irq_handler.o)
 .debug_line    0x0000000000000c67       0x8c ../nios_accelerometer1_bsp/\libhal_bsp.a(altera_nios2_gen2_irq.o)
 .debug_line    0x0000000000000cf3       0xb3 ../nios_accelerometer1_bsp/\libhal_bsp.a(alt_exception_entry.o)
 .debug_line    0x0000000000000da6       0xbf ../nios_accelerometer1_bsp/\libhal_bsp.a(alt_instruction_exception_entry.o)
 .debug_line    0x0000000000000e65       0x5f c:/intelfpga_lite/18.1/nios2eds/bin/gnu/h-x86_64-mingw32/bin/../lib/gcc/nios2-elf/5.3.0/../../../../../H-x86_64-mingw32/nios2-elf/lib/mno-hw-mul\libsmallc.a(lib_a-int_errno.o)
 .debug_line    0x0000000000000ec4      0x160 c:/intelfpga_lite/18.1/nios2eds/bin/gnu/h-x86_64-mingw32/bin/../lib/gcc/nios2-elf/5.3.0/../../../../../H-x86_64-mingw32/nios2-elf/lib/mno-hw-mul\libsmallc.a(lib_a-memcmp.o)
 .debug_line    0x0000000000001024      0x15c c:/intelfpga_lite/18.1/nios2eds/bin/gnu/h-x86_64-mingw32/bin/../lib/gcc/nios2-elf/5.3.0/../../../../../H-x86_64-mingw32/nios2-elf/lib/mno-hw-mul\libsmallc.a(lib_a-strlen.o)

.debug_frame    0x0000000000000000      0x348
 *(.debug_frame)
 .debug_frame   0x0000000000000000       0x84 obj/default/hello_world_small.o
 .debug_frame   0x0000000000000084       0x20 ../nios_accelerometer1_bsp/\libhal_bsp.a(alt_irq_register.o)
 .debug_frame   0x00000000000000a4       0x30 ../nios_accelerometer1_bsp/\libhal_bsp.a(alt_load.o)
 .debug_frame   0x00000000000000d4       0x2c ../nios_accelerometer1_bsp/\libhal_bsp.a(alt_main.o)
 .debug_frame   0x0000000000000100       0x3c ../nios_accelerometer1_bsp/\libhal_bsp.a(alt_sys_init.o)
 .debug_frame   0x000000000000013c       0x80 ../nios_accelerometer1_bsp/\libhal_bsp.a(altera_up_avalon_accelerometer_spi.o)
 .debug_frame   0x00000000000001bc       0x20 ../nios_accelerometer1_bsp/\libhal_bsp.a(alt_dcache_flush_all.o)
 .debug_frame   0x00000000000001dc       0x20 ../nios_accelerometer1_bsp/\libhal_bsp.a(alt_dev.o)
 .debug_frame   0x00000000000001fc       0x2c ../nios_accelerometer1_bsp/\libhal_bsp.a(alt_dev_llist_insert.o)
 .debug_frame   0x0000000000000228       0x3c ../nios_accelerometer1_bsp/\libhal_bsp.a(alt_find_dev.o)
 .debug_frame   0x0000000000000264       0x20 ../nios_accelerometer1_bsp/\libhal_bsp.a(alt_icache_flush_all.o)
 .debug_frame   0x0000000000000284       0x34 ../nios_accelerometer1_bsp/\libhal_bsp.a(alt_irq_handler.o)
 .debug_frame   0x00000000000002b8       0x20 ../nios_accelerometer1_bsp/\libhal_bsp.a(altera_nios2_gen2_irq.o)
 .debug_frame   0x00000000000002d8       0x30 ../nios_accelerometer1_bsp/\libhal_bsp.a(alt_instruction_exception_entry.o)
 .debug_frame   0x0000000000000308       0x20 c:/intelfpga_lite/18.1/nios2eds/bin/gnu/h-x86_64-mingw32/bin/../lib/gcc/nios2-elf/5.3.0/../../../../../H-x86_64-mingw32/nios2-elf/lib/mno-hw-mul\libsmallc.a(lib_a-memcmp.o)
 .debug_frame   0x0000000000000328       0x20 c:/intelfpga_lite/18.1/nios2eds/bin/gnu/h-x86_64-mingw32/bin/../lib/gcc/nios2-elf/5.3.0/../../../../../H-x86_64-mingw32/nios2-elf/lib/mno-hw-mul\libsmallc.a(lib_a-strlen.o)

.debug_str      0x0000000000000000     0x1070
 *(.debug_str)
 .debug_str     0x0000000000000000      0x2b4 obj/default/hello_world_small.o
                                        0x30d (size before relaxing)
 .debug_str     0x00000000000002b4       0xfa ../nios_accelerometer1_bsp/\libhal_bsp.a(alt_irq_register.o)
                                        0x22b (size before relaxing)
 .debug_str     0x00000000000003ae       0x17 ../nios_accelerometer1_bsp/\libhal_bsp.a(alt_irq_vars.o)
                                        0x15d (size before relaxing)
 .debug_str     0x00000000000003c5      0x113 ../nios_accelerometer1_bsp/\libhal_bsp.a(alt_load.o)
                                        0x25f (size before relaxing)
 .debug_str     0x00000000000004d8       0x5e ../nios_accelerometer1_bsp/\libhal_bsp.a(alt_main.o)
                                        0x201 (size before relaxing)
 .debug_str     0x0000000000000536      0x124 ../nios_accelerometer1_bsp/\libhal_bsp.a(alt_sys_init.o)
                                        0x36d (size before relaxing)
 .debug_str     0x000000000000065a      0x103 ../nios_accelerometer1_bsp/\libhal_bsp.a(altera_up_avalon_accelerometer_spi.o)
                                        0x371 (size before relaxing)
 .debug_str     0x000000000000075d       0x1f ../nios_accelerometer1_bsp/\libhal_bsp.a(alt_dcache_flush_all.o)
                                        0x178 (size before relaxing)
 .debug_str     0x000000000000077c      0x125 ../nios_accelerometer1_bsp/\libhal_bsp.a(alt_dev.o)
                                        0x328 (size before relaxing)
 .debug_str     0x00000000000008a1       0x48 ../nios_accelerometer1_bsp/\libhal_bsp.a(alt_dev_llist_insert.o)
                                        0x1ef (size before relaxing)
 .debug_str     0x00000000000008e9       0x14 ../nios_accelerometer1_bsp/\libhal_bsp.a(alt_errno.o)
                                        0x168 (size before relaxing)
 .debug_str     0x00000000000008fd       0x25 ../nios_accelerometer1_bsp/\libhal_bsp.a(alt_find_dev.o)
                                        0x21d (size before relaxing)
 .debug_str     0x0000000000000922       0x1f ../nios_accelerometer1_bsp/\libhal_bsp.a(alt_icache_flush_all.o)
                                        0x178 (size before relaxing)
 .debug_str     0x0000000000000941       0x3a ../nios_accelerometer1_bsp/\libhal_bsp.a(alt_irq_handler.o)
                                        0x1db (size before relaxing)
 .debug_str     0x000000000000097b       0x20 ../nios_accelerometer1_bsp/\libhal_bsp.a(altera_nios2_gen2_irq.o)
                                        0x1a8 (size before relaxing)
 .debug_str     0x000000000000099b      0x48b ../nios_accelerometer1_bsp/\libhal_bsp.a(alt_instruction_exception_entry.o)
                                        0x5c3 (size before relaxing)
 .debug_str     0x0000000000000e26      0x134 c:/intelfpga_lite/18.1/nios2eds/bin/gnu/h-x86_64-mingw32/bin/../lib/gcc/nios2-elf/5.3.0/../../../../../H-x86_64-mingw32/nios2-elf/lib/mno-hw-mul\libsmallc.a(lib_a-int_errno.o)
                                        0x1d8 (size before relaxing)
 .debug_str     0x0000000000000f5a       0xd9 c:/intelfpga_lite/18.1/nios2eds/bin/gnu/h-x86_64-mingw32/bin/../lib/gcc/nios2-elf/5.3.0/../../../../../H-x86_64-mingw32/nios2-elf/lib/mno-hw-mul\libsmallc.a(lib_a-memcmp.o)
                                        0x1df (size before relaxing)
 .debug_str     0x0000000000001033       0x3d c:/intelfpga_lite/18.1/nios2eds/bin/gnu/h-x86_64-mingw32/bin/../lib/gcc/nios2-elf/5.3.0/../../../../../H-x86_64-mingw32/nios2-elf/lib/mno-hw-mul\libsmallc.a(lib_a-strlen.o)
                                        0x1e5 (size before relaxing)

.debug_loc      0x0000000000000000      0x4f9
 *(.debug_loc)
 .debug_loc     0x0000000000000000       0xf6 obj/default/hello_world_small.o
 .debug_loc     0x00000000000000f6       0xfa ../nios_accelerometer1_bsp/\libhal_bsp.a(alt_irq_register.o)
 .debug_loc     0x00000000000001f0       0x21 ../nios_accelerometer1_bsp/\libhal_bsp.a(alt_sys_init.o)
 .debug_loc     0x0000000000000211       0x63 ../nios_accelerometer1_bsp/\libhal_bsp.a(altera_up_avalon_accelerometer_spi.o)
 .debug_loc     0x0000000000000274       0x7e ../nios_accelerometer1_bsp/\libhal_bsp.a(alt_dev_llist_insert.o)
 .debug_loc     0x00000000000002f2       0x7e ../nios_accelerometer1_bsp/\libhal_bsp.a(alt_find_dev.o)
 .debug_loc     0x0000000000000370       0x72 ../nios_accelerometer1_bsp/\libhal_bsp.a(alt_irq_handler.o)
 .debug_loc     0x00000000000003e2       0x65 ../nios_accelerometer1_bsp/\libhal_bsp.a(alt_instruction_exception_entry.o)
 .debug_loc     0x0000000000000447       0x94 c:/intelfpga_lite/18.1/nios2eds/bin/gnu/h-x86_64-mingw32/bin/../lib/gcc/nios2-elf/5.3.0/../../../../../H-x86_64-mingw32/nios2-elf/lib/mno-hw-mul\libsmallc.a(lib_a-memcmp.o)
 .debug_loc     0x00000000000004db       0x1e c:/intelfpga_lite/18.1/nios2eds/bin/gnu/h-x86_64-mingw32/bin/../lib/gcc/nios2-elf/5.3.0/../../../../../H-x86_64-mingw32/nios2-elf/lib/mno-hw-mul\libsmallc.a(lib_a-strlen.o)

.debug_macinfo
 *(.debug_macinfo)

.debug_weaknames
 *(.debug_weaknames)

.debug_funcnames
 *(.debug_funcnames)

.debug_typenames
 *(.debug_typenames)

.debug_varnames
 *(.debug_varnames)

.debug_alt_sim_info
                0x0000000000000000       0x10
 *(.debug_alt_sim_info)
 .debug_alt_sim_info
                0x0000000000000000       0x10 ../nios_accelerometer1_bsp//obj/HAL/src/crt0.o
                0x0000000000020000                __alt_data_end = 0x20000
                0x0000000000020000                PROVIDE (__alt_stack_pointer, __alt_data_end)
                [!provide]                        PROVIDE (__alt_stack_limit, __alt_stack_base)
                [!provide]                        PROVIDE (__alt_heap_start, end)
                [!provide]                        PROVIDE (__alt_heap_limit, 0x20000)
OUTPUT(nios_accelerometer1.elf elf32-littlenios2)

.debug_ranges   0x0000000000000000      0x158
 .debug_ranges  0x0000000000000000       0x20 ../nios_accelerometer1_bsp//obj/HAL/src/crt0.o
 .debug_ranges  0x0000000000000020       0x18 obj/default/hello_world_small.o
 .debug_ranges  0x0000000000000038       0x48 ../nios_accelerometer1_bsp/\libhal_bsp.a(alt_load.o)
 .debug_ranges  0x0000000000000080       0x18 ../nios_accelerometer1_bsp/\libhal_bsp.a(alt_sys_init.o)
 .debug_ranges  0x0000000000000098       0x20 ../nios_accelerometer1_bsp/\libhal_bsp.a(alt_dev_llist_insert.o)
 .debug_ranges  0x00000000000000b8       0x28 ../nios_accelerometer1_bsp/\libhal_bsp.a(alt_irq_entry.o)
 .debug_ranges  0x00000000000000e0       0x10 ../nios_accelerometer1_bsp/\libhal_bsp.a(alt_irq_handler.o)
 .debug_ranges  0x00000000000000f0       0x30 ../nios_accelerometer1_bsp/\libhal_bsp.a(alt_exception_entry.o)
 .debug_ranges  0x0000000000000120       0x18 ../nios_accelerometer1_bsp/\libhal_bsp.a(alt_instruction_exception_entry.o)
 .debug_ranges  0x0000000000000138       0x10 c:/intelfpga_lite/18.1/nios2eds/bin/gnu/h-x86_64-mingw32/bin/../lib/gcc/nios2-elf/5.3.0/../../../../../H-x86_64-mingw32/nios2-elf/lib/mno-hw-mul\libsmallc.a(lib_a-memcmp.o)
 .debug_ranges  0x0000000000000148       0x10 c:/intelfpga_lite/18.1/nios2eds/bin/gnu/h-x86_64-mingw32/bin/../lib/gcc/nios2-elf/5.3.0/../../../../../H-x86_64-mingw32/nios2-elf/lib/mno-hw-mul\libsmallc.a(lib_a-strlen.o)
