Archive member included to satisfy reference by file (symbol)

c:/intelfpga_lite/18.1/nios2eds/bin/gnu/h-x86_64-mingw32/bin/../lib/gcc/nios2-elf/5.3.0/mno-hw-mul\libgcc.a(lib2-mul.o)
                              obj/default/hello_world_small.o (__mulsi3)
c:/intelfpga_lite/18.1/nios2eds/bin/gnu/h-x86_64-mingw32/bin/../lib/gcc/nios2-elf/5.3.0/../../../../../H-x86_64-mingw32/nios2-elf/lib/mno-hw-mul\libsmallc.a(lib_a-printf.o)
                              obj/default/hello_world_small.o (printf)
c:/intelfpga_lite/18.1/nios2eds/bin/gnu/h-x86_64-mingw32/bin/../lib/gcc/nios2-elf/5.3.0/../../../../../H-x86_64-mingw32/nios2-elf/lib/mno-hw-mul\libsmallc.a(lib_a-vfprintf.o)
                              c:/intelfpga_lite/18.1/nios2eds/bin/gnu/h-x86_64-mingw32/bin/../lib/gcc/nios2-elf/5.3.0/../../../../../H-x86_64-mingw32/nios2-elf/lib/mno-hw-mul\libsmallc.a(lib_a-printf.o) (___vfprintf_internal_r)
c:/intelfpga_lite/18.1/nios2eds/bin/gnu/h-x86_64-mingw32/bin/../lib/gcc/nios2-elf/5.3.0/../../../../../H-x86_64-mingw32/nios2-elf/lib/mno-hw-mul\libsmallc.a(lib_a-fvwrite_small_dev.o)
                              c:/intelfpga_lite/18.1/nios2eds/bin/gnu/h-x86_64-mingw32/bin/../lib/gcc/nios2-elf/5.3.0/../../../../../H-x86_64-mingw32/nios2-elf/lib/mno-hw-mul\libsmallc.a(lib_a-printf.o) (__sfvwrite_small_dev)
c:/intelfpga_lite/18.1/nios2eds/bin/gnu/h-x86_64-mingw32/bin/../lib/gcc/nios2-elf/5.3.0/../../../../../H-x86_64-mingw32/nios2-elf/lib/mno-hw-mul\libsmallc.a(lib_a-impure.o)
                              c:/intelfpga_lite/18.1/nios2eds/bin/gnu/h-x86_64-mingw32/bin/../lib/gcc/nios2-elf/5.3.0/../../../../../H-x86_64-mingw32/nios2-elf/lib/mno-hw-mul\libsmallc.a(lib_a-printf.o) (_impure_ptr)
c:/intelfpga_lite/18.1/nios2eds/bin/gnu/h-x86_64-mingw32/bin/../lib/gcc/nios2-elf/5.3.0/../../../../../H-x86_64-mingw32/nios2-elf/lib/mno-hw-mul\libsmallc.a(lib_a-strlen.o)
                              c:/intelfpga_lite/18.1/nios2eds/bin/gnu/h-x86_64-mingw32/bin/../lib/gcc/nios2-elf/5.3.0/../../../../../H-x86_64-mingw32/nios2-elf/lib/mno-hw-mul\libsmallc.a(lib_a-vfprintf.o) (strlen)
c:/intelfpga_lite/18.1/nios2eds/bin/gnu/h-x86_64-mingw32/bin/../lib/gcc/nios2-elf/5.3.0/../../../../../H-x86_64-mingw32/nios2-elf/lib/mno-hw-mul\libsmallc.a(lib_a-writer.o)
                              c:/intelfpga_lite/18.1/nios2eds/bin/gnu/h-x86_64-mingw32/bin/../lib/gcc/nios2-elf/5.3.0/../../../../../H-x86_64-mingw32/nios2-elf/lib/mno-hw-mul\libsmallc.a(lib_a-fvwrite_small_dev.o) (_write_r)
c:/intelfpga_lite/18.1/nios2eds/bin/gnu/h-x86_64-mingw32/bin/../lib/gcc/nios2-elf/5.3.0/../../../../../H-x86_64-mingw32/nios2-elf/lib/mno-hw-mul\libsmallc.a(lib_a-int_errno.o)
                              c:/intelfpga_lite/18.1/nios2eds/bin/gnu/h-x86_64-mingw32/bin/../lib/gcc/nios2-elf/5.3.0/../../../../../H-x86_64-mingw32/nios2-elf/lib/mno-hw-mul\libsmallc.a(lib_a-writer.o) (errno)
c:/intelfpga_lite/18.1/nios2eds/bin/gnu/h-x86_64-mingw32/bin/../lib/gcc/nios2-elf/5.3.0/mno-hw-mul\libgcc.a(lib2-divmod.o)
                              c:/intelfpga_lite/18.1/nios2eds/bin/gnu/h-x86_64-mingw32/bin/../lib/gcc/nios2-elf/5.3.0/../../../../../H-x86_64-mingw32/nios2-elf/lib/mno-hw-mul\libsmallc.a(lib_a-vfprintf.o) (__udivsi3)
../lab4_test2_bsp/\libhal_bsp.a(alt_getchar.o)
                              obj/default/hello_world_small.o (alt_getchar)
../lab4_test2_bsp/\libhal_bsp.a(alt_irq_register.o)
                              obj/default/hello_world_small.o (alt_irq_register)
../lab4_test2_bsp/\libhal_bsp.a(alt_irq_vars.o)
                              ../lab4_test2_bsp/\libhal_bsp.a(alt_irq_register.o) (alt_irq_active)
../lab4_test2_bsp/\libhal_bsp.a(alt_load.o)
                              ../lab4_test2_bsp//obj/HAL/src/crt0.o (alt_load)
../lab4_test2_bsp/\libhal_bsp.a(alt_main.o)
                              ../lab4_test2_bsp//obj/HAL/src/crt0.o (alt_main)
../lab4_test2_bsp/\libhal_bsp.a(alt_write.o)
                              c:/intelfpga_lite/18.1/nios2eds/bin/gnu/h-x86_64-mingw32/bin/../lib/gcc/nios2-elf/5.3.0/../../../../../H-x86_64-mingw32/nios2-elf/lib/mno-hw-mul\libsmallc.a(lib_a-writer.o) (write)
../lab4_test2_bsp/\libhal_bsp.a(alt_sys_init.o)
                              ../lab4_test2_bsp/\libhal_bsp.a(alt_main.o) (alt_irq_init)
../lab4_test2_bsp/\libhal_bsp.a(altera_avalon_jtag_uart_read.o)
                              ../lab4_test2_bsp/\libhal_bsp.a(alt_getchar.o) (altera_avalon_jtag_uart_read)
../lab4_test2_bsp/\libhal_bsp.a(altera_avalon_jtag_uart_write.o)
                              ../lab4_test2_bsp/\libhal_bsp.a(alt_write.o) (altera_avalon_jtag_uart_write)
../lab4_test2_bsp/\libhal_bsp.a(altera_up_avalon_accelerometer_spi.o)
                              obj/default/hello_world_small.o (alt_up_accelerometer_spi_open_dev)
../lab4_test2_bsp/\libhal_bsp.a(alt_dcache_flush_all.o)
                              ../lab4_test2_bsp/\libhal_bsp.a(alt_load.o) (alt_dcache_flush_all)
../lab4_test2_bsp/\libhal_bsp.a(alt_dev.o)
                              ../lab4_test2_bsp/\libhal_bsp.a(alt_getchar.o) (alt_fd_list)
../lab4_test2_bsp/\libhal_bsp.a(alt_dev_llist_insert.o)
                              ../lab4_test2_bsp/\libhal_bsp.a(alt_sys_init.o) (alt_dev_llist_insert)
../lab4_test2_bsp/\libhal_bsp.a(alt_errno.o)
                              ../lab4_test2_bsp/\libhal_bsp.a(alt_write.o) (alt_errno)
../lab4_test2_bsp/\libhal_bsp.a(alt_find_dev.o)
                              ../lab4_test2_bsp/\libhal_bsp.a(altera_up_avalon_accelerometer_spi.o) (alt_find_dev)
../lab4_test2_bsp/\libhal_bsp.a(alt_icache_flush_all.o)
                              ../lab4_test2_bsp/\libhal_bsp.a(alt_load.o) (alt_icache_flush_all)
../lab4_test2_bsp/\libhal_bsp.a(alt_irq_entry.o)
                              ../lab4_test2_bsp/\libhal_bsp.a(alt_irq_register.o) (alt_irq_entry)
../lab4_test2_bsp/\libhal_bsp.a(alt_irq_handler.o)
                              ../lab4_test2_bsp/\libhal_bsp.a(alt_irq_register.o) (alt_irq_handler)
../lab4_test2_bsp/\libhal_bsp.a(altera_nios2_gen2_irq.o)
                              ../lab4_test2_bsp/\libhal_bsp.a(alt_sys_init.o) (altera_nios2_gen2_irq_init)
../lab4_test2_bsp/\libhal_bsp.a(alt_exception_entry.o)
                              ../lab4_test2_bsp/\libhal_bsp.a(alt_irq_entry.o) (alt_exception)
../lab4_test2_bsp/\libhal_bsp.a(alt_instruction_exception_entry.o)
                              ../lab4_test2_bsp/\libhal_bsp.a(alt_exception_entry.o) (alt_instruction_exception_entry)
c:/intelfpga_lite/18.1/nios2eds/bin/gnu/h-x86_64-mingw32/bin/../lib/gcc/nios2-elf/5.3.0/../../../../../H-x86_64-mingw32/nios2-elf/lib/mno-hw-mul\libsmallc.a(lib_a-memcmp.o)
                              ../lab4_test2_bsp/\libhal_bsp.a(alt_find_dev.o) (memcmp)

Allocating common symbols
Common symbol       size              file

alt_irq             0x100             ../lab4_test2_bsp/\libhal_bsp.a(alt_irq_handler.o)
errno               0x4               c:/intelfpga_lite/18.1/nios2eds/bin/gnu/h-x86_64-mingw32/bin/../lib/gcc/nios2-elf/5.3.0/../../../../../H-x86_64-mingw32/nios2-elf/lib/mno-hw-mul\libsmallc.a(lib_a-int_errno.o)
led                 0x1               obj/default/hello_world_small.o
level               0x4               obj/default/hello_world_small.o

Memory Configuration

Name             Origin             Length             Attributes
reset            0x0000000000010000 0x0000000000000020
onchip_memory    0x0000000000010020 0x000000000000ffe0
*default*        0x0000000000000000 0xffffffffffffffff

Linker script and memory map

LOAD ../lab4_test2_bsp//obj/HAL/src/crt0.o
LOAD obj/default/hello_world_small.o
LOAD c:/intelfpga_lite/18.1/nios2eds/bin/gnu/h-x86_64-mingw32/bin/../lib/gcc/nios2-elf/5.3.0/../../../../../H-x86_64-mingw32/nios2-elf/lib/mno-hw-mul\libstdc++.a
LOAD c:/intelfpga_lite/18.1/nios2eds/bin/gnu/h-x86_64-mingw32/bin/../lib/gcc/nios2-elf/5.3.0/../../../../../H-x86_64-mingw32/nios2-elf/lib/mno-hw-mul\libm.a
LOAD c:/intelfpga_lite/18.1/nios2eds/bin/gnu/h-x86_64-mingw32/bin/../lib/gcc/nios2-elf/5.3.0/mno-hw-mul\libgcc.a
START GROUP
LOAD c:/intelfpga_lite/18.1/nios2eds/bin/gnu/h-x86_64-mingw32/bin/../lib/gcc/nios2-elf/5.3.0/../../../../../H-x86_64-mingw32/nios2-elf/lib/mno-hw-mul\libsmallc.a
LOAD c:/intelfpga_lite/18.1/nios2eds/bin/gnu/h-x86_64-mingw32/bin/../lib/gcc/nios2-elf/5.3.0/mno-hw-mul\libgcc.a
LOAD ../lab4_test2_bsp/\libhal_bsp.a
LOAD c:/intelfpga_lite/18.1/nios2eds/bin/gnu/h-x86_64-mingw32/bin/../lib/gcc/nios2-elf/5.3.0/../../../../../H-x86_64-mingw32/nios2-elf/lib/mno-hw-mul\libm.a
END GROUP
LOAD c:/intelfpga_lite/18.1/nios2eds/bin/gnu/h-x86_64-mingw32/bin/../lib/gcc/nios2-elf/5.3.0/mno-hw-mul\libgcc.a
                0x0000000000010000                __alt_mem_onchip_memory = 0x10000

.entry          0x0000000000010000       0x20
 *(.entry)
 .entry         0x0000000000010000       0x20 ../lab4_test2_bsp//obj/HAL/src/crt0.o
                0x0000000000010000                __reset
                0x000000000001000c                _exit

.exceptions     0x0000000000010020      0x160
                0x0000000000010020                PROVIDE (__ram_exceptions_start, ABSOLUTE (.))
                0x0000000000010020                . = ALIGN (0x20)
 *(.irq)
 *(.exceptions.entry.label)
 .exceptions.entry.label
                0x0000000000010020        0x0 ../lab4_test2_bsp/\libhal_bsp.a(alt_irq_entry.o)
                0x0000000000010020                alt_irq_entry
 .exceptions.entry.label
                0x0000000000010020        0x0 ../lab4_test2_bsp/\libhal_bsp.a(alt_exception_entry.o)
                0x0000000000010020                alt_exception
 *(.exceptions.entry.user)
 *(.exceptions.entry.ecc_fatal)
 *(.exceptions.entry)
 .exceptions.entry
                0x0000000000010020       0x54 ../lab4_test2_bsp/\libhal_bsp.a(alt_exception_entry.o)
 *(.exceptions.irqtest.user)
 *(.exceptions.irqtest)
 .exceptions.irqtest
                0x0000000000010074       0x10 ../lab4_test2_bsp/\libhal_bsp.a(alt_irq_entry.o)
 *(.exceptions.irqhandler.user)
 *(.exceptions.irqhandler)
 .exceptions.irqhandler
                0x0000000000010084        0x4 ../lab4_test2_bsp/\libhal_bsp.a(alt_irq_entry.o)
 *(.exceptions.irqreturn.user)
 *(.exceptions.irqreturn)
 .exceptions.irqreturn
                0x0000000000010088        0x4 ../lab4_test2_bsp/\libhal_bsp.a(alt_irq_entry.o)
 *(.exceptions.notirq.label)
 .exceptions.notirq.label
                0x000000000001008c        0x0 ../lab4_test2_bsp/\libhal_bsp.a(alt_irq_entry.o)
 *(.exceptions.notirq.user)
 *(.exceptions.notirq)
 .exceptions.notirq
                0x000000000001008c        0x8 ../lab4_test2_bsp/\libhal_bsp.a(alt_exception_entry.o)
 *(.exceptions.soft.user)
 *(.exceptions.soft)
 *(.exceptions.unknown.user)
 *(.exceptions.unknown)
 .exceptions.unknown
                0x0000000000010094       0x14 ../lab4_test2_bsp/\libhal_bsp.a(alt_exception_entry.o)
 *(.exceptions.exit.label)
 .exceptions.exit.label
                0x00000000000100a8        0x0 ../lab4_test2_bsp/\libhal_bsp.a(alt_irq_entry.o)
 .exceptions.exit.label
                0x00000000000100a8        0x0 ../lab4_test2_bsp/\libhal_bsp.a(alt_exception_entry.o)
 *(.exceptions.exit.user)
 *(.exceptions.exit)
 .exceptions.exit
                0x00000000000100a8       0x54 ../lab4_test2_bsp/\libhal_bsp.a(alt_exception_entry.o)
 *(.exceptions)
 .exceptions    0x00000000000100fc       0x60 ../lab4_test2_bsp/\libhal_bsp.a(alt_irq_handler.o)
                0x00000000000100fc                alt_irq_handler
 .exceptions    0x000000000001015c       0x24 ../lab4_test2_bsp/\libhal_bsp.a(alt_instruction_exception_entry.o)
                0x000000000001015c                alt_instruction_exception_entry
                0x0000000000010180                PROVIDE (__ram_exceptions_end, ABSOLUTE (.))
                0x0000000000010020                PROVIDE (__flash_exceptions_start, LOADADDR (.exceptions))

.text           0x0000000000010180     0x128c
                [!provide]                        PROVIDE (stext, ABSOLUTE (.))
 *(.interp)
 *(.hash)
 *(.dynsym)
 *(.dynstr)
 *(.gnu.version)
 *(.gnu.version_d)
 *(.gnu.version_r)
 *(.rel.init)
 *(.rela.init)
 *(.rel.text .rel.text.* .rel.gnu.linkonce.t.*)
 *(.rela.text .rela.text.* .rela.gnu.linkonce.t.*)
 *(.rel.fini)
 *(.rela.fini)
 *(.rel.rodata .rel.rodata.* .rel.gnu.linkonce.r.*)
 *(.rela.rodata .rela.rodata.* .rela.gnu.linkonce.r.*)
 *(.rel.data .rel.data.* .rel.gnu.linkonce.d.*)
 *(.rela.data .rela.data.* .rela.gnu.linkonce.d.*)
 *(.rel.tdata .rel.tdata.* .rel.gnu.linkonce.td.*)
 *(.rela.tdata .rela.tdata.* .rela.gnu.linkonce.td.*)
 *(.rel.tbss .rel.tbss.* .rel.gnu.linkonce.tb.*)
 *(.rela.tbss .rela.tbss.* .rela.gnu.linkonce.tb.*)
 *(.rel.ctors)
 *(.rela.ctors)
 *(.rel.dtors)
 *(.rela.dtors)
 *(.rel.got)
 *(.rela.got)
 *(.rel.sdata .rel.sdata.* .rel.gnu.linkonce.s.*)
 *(.rela.sdata .rela.sdata.* .rela.gnu.linkonce.s.*)
 *(.rel.sbss .rel.sbss.* .rel.gnu.linkonce.sb.*)
 *(.rela.sbss .rela.sbss.* .rela.gnu.linkonce.sb.*)
 *(.rel.sdata2 .rel.sdata2.* .rel.gnu.linkonce.s2.*)
 *(.rela.sdata2 .rela.sdata2.* .rela.gnu.linkonce.s2.*)
 *(.rel.sbss2 .rel.sbss2.* .rel.gnu.linkonce.sb2.*)
 *(.rela.sbss2 .rela.sbss2.* .rela.gnu.linkonce.sb2.*)
 *(.rel.bss .rel.bss.* .rel.gnu.linkonce.b.*)
 *(.rela.bss .rela.bss.* .rela.gnu.linkonce.b.*)
 *(.rel.plt)
 *(.rela.plt)
 *(.rel.dyn)
 *(.init)
 *(.plt)
 *(.text .stub .text.* .gnu.linkonce.t.*)
 .text          0x0000000000010180       0x3c ../lab4_test2_bsp//obj/HAL/src/crt0.o
                0x0000000000010180                _start
 .text          0x00000000000101bc      0x1b0 obj/default/hello_world_small.o
                0x00000000000101bc                sys_timer_isr
                0x000000000001023c                led_write
                0x0000000000010250                convert_read
                0x0000000000010284                timer_init
                0x00000000000102f4                LPF
 .text.startup  0x000000000001036c      0x15c obj/default/hello_world_small.o
                0x000000000001036c                main
 .text          0x00000000000104c8       0x28 c:/intelfpga_lite/18.1/nios2eds/bin/gnu/h-x86_64-mingw32/bin/../lib/gcc/nios2-elf/5.3.0/mno-hw-mul\libgcc.a(lib2-mul.o)
                0x00000000000104c8                __mulsi3
 .text          0x00000000000104f0        0x0 c:/intelfpga_lite/18.1/nios2eds/bin/gnu/h-x86_64-mingw32/bin/../lib/gcc/nios2-elf/5.3.0/../../../../../H-x86_64-mingw32/nios2-elf/lib/mno-hw-mul\libsmallc.a(lib_a-printf.o)
 .text._printf_r
                0x00000000000104f0       0x3c c:/intelfpga_lite/18.1/nios2eds/bin/gnu/h-x86_64-mingw32/bin/../lib/gcc/nios2-elf/5.3.0/../../../../../H-x86_64-mingw32/nios2-elf/lib/mno-hw-mul\libsmallc.a(lib_a-printf.o)
                0x00000000000104f0                _printf_r
 .text.printf   0x000000000001052c       0x4c c:/intelfpga_lite/18.1/nios2eds/bin/gnu/h-x86_64-mingw32/bin/../lib/gcc/nios2-elf/5.3.0/../../../../../H-x86_64-mingw32/nios2-elf/lib/mno-hw-mul\libsmallc.a(lib_a-printf.o)
                0x000000000001052c                printf
 .text          0x0000000000010578        0x0 c:/intelfpga_lite/18.1/nios2eds/bin/gnu/h-x86_64-mingw32/bin/../lib/gcc/nios2-elf/5.3.0/../../../../../H-x86_64-mingw32/nios2-elf/lib/mno-hw-mul\libsmallc.a(lib_a-vfprintf.o)
 .text.print_repeat
                0x0000000000010578       0x6c c:/intelfpga_lite/18.1/nios2eds/bin/gnu/h-x86_64-mingw32/bin/../lib/gcc/nios2-elf/5.3.0/../../../../../H-x86_64-mingw32/nios2-elf/lib/mno-hw-mul\libsmallc.a(lib_a-vfprintf.o)
 .text.___vfprintf_internal_r
                0x00000000000105e4      0x52c c:/intelfpga_lite/18.1/nios2eds/bin/gnu/h-x86_64-mingw32/bin/../lib/gcc/nios2-elf/5.3.0/../../../../../H-x86_64-mingw32/nios2-elf/lib/mno-hw-mul\libsmallc.a(lib_a-vfprintf.o)
                0x00000000000105e4                ___vfprintf_internal_r
 .text.__vfprintf_internal
                0x0000000000010b10       0x1c c:/intelfpga_lite/18.1/nios2eds/bin/gnu/h-x86_64-mingw32/bin/../lib/gcc/nios2-elf/5.3.0/../../../../../H-x86_64-mingw32/nios2-elf/lib/mno-hw-mul\libsmallc.a(lib_a-vfprintf.o)
                0x0000000000010b10                __vfprintf_internal
 .text          0x0000000000010b2c        0x0 c:/intelfpga_lite/18.1/nios2eds/bin/gnu/h-x86_64-mingw32/bin/../lib/gcc/nios2-elf/5.3.0/../../../../../H-x86_64-mingw32/nios2-elf/lib/mno-hw-mul\libsmallc.a(lib_a-fvwrite_small_dev.o)
 .text.__sfvwrite_small_dev
                0x0000000000010b2c       0xb8 c:/intelfpga_lite/18.1/nios2eds/bin/gnu/h-x86_64-mingw32/bin/../lib/gcc/nios2-elf/5.3.0/../../../../../H-x86_64-mingw32/nios2-elf/lib/mno-hw-mul\libsmallc.a(lib_a-fvwrite_small_dev.o)
                0x0000000000010b2c                __sfvwrite_small_dev
 .text          0x0000000000010be4        0x0 c:/intelfpga_lite/18.1/nios2eds/bin/gnu/h-x86_64-mingw32/bin/../lib/gcc/nios2-elf/5.3.0/../../../../../H-x86_64-mingw32/nios2-elf/lib/mno-hw-mul\libsmallc.a(lib_a-impure.o)
 .text          0x0000000000010be4        0x0 c:/intelfpga_lite/18.1/nios2eds/bin/gnu/h-x86_64-mingw32/bin/../lib/gcc/nios2-elf/5.3.0/../../../../../H-x86_64-mingw32/nios2-elf/lib/mno-hw-mul\libsmallc.a(lib_a-strlen.o)
 .text.strlen   0x0000000000010be4       0x1c c:/intelfpga_lite/18.1/nios2eds/bin/gnu/h-x86_64-mingw32/bin/../lib/gcc/nios2-elf/5.3.0/../../../../../H-x86_64-mingw32/nios2-elf/lib/mno-hw-mul\libsmallc.a(lib_a-strlen.o)
                0x0000000000010be4                strlen
 .text          0x0000000000010c00        0x0 c:/intelfpga_lite/18.1/nios2eds/bin/gnu/h-x86_64-mingw32/bin/../lib/gcc/nios2-elf/5.3.0/../../../../../H-x86_64-mingw32/nios2-elf/lib/mno-hw-mul\libsmallc.a(lib_a-writer.o)
 .text._write_r
                0x0000000000010c00       0x58 c:/intelfpga_lite/18.1/nios2eds/bin/gnu/h-x86_64-mingw32/bin/../lib/gcc/nios2-elf/5.3.0/../../../../../H-x86_64-mingw32/nios2-elf/lib/mno-hw-mul\libsmallc.a(lib_a-writer.o)
                0x0000000000010c00                _write_r
 .text          0x0000000000010c58        0x0 c:/intelfpga_lite/18.1/nios2eds/bin/gnu/h-x86_64-mingw32/bin/../lib/gcc/nios2-elf/5.3.0/../../../../../H-x86_64-mingw32/nios2-elf/lib/mno-hw-mul\libsmallc.a(lib_a-int_errno.o)
 .text          0x0000000000010c58      0x1b4 c:/intelfpga_lite/18.1/nios2eds/bin/gnu/h-x86_64-mingw32/bin/../lib/gcc/nios2-elf/5.3.0/mno-hw-mul\libgcc.a(lib2-divmod.o)
                0x0000000000010c58                __divsi3
                0x0000000000010cdc                __modsi3
                0x0000000000010d50                __udivsi3
                0x0000000000010db4                __umodsi3
 .text          0x0000000000010e0c       0x44 ../lab4_test2_bsp/\libhal_bsp.a(alt_getchar.o)
                0x0000000000010e0c                alt_getchar
 .text          0x0000000000010e50       0x94 ../lab4_test2_bsp/\libhal_bsp.a(alt_irq_register.o)
                0x0000000000010e50                alt_irq_register
 .text          0x0000000000010ee4        0x0 ../lab4_test2_bsp/\libhal_bsp.a(alt_irq_vars.o)
 .text          0x0000000000010ee4       0xe0 ../lab4_test2_bsp/\libhal_bsp.a(alt_load.o)
                0x0000000000010ee4                alt_load
 .text          0x0000000000010fc4       0x2c ../lab4_test2_bsp/\libhal_bsp.a(alt_main.o)
                0x0000000000010fc4                alt_main
 .text          0x0000000000010ff0       0x60 ../lab4_test2_bsp/\libhal_bsp.a(alt_write.o)
                0x0000000000010ff0                write
 .text          0x0000000000011050       0x30 ../lab4_test2_bsp/\libhal_bsp.a(alt_sys_init.o)
                0x0000000000011050                alt_irq_init
                0x0000000000011070                alt_sys_init
 .text          0x0000000000011080       0x5c ../lab4_test2_bsp/\libhal_bsp.a(altera_avalon_jtag_uart_read.o)
                0x0000000000011080                altera_avalon_jtag_uart_read
 .text          0x00000000000110dc       0x34 ../lab4_test2_bsp/\libhal_bsp.a(altera_avalon_jtag_uart_write.o)
                0x00000000000110dc                altera_avalon_jtag_uart_write
 .text          0x0000000000011110      0x160 ../lab4_test2_bsp/\libhal_bsp.a(altera_up_avalon_accelerometer_spi.o)
                0x0000000000011110                alt_up_accelerometer_spi_open_dev
                0x0000000000011118                alt_up_accelerometer_spi_read_address_register
                0x000000000001112c                alt_up_accelerometer_spi_read
                0x000000000001114c                alt_up_accelerometer_spi_write
                0x0000000000011168                alt_up_accelerometer_spi_read_x_axis
                0x00000000000111c0                alt_up_accelerometer_spi_read_y_axis
                0x0000000000011218                alt_up_accelerometer_spi_read_z_axis
 .text          0x0000000000011270        0x4 ../lab4_test2_bsp/\libhal_bsp.a(alt_dcache_flush_all.o)
                0x0000000000011270                alt_dcache_flush_all
 .text          0x0000000000011274        0x8 ../lab4_test2_bsp/\libhal_bsp.a(alt_dev.o)
 .text          0x000000000001127c       0x6c ../lab4_test2_bsp/\libhal_bsp.a(alt_dev_llist_insert.o)
                0x000000000001127c                alt_dev_llist_insert
 .text          0x00000000000112e8        0x0 ../lab4_test2_bsp/\libhal_bsp.a(alt_errno.o)
 .text          0x00000000000112e8       0x74 ../lab4_test2_bsp/\libhal_bsp.a(alt_find_dev.o)
                0x00000000000112e8                alt_find_dev
 .text          0x000000000001135c        0x4 ../lab4_test2_bsp/\libhal_bsp.a(alt_icache_flush_all.o)
                0x000000000001135c                alt_icache_flush_all
 .text          0x0000000000011360        0x0 ../lab4_test2_bsp/\libhal_bsp.a(alt_irq_entry.o)
 .text          0x0000000000011360        0x0 ../lab4_test2_bsp/\libhal_bsp.a(alt_irq_handler.o)
 .text          0x0000000000011360        0x8 ../lab4_test2_bsp/\libhal_bsp.a(altera_nios2_gen2_irq.o)
                0x0000000000011360                altera_nios2_gen2_irq_init
 .text          0x0000000000011368        0x0 ../lab4_test2_bsp/\libhal_bsp.a(alt_exception_entry.o)
 .text          0x0000000000011368       0x74 ../lab4_test2_bsp/\libhal_bsp.a(alt_instruction_exception_entry.o)
                0x0000000000011368                alt_exception_cause_generated_bad_addr
 .text          0x00000000000113dc        0x0 c:/intelfpga_lite/18.1/nios2eds/bin/gnu/h-x86_64-mingw32/bin/../lib/gcc/nios2-elf/5.3.0/../../../../../H-x86_64-mingw32/nios2-elf/lib/mno-hw-mul\libsmallc.a(lib_a-memcmp.o)
 .text.memcmp   0x00000000000113dc       0x30 c:/intelfpga_lite/18.1/nios2eds/bin/gnu/h-x86_64-mingw32/bin/../lib/gcc/nios2-elf/5.3.0/../../../../../H-x86_64-mingw32/nios2-elf/lib/mno-hw-mul\libsmallc.a(lib_a-memcmp.o)
                0x00000000000113dc                memcmp
 *(.gnu.warning.*)
 *(.fini)
                [!provide]                        PROVIDE (__etext, ABSOLUTE (.))
                [!provide]                        PROVIDE (_etext, ABSOLUTE (.))
                [!provide]                        PROVIDE (etext, ABSOLUTE (.))
 *(.eh_frame_hdr)
                0x000000000001140c                . = ALIGN (0x4)
                [!provide]                        PROVIDE (__preinit_array_start, ABSOLUTE (.))
 *(.preinit_array)
                [!provide]                        PROVIDE (__preinit_array_end, ABSOLUTE (.))
                [!provide]                        PROVIDE (__init_array_start, ABSOLUTE (.))
 *(.init_array)
                [!provide]                        PROVIDE (__init_array_end, ABSOLUTE (.))
                [!provide]                        PROVIDE (__fini_array_start, ABSOLUTE (.))
 *(.fini_array)
                [!provide]                        PROVIDE (__fini_array_end, ABSOLUTE (.))
 *(.eh_frame)
 *(.gcc_except_table .gcc_except_table.*)
 *(.dynamic)
                [!provide]                        PROVIDE (__CTOR_LIST__, ABSOLUTE (.))
 *(.ctors)
 *(SORT(.ctors.*))
                [!provide]                        PROVIDE (__CTOR_END__, ABSOLUTE (.))
                [!provide]                        PROVIDE (__DTOR_LIST__, ABSOLUTE (.))
 *(.dtors)
 *(SORT(.dtors.*))
                [!provide]                        PROVIDE (__DTOR_END__, ABSOLUTE (.))
 *(.jcr)
                0x000000000001140c                . = ALIGN (0x4)

.rodata         0x000000000001140c       0x38
                0x000000000001140c                PROVIDE (__ram_rodata_start, ABSOLUTE (.))
                0x000000000001140c                . = ALIGN (0x4)
 *(.rodata .rodata.* .gnu.linkonce.r.*)
 .rodata.str1.4
                0x000000000001140c       0x2a obj/default/hello_world_small.o
 .rodata.str1.4
                0x0000000000011436       0x17 ../lab4_test2_bsp/\libhal_bsp.a(alt_sys_init.o)
 *fill*         0x0000000000011436        0x2 
 .rodata.str1.4
                0x0000000000011438        0xc ../lab4_test2_bsp/\libhal_bsp.a(alt_dev.o)
                                          0xa (size before relaxing)
 *(.rodata1)
                0x0000000000011444                . = ALIGN (0x4)
                0x0000000000011444                PROVIDE (__ram_rodata_end, ABSOLUTE (.))
                0x000000000001140c                PROVIDE (__flash_rodata_start, LOADADDR (.rodata))

.rwdata         0x0000000000011444      0x190 load address 0x00000000000115d4
                0x0000000000011444                PROVIDE (__ram_rwdata_start, ABSOLUTE (.))
                0x0000000000011444                . = ALIGN (0x4)
 *(.got.plt)
 *(.got)
 *(.data1)
 *(.data .data.* .gnu.linkonce.d.*)
 .data          0x0000000000011444        0x0 ../lab4_test2_bsp//obj/HAL/src/crt0.o
 .data          0x0000000000011444        0x0 obj/default/hello_world_small.o
 .data          0x0000000000011444        0x0 c:/intelfpga_lite/18.1/nios2eds/bin/gnu/h-x86_64-mingw32/bin/../lib/gcc/nios2-elf/5.3.0/mno-hw-mul\libgcc.a(lib2-mul.o)
 .data          0x0000000000011444        0x0 c:/intelfpga_lite/18.1/nios2eds/bin/gnu/h-x86_64-mingw32/bin/../lib/gcc/nios2-elf/5.3.0/../../../../../H-x86_64-mingw32/nios2-elf/lib/mno-hw-mul\libsmallc.a(lib_a-printf.o)
 .data          0x0000000000011444        0x0 c:/intelfpga_lite/18.1/nios2eds/bin/gnu/h-x86_64-mingw32/bin/../lib/gcc/nios2-elf/5.3.0/../../../../../H-x86_64-mingw32/nios2-elf/lib/mno-hw-mul\libsmallc.a(lib_a-vfprintf.o)
 .data          0x0000000000011444        0x0 c:/intelfpga_lite/18.1/nios2eds/bin/gnu/h-x86_64-mingw32/bin/../lib/gcc/nios2-elf/5.3.0/../../../../../H-x86_64-mingw32/nios2-elf/lib/mno-hw-mul\libsmallc.a(lib_a-fvwrite_small_dev.o)
 .data          0x0000000000011444        0x0 c:/intelfpga_lite/18.1/nios2eds/bin/gnu/h-x86_64-mingw32/bin/../lib/gcc/nios2-elf/5.3.0/../../../../../H-x86_64-mingw32/nios2-elf/lib/mno-hw-mul\libsmallc.a(lib_a-impure.o)
 .data.impure_data
                0x0000000000011444       0xe0 c:/intelfpga_lite/18.1/nios2eds/bin/gnu/h-x86_64-mingw32/bin/../lib/gcc/nios2-elf/5.3.0/../../../../../H-x86_64-mingw32/nios2-elf/lib/mno-hw-mul\libsmallc.a(lib_a-impure.o)
 .data          0x0000000000011524        0x0 c:/intelfpga_lite/18.1/nios2eds/bin/gnu/h-x86_64-mingw32/bin/../lib/gcc/nios2-elf/5.3.0/../../../../../H-x86_64-mingw32/nios2-elf/lib/mno-hw-mul\libsmallc.a(lib_a-strlen.o)
 .data          0x0000000000011524        0x0 c:/intelfpga_lite/18.1/nios2eds/bin/gnu/h-x86_64-mingw32/bin/../lib/gcc/nios2-elf/5.3.0/../../../../../H-x86_64-mingw32/nios2-elf/lib/mno-hw-mul\libsmallc.a(lib_a-writer.o)
 .data          0x0000000000011524        0x0 c:/intelfpga_lite/18.1/nios2eds/bin/gnu/h-x86_64-mingw32/bin/../lib/gcc/nios2-elf/5.3.0/../../../../../H-x86_64-mingw32/nios2-elf/lib/mno-hw-mul\libsmallc.a(lib_a-int_errno.o)
 .data          0x0000000000011524        0x0 c:/intelfpga_lite/18.1/nios2eds/bin/gnu/h-x86_64-mingw32/bin/../lib/gcc/nios2-elf/5.3.0/mno-hw-mul\libgcc.a(lib2-divmod.o)
 .data          0x0000000000011524        0x0 ../lab4_test2_bsp/\libhal_bsp.a(alt_getchar.o)
 .data          0x0000000000011524        0x0 ../lab4_test2_bsp/\libhal_bsp.a(alt_irq_register.o)
 .data          0x0000000000011524        0x0 ../lab4_test2_bsp/\libhal_bsp.a(alt_irq_vars.o)
 .data          0x0000000000011524        0x0 ../lab4_test2_bsp/\libhal_bsp.a(alt_load.o)
 .data          0x0000000000011524        0x0 ../lab4_test2_bsp/\libhal_bsp.a(alt_main.o)
 .data          0x0000000000011524        0x0 ../lab4_test2_bsp/\libhal_bsp.a(alt_write.o)
 .data          0x0000000000011524       0x2c ../lab4_test2_bsp/\libhal_bsp.a(alt_sys_init.o)
 .data          0x0000000000011550        0x0 ../lab4_test2_bsp/\libhal_bsp.a(altera_avalon_jtag_uart_read.o)
 .data          0x0000000000011550        0x0 ../lab4_test2_bsp/\libhal_bsp.a(altera_avalon_jtag_uart_write.o)
 .data          0x0000000000011550        0x0 ../lab4_test2_bsp/\libhal_bsp.a(altera_up_avalon_accelerometer_spi.o)
 .data          0x0000000000011550        0x0 ../lab4_test2_bsp/\libhal_bsp.a(alt_dcache_flush_all.o)
 .data          0x0000000000011550       0x58 ../lab4_test2_bsp/\libhal_bsp.a(alt_dev.o)
                0x0000000000011550                alt_fd_list
                0x0000000000011580                alt_dev_null
 .data          0x00000000000115a8        0x0 ../lab4_test2_bsp/\libhal_bsp.a(alt_dev_llist_insert.o)
 .data          0x00000000000115a8        0x0 ../lab4_test2_bsp/\libhal_bsp.a(alt_errno.o)
 .data          0x00000000000115a8        0x0 ../lab4_test2_bsp/\libhal_bsp.a(alt_find_dev.o)
 .data          0x00000000000115a8        0x0 ../lab4_test2_bsp/\libhal_bsp.a(alt_icache_flush_all.o)
 .data          0x00000000000115a8        0x0 ../lab4_test2_bsp/\libhal_bsp.a(alt_irq_entry.o)
 .data          0x00000000000115a8        0x0 ../lab4_test2_bsp/\libhal_bsp.a(alt_irq_handler.o)
 .data          0x00000000000115a8        0x0 ../lab4_test2_bsp/\libhal_bsp.a(altera_nios2_gen2_irq.o)
 .data          0x00000000000115a8        0x0 ../lab4_test2_bsp/\libhal_bsp.a(alt_exception_entry.o)
 .data          0x00000000000115a8        0x0 ../lab4_test2_bsp/\libhal_bsp.a(alt_instruction_exception_entry.o)
 .data          0x00000000000115a8        0x0 c:/intelfpga_lite/18.1/nios2eds/bin/gnu/h-x86_64-mingw32/bin/../lib/gcc/nios2-elf/5.3.0/../../../../../H-x86_64-mingw32/nios2-elf/lib/mno-hw-mul\libsmallc.a(lib_a-memcmp.o)
                0x00000000000195a8                _gp = ABSOLUTE ((. + 0x8000))
                [!provide]                        PROVIDE (gp, _gp)
 *(.rwdata .rwdata.*)
 *(.sdata .sdata.* .gnu.linkonce.s.*)
 .sdata         0x00000000000115a8        0x4 obj/default/hello_world_small.o
                0x00000000000115a8                TAPS
 .sdata._global_impure_ptr
                0x00000000000115ac        0x4 c:/intelfpga_lite/18.1/nios2eds/bin/gnu/h-x86_64-mingw32/bin/../lib/gcc/nios2-elf/5.3.0/../../../../../H-x86_64-mingw32/nios2-elf/lib/mno-hw-mul\libsmallc.a(lib_a-impure.o)
                0x00000000000115ac                _global_impure_ptr
 .sdata._impure_ptr
                0x00000000000115b0        0x4 c:/intelfpga_lite/18.1/nios2eds/bin/gnu/h-x86_64-mingw32/bin/../lib/gcc/nios2-elf/5.3.0/../../../../../H-x86_64-mingw32/nios2-elf/lib/mno-hw-mul\libsmallc.a(lib_a-impure.o)
                0x00000000000115b0                _impure_ptr
 .sdata         0x00000000000115b4        0x4 ../lab4_test2_bsp/\libhal_bsp.a(alt_irq_vars.o)
                0x00000000000115b4                alt_priority_mask
 .sdata         0x00000000000115b8        0x4 ../lab4_test2_bsp/\libhal_bsp.a(alt_sys_init.o)
                0x00000000000115b8                jtag_uart
 .sdata         0x00000000000115bc       0x14 ../lab4_test2_bsp/\libhal_bsp.a(alt_dev.o)
                0x00000000000115bc                alt_max_fd
                0x00000000000115c0                alt_dev_list
                0x00000000000115c8                alt_fs_list
 .sdata         0x00000000000115d0        0x4 ../lab4_test2_bsp/\libhal_bsp.a(alt_errno.o)
                0x00000000000115d0                alt_errno
 *(.sdata2 .sdata2.* .gnu.linkonce.s2.*)
                0x00000000000115d4                . = ALIGN (0x4)
                0x00000000000115d4                _edata = ABSOLUTE (.)
                [!provide]                        PROVIDE (edata, ABSOLUTE (.))
                0x00000000000115d4                PROVIDE (__ram_rwdata_end, ABSOLUTE (.))
                0x00000000000115d4                PROVIDE (__flash_rwdata_start, LOADADDR (.rwdata))

.bss            0x0000000000011764      0x124
                0x0000000000011764                __bss_start = ABSOLUTE (.)
                [!provide]                        PROVIDE (__sbss_start, ABSOLUTE (.))
                [!provide]                        PROVIDE (___sbss_start, ABSOLUTE (.))
 *(.dynsbss)
 *(.sbss .sbss.* .gnu.linkonce.sb.*)
 .sbss          0x0000000000011764        0x1 obj/default/hello_world_small.o
                0x0000000000011764                pwm
 *fill*         0x0000000000011765        0x3 
 .sbss          0x0000000000011768        0x8 obj/default/hello_world_small.o
                0x0000000000011768                led
                0x000000000001176c                level
 .sbss          0x0000000000011770        0x4 c:/intelfpga_lite/18.1/nios2eds/bin/gnu/h-x86_64-mingw32/bin/../lib/gcc/nios2-elf/5.3.0/../../../../../H-x86_64-mingw32/nios2-elf/lib/mno-hw-mul\libsmallc.a(lib_a-int_errno.o)
                0x0000000000011770                errno
 .sbss          0x0000000000011774        0x4 ../lab4_test2_bsp/\libhal_bsp.a(alt_irq_vars.o)
                0x0000000000011774                alt_irq_active
 .sbss          0x0000000000011778        0xc ../lab4_test2_bsp/\libhal_bsp.a(alt_main.o)
                0x0000000000011778                alt_envp
                0x000000000001177c                alt_argv
                0x0000000000011780                alt_argc
 .sbss          0x0000000000011784        0x4 ../lab4_test2_bsp/\libhal_bsp.a(alt_instruction_exception_entry.o)
                0x0000000000011784                alt_instruction_exception_handler
 *(.sbss2 .sbss2.* .gnu.linkonce.sb2.*)
 *(.scommon)
                [!provide]                        PROVIDE (__sbss_end, ABSOLUTE (.))
                [!provide]                        PROVIDE (___sbss_end, ABSOLUTE (.))
 *(.dynbss)
 *(.bss .bss.* .gnu.linkonce.b.*)
 .bss           0x0000000000011788        0x0 ../lab4_test2_bsp//obj/HAL/src/crt0.o
 .bss           0x0000000000011788        0x0 obj/default/hello_world_small.o
 .bss           0x0000000000011788        0x0 c:/intelfpga_lite/18.1/nios2eds/bin/gnu/h-x86_64-mingw32/bin/../lib/gcc/nios2-elf/5.3.0/mno-hw-mul\libgcc.a(lib2-mul.o)
 .bss           0x0000000000011788        0x0 c:/intelfpga_lite/18.1/nios2eds/bin/gnu/h-x86_64-mingw32/bin/../lib/gcc/nios2-elf/5.3.0/../../../../../H-x86_64-mingw32/nios2-elf/lib/mno-hw-mul\libsmallc.a(lib_a-printf.o)
 .bss           0x0000000000011788        0x0 c:/intelfpga_lite/18.1/nios2eds/bin/gnu/h-x86_64-mingw32/bin/../lib/gcc/nios2-elf/5.3.0/../../../../../H-x86_64-mingw32/nios2-elf/lib/mno-hw-mul\libsmallc.a(lib_a-vfprintf.o)
 .bss           0x0000000000011788        0x0 c:/intelfpga_lite/18.1/nios2eds/bin/gnu/h-x86_64-mingw32/bin/../lib/gcc/nios2-elf/5.3.0/../../../../../H-x86_64-mingw32/nios2-elf/lib/mno-hw-mul\libsmallc.a(lib_a-fvwrite_small_dev.o)
 .bss           0x0000000000011788        0x0 c:/intelfpga_lite/18.1/nios2eds/bin/gnu/h-x86_64-mingw32/bin/../lib/gcc/nios2-elf/5.3.0/../../../../../H-x86_64-mingw32/nios2-elf/lib/mno-hw-mul\libsmallc.a(lib_a-impure.o)
 .bss           0x0000000000011788        0x0 c:/intelfpga_lite/18.1/nios2eds/bin/gnu/h-x86_64-mingw32/bin/../lib/gcc/nios2-elf/5.3.0/../../../../../H-x86_64-mingw32/nios2-elf/lib/mno-hw-mul\libsmallc.a(lib_a-strlen.o)
 .bss           0x0000000000011788        0x0 c:/intelfpga_lite/18.1/nios2eds/bin/gnu/h-x86_64-mingw32/bin/../lib/gcc/nios2-elf/5.3.0/../../../../../H-x86_64-mingw32/nios2-elf/lib/mno-hw-mul\libsmallc.a(lib_a-writer.o)
 .bss           0x0000000000011788        0x0 c:/intelfpga_lite/18.1/nios2eds/bin/gnu/h-x86_64-mingw32/bin/../lib/gcc/nios2-elf/5.3.0/../../../../../H-x86_64-mingw32/nios2-elf/lib/mno-hw-mul\libsmallc.a(lib_a-int_errno.o)
 .bss           0x0000000000011788        0x0 c:/intelfpga_lite/18.1/nios2eds/bin/gnu/h-x86_64-mingw32/bin/../lib/gcc/nios2-elf/5.3.0/mno-hw-mul\libgcc.a(lib2-divmod.o)
 .bss           0x0000000000011788        0x0 ../lab4_test2_bsp/\libhal_bsp.a(alt_getchar.o)
 .bss           0x0000000000011788        0x0 ../lab4_test2_bsp/\libhal_bsp.a(alt_irq_register.o)
 .bss           0x0000000000011788        0x0 ../lab4_test2_bsp/\libhal_bsp.a(alt_irq_vars.o)
 .bss           0x0000000000011788        0x0 ../lab4_test2_bsp/\libhal_bsp.a(alt_load.o)
 .bss           0x0000000000011788        0x0 ../lab4_test2_bsp/\libhal_bsp.a(alt_main.o)
 .bss           0x0000000000011788        0x0 ../lab4_test2_bsp/\libhal_bsp.a(alt_write.o)
 .bss           0x0000000000011788        0x0 ../lab4_test2_bsp/\libhal_bsp.a(alt_sys_init.o)
 .bss           0x0000000000011788        0x0 ../lab4_test2_bsp/\libhal_bsp.a(altera_avalon_jtag_uart_read.o)
 .bss           0x0000000000011788        0x0 ../lab4_test2_bsp/\libhal_bsp.a(altera_avalon_jtag_uart_write.o)
 .bss           0x0000000000011788        0x0 ../lab4_test2_bsp/\libhal_bsp.a(altera_up_avalon_accelerometer_spi.o)
 .bss           0x0000000000011788        0x0 ../lab4_test2_bsp/\libhal_bsp.a(alt_dcache_flush_all.o)
 .bss           0x0000000000011788        0x0 ../lab4_test2_bsp/\libhal_bsp.a(alt_dev.o)
 .bss           0x0000000000011788        0x0 ../lab4_test2_bsp/\libhal_bsp.a(alt_dev_llist_insert.o)
 .bss           0x0000000000011788        0x0 ../lab4_test2_bsp/\libhal_bsp.a(alt_errno.o)
 .bss           0x0000000000011788        0x0 ../lab4_test2_bsp/\libhal_bsp.a(alt_find_dev.o)
 .bss           0x0000000000011788        0x0 ../lab4_test2_bsp/\libhal_bsp.a(alt_icache_flush_all.o)
 .bss           0x0000000000011788        0x0 ../lab4_test2_bsp/\libhal_bsp.a(alt_irq_entry.o)
 .bss           0x0000000000011788        0x0 ../lab4_test2_bsp/\libhal_bsp.a(alt_irq_handler.o)
 .bss           0x0000000000011788        0x0 ../lab4_test2_bsp/\libhal_bsp.a(altera_nios2_gen2_irq.o)
 .bss           0x0000000000011788        0x0 ../lab4_test2_bsp/\libhal_bsp.a(alt_exception_entry.o)
 .bss           0x0000000000011788        0x0 ../lab4_test2_bsp/\libhal_bsp.a(alt_instruction_exception_entry.o)
 .bss           0x0000000000011788        0x0 c:/intelfpga_lite/18.1/nios2eds/bin/gnu/h-x86_64-mingw32/bin/../lib/gcc/nios2-elf/5.3.0/../../../../../H-x86_64-mingw32/nios2-elf/lib/mno-hw-mul\libsmallc.a(lib_a-memcmp.o)
 *(COMMON)
 COMMON         0x0000000000011788      0x100 ../lab4_test2_bsp/\libhal_bsp.a(alt_irq_handler.o)
                0x0000000000011788                alt_irq
                0x0000000000011888                . = ALIGN (0x4)
                0x0000000000011888                __bss_end = ABSOLUTE (.)

.onchip_memory  0x0000000000011888        0x0
                [!provide]                        PROVIDE (_alt_partition_onchip_memory_start, ABSOLUTE (.))
 *(.onchip_memory .onchip_memory. onchip_memory.*)
                0x0000000000011888                . = ALIGN (0x4)
                [!provide]                        PROVIDE (_alt_partition_onchip_memory_end, ABSOLUTE (.))
                0x0000000000011888                _end = ABSOLUTE (.)
                0x0000000000011888                end = ABSOLUTE (.)
                0x0000000000011888                __alt_stack_base = ABSOLUTE (.)
                [!provide]                        PROVIDE (_alt_partition_onchip_memory_load_addr, LOADADDR (.onchip_memory))

.stab
 *(.stab)

.stabstr
 *(.stabstr)

.stab.excl
 *(.stab.excl)

.stab.exclstr
 *(.stab.exclstr)

.stab.index
 *(.stab.index)

.stab.indexstr
 *(.stab.indexstr)

.comment        0x0000000000000000       0x23
 *(.comment)
 .comment       0x0000000000000000       0x23 obj/default/hello_world_small.o
                                         0x24 (size before relaxing)
 .comment       0x0000000000000023       0x24 c:/intelfpga_lite/18.1/nios2eds/bin/gnu/h-x86_64-mingw32/bin/../lib/gcc/nios2-elf/5.3.0/mno-hw-mul\libgcc.a(lib2-mul.o)
 .comment       0x0000000000000023       0x24 c:/intelfpga_lite/18.1/nios2eds/bin/gnu/h-x86_64-mingw32/bin/../lib/gcc/nios2-elf/5.3.0/../../../../../H-x86_64-mingw32/nios2-elf/lib/mno-hw-mul\libsmallc.a(lib_a-printf.o)
 .comment       0x0000000000000023       0x24 c:/intelfpga_lite/18.1/nios2eds/bin/gnu/h-x86_64-mingw32/bin/../lib/gcc/nios2-elf/5.3.0/../../../../../H-x86_64-mingw32/nios2-elf/lib/mno-hw-mul\libsmallc.a(lib_a-vfprintf.o)
 .comment       0x0000000000000023       0x24 c:/intelfpga_lite/18.1/nios2eds/bin/gnu/h-x86_64-mingw32/bin/../lib/gcc/nios2-elf/5.3.0/../../../../../H-x86_64-mingw32/nios2-elf/lib/mno-hw-mul\libsmallc.a(lib_a-fvwrite_small_dev.o)
 .comment       0x0000000000000023       0x24 c:/intelfpga_lite/18.1/nios2eds/bin/gnu/h-x86_64-mingw32/bin/../lib/gcc/nios2-elf/5.3.0/../../../../../H-x86_64-mingw32/nios2-elf/lib/mno-hw-mul\libsmallc.a(lib_a-impure.o)
 .comment       0x0000000000000023       0x24 c:/intelfpga_lite/18.1/nios2eds/bin/gnu/h-x86_64-mingw32/bin/../lib/gcc/nios2-elf/5.3.0/../../../../../H-x86_64-mingw32/nios2-elf/lib/mno-hw-mul\libsmallc.a(lib_a-strlen.o)
 .comment       0x0000000000000023       0x24 c:/intelfpga_lite/18.1/nios2eds/bin/gnu/h-x86_64-mingw32/bin/../lib/gcc/nios2-elf/5.3.0/../../../../../H-x86_64-mingw32/nios2-elf/lib/mno-hw-mul\libsmallc.a(lib_a-writer.o)
 .comment       0x0000000000000023       0x24 c:/intelfpga_lite/18.1/nios2eds/bin/gnu/h-x86_64-mingw32/bin/../lib/gcc/nios2-elf/5.3.0/../../../../../H-x86_64-mingw32/nios2-elf/lib/mno-hw-mul\libsmallc.a(lib_a-int_errno.o)
 .comment       0x0000000000000023       0x24 c:/intelfpga_lite/18.1/nios2eds/bin/gnu/h-x86_64-mingw32/bin/../lib/gcc/nios2-elf/5.3.0/mno-hw-mul\libgcc.a(lib2-divmod.o)
 .comment       0x0000000000000023       0x24 ../lab4_test2_bsp/\libhal_bsp.a(alt_getchar.o)
 .comment       0x0000000000000023       0x24 ../lab4_test2_bsp/\libhal_bsp.a(alt_irq_register.o)
 .comment       0x0000000000000023       0x24 ../lab4_test2_bsp/\libhal_bsp.a(alt_irq_vars.o)
 .comment       0x0000000000000023       0x24 ../lab4_test2_bsp/\libhal_bsp.a(alt_load.o)
 .comment       0x0000000000000023       0x24 ../lab4_test2_bsp/\libhal_bsp.a(alt_main.o)
 .comment       0x0000000000000023       0x24 ../lab4_test2_bsp/\libhal_bsp.a(alt_write.o)
 .comment       0x0000000000000023       0x24 ../lab4_test2_bsp/\libhal_bsp.a(alt_sys_init.o)
 .comment       0x0000000000000023       0x24 ../lab4_test2_bsp/\libhal_bsp.a(altera_avalon_jtag_uart_read.o)
 .comment       0x0000000000000023       0x24 ../lab4_test2_bsp/\libhal_bsp.a(altera_avalon_jtag_uart_write.o)
 .comment       0x0000000000000023       0x24 ../lab4_test2_bsp/\libhal_bsp.a(altera_up_avalon_accelerometer_spi.o)
 .comment       0x0000000000000023       0x24 ../lab4_test2_bsp/\libhal_bsp.a(alt_dcache_flush_all.o)
 .comment       0x0000000000000023       0x24 ../lab4_test2_bsp/\libhal_bsp.a(alt_dev.o)
 .comment       0x0000000000000023       0x24 ../lab4_test2_bsp/\libhal_bsp.a(alt_dev_llist_insert.o)
 .comment       0x0000000000000023       0x24 ../lab4_test2_bsp/\libhal_bsp.a(alt_errno.o)
 .comment       0x0000000000000023       0x24 ../lab4_test2_bsp/\libhal_bsp.a(alt_find_dev.o)
 .comment       0x0000000000000023       0x24 ../lab4_test2_bsp/\libhal_bsp.a(alt_icache_flush_all.o)
 .comment       0x0000000000000023       0x24 ../lab4_test2_bsp/\libhal_bsp.a(alt_irq_handler.o)
 .comment       0x0000000000000023       0x24 ../lab4_test2_bsp/\libhal_bsp.a(altera_nios2_gen2_irq.o)
 .comment       0x0000000000000023       0x24 ../lab4_test2_bsp/\libhal_bsp.a(alt_instruction_exception_entry.o)
 .comment       0x0000000000000023       0x24 c:/intelfpga_lite/18.1/nios2eds/bin/gnu/h-x86_64-mingw32/bin/../lib/gcc/nios2-elf/5.3.0/../../../../../H-x86_64-mingw32/nios2-elf/lib/mno-hw-mul\libsmallc.a(lib_a-memcmp.o)

.debug
 *(.debug)

.line
 *(.line)

.debug_srcinfo
 *(.debug_srcinfo)

.debug_sfnames
 *(.debug_sfnames)

.debug_aranges  0x0000000000000000      0x458
 *(.debug_aranges)
 .debug_aranges
                0x0000000000000000       0x28 ../lab4_test2_bsp//obj/HAL/src/crt0.o
 .debug_aranges
                0x0000000000000028       0x28 obj/default/hello_world_small.o
 .debug_aranges
                0x0000000000000050       0x20 c:/intelfpga_lite/18.1/nios2eds/bin/gnu/h-x86_64-mingw32/bin/../lib/gcc/nios2-elf/5.3.0/mno-hw-mul\libgcc.a(lib2-mul.o)
 .debug_aranges
                0x0000000000000070       0x28 c:/intelfpga_lite/18.1/nios2eds/bin/gnu/h-x86_64-mingw32/bin/../lib/gcc/nios2-elf/5.3.0/../../../../../H-x86_64-mingw32/nios2-elf/lib/mno-hw-mul\libsmallc.a(lib_a-printf.o)
 .debug_aranges
                0x0000000000000098       0x30 c:/intelfpga_lite/18.1/nios2eds/bin/gnu/h-x86_64-mingw32/bin/../lib/gcc/nios2-elf/5.3.0/../../../../../H-x86_64-mingw32/nios2-elf/lib/mno-hw-mul\libsmallc.a(lib_a-vfprintf.o)
 .debug_aranges
                0x00000000000000c8       0x20 c:/intelfpga_lite/18.1/nios2eds/bin/gnu/h-x86_64-mingw32/bin/../lib/gcc/nios2-elf/5.3.0/../../../../../H-x86_64-mingw32/nios2-elf/lib/mno-hw-mul\libsmallc.a(lib_a-fvwrite_small_dev.o)
 .debug_aranges
                0x00000000000000e8       0x18 c:/intelfpga_lite/18.1/nios2eds/bin/gnu/h-x86_64-mingw32/bin/../lib/gcc/nios2-elf/5.3.0/../../../../../H-x86_64-mingw32/nios2-elf/lib/mno-hw-mul\libsmallc.a(lib_a-impure.o)
 .debug_aranges
                0x0000000000000100       0x20 c:/intelfpga_lite/18.1/nios2eds/bin/gnu/h-x86_64-mingw32/bin/../lib/gcc/nios2-elf/5.3.0/../../../../../H-x86_64-mingw32/nios2-elf/lib/mno-hw-mul\libsmallc.a(lib_a-strlen.o)
 .debug_aranges
                0x0000000000000120       0x20 c:/intelfpga_lite/18.1/nios2eds/bin/gnu/h-x86_64-mingw32/bin/../lib/gcc/nios2-elf/5.3.0/../../../../../H-x86_64-mingw32/nios2-elf/lib/mno-hw-mul\libsmallc.a(lib_a-writer.o)
 .debug_aranges
                0x0000000000000140       0x18 c:/intelfpga_lite/18.1/nios2eds/bin/gnu/h-x86_64-mingw32/bin/../lib/gcc/nios2-elf/5.3.0/../../../../../H-x86_64-mingw32/nios2-elf/lib/mno-hw-mul\libsmallc.a(lib_a-int_errno.o)
 .debug_aranges
                0x0000000000000158       0x20 c:/intelfpga_lite/18.1/nios2eds/bin/gnu/h-x86_64-mingw32/bin/../lib/gcc/nios2-elf/5.3.0/mno-hw-mul\libgcc.a(lib2-divmod.o)
 .debug_aranges
                0x0000000000000178       0x20 ../lab4_test2_bsp/\libhal_bsp.a(alt_getchar.o)
 .debug_aranges
                0x0000000000000198       0x20 ../lab4_test2_bsp/\libhal_bsp.a(alt_irq_register.o)
 .debug_aranges
                0x00000000000001b8       0x18 ../lab4_test2_bsp/\libhal_bsp.a(alt_irq_vars.o)
 .debug_aranges
                0x00000000000001d0       0x20 ../lab4_test2_bsp/\libhal_bsp.a(alt_load.o)
 .debug_aranges
                0x00000000000001f0       0x20 ../lab4_test2_bsp/\libhal_bsp.a(alt_main.o)
 .debug_aranges
                0x0000000000000210       0x20 ../lab4_test2_bsp/\libhal_bsp.a(alt_write.o)
 .debug_aranges
                0x0000000000000230       0x20 ../lab4_test2_bsp/\libhal_bsp.a(alt_sys_init.o)
 .debug_aranges
                0x0000000000000250       0x20 ../lab4_test2_bsp/\libhal_bsp.a(altera_avalon_jtag_uart_read.o)
 .debug_aranges
                0x0000000000000270       0x20 ../lab4_test2_bsp/\libhal_bsp.a(altera_avalon_jtag_uart_write.o)
 .debug_aranges
                0x0000000000000290       0x20 ../lab4_test2_bsp/\libhal_bsp.a(altera_up_avalon_accelerometer_spi.o)
 .debug_aranges
                0x00000000000002b0       0x20 ../lab4_test2_bsp/\libhal_bsp.a(alt_dcache_flush_all.o)
 .debug_aranges
                0x00000000000002d0       0x20 ../lab4_test2_bsp/\libhal_bsp.a(alt_dev.o)
 .debug_aranges
                0x00000000000002f0       0x20 ../lab4_test2_bsp/\libhal_bsp.a(alt_dev_llist_insert.o)
 .debug_aranges
                0x0000000000000310       0x18 ../lab4_test2_bsp/\libhal_bsp.a(alt_errno.o)
 .debug_aranges
                0x0000000000000328       0x20 ../lab4_test2_bsp/\libhal_bsp.a(alt_find_dev.o)
 .debug_aranges
                0x0000000000000348       0x20 ../lab4_test2_bsp/\libhal_bsp.a(alt_icache_flush_all.o)
 .debug_aranges
                0x0000000000000368       0x30 ../lab4_test2_bsp/\libhal_bsp.a(alt_irq_entry.o)
 .debug_aranges
                0x0000000000000398       0x20 ../lab4_test2_bsp/\libhal_bsp.a(alt_irq_handler.o)
 .debug_aranges
                0x00000000000003b8       0x20 ../lab4_test2_bsp/\libhal_bsp.a(altera_nios2_gen2_irq.o)
 .debug_aranges
                0x00000000000003d8       0x38 ../lab4_test2_bsp/\libhal_bsp.a(alt_exception_entry.o)
 .debug_aranges
                0x0000000000000410       0x28 ../lab4_test2_bsp/\libhal_bsp.a(alt_instruction_exception_entry.o)
 .debug_aranges
                0x0000000000000438       0x20 c:/intelfpga_lite/18.1/nios2eds/bin/gnu/h-x86_64-mingw32/bin/../lib/gcc/nios2-elf/5.3.0/../../../../../H-x86_64-mingw32/nios2-elf/lib/mno-hw-mul\libsmallc.a(lib_a-memcmp.o)

.debug_pubnames
 *(.debug_pubnames)

.debug_info     0x0000000000000000     0x5999
 *(.debug_info .gnu.linkonce.wi.*)
 .debug_info    0x0000000000000000       0x88 ../lab4_test2_bsp//obj/HAL/src/crt0.o
 .debug_info    0x0000000000000088      0x69a obj/default/hello_world_small.o
 .debug_info    0x0000000000000722       0xb4 c:/intelfpga_lite/18.1/nios2eds/bin/gnu/h-x86_64-mingw32/bin/../lib/gcc/nios2-elf/5.3.0/mno-hw-mul\libgcc.a(lib2-mul.o)
 .debug_info    0x00000000000007d6      0x699 c:/intelfpga_lite/18.1/nios2eds/bin/gnu/h-x86_64-mingw32/bin/../lib/gcc/nios2-elf/5.3.0/../../../../../H-x86_64-mingw32/nios2-elf/lib/mno-hw-mul\libsmallc.a(lib_a-printf.o)
 .debug_info    0x0000000000000e6f      0xb2b c:/intelfpga_lite/18.1/nios2eds/bin/gnu/h-x86_64-mingw32/bin/../lib/gcc/nios2-elf/5.3.0/../../../../../H-x86_64-mingw32/nios2-elf/lib/mno-hw-mul\libsmallc.a(lib_a-vfprintf.o)
 .debug_info    0x000000000000199a      0x62b c:/intelfpga_lite/18.1/nios2eds/bin/gnu/h-x86_64-mingw32/bin/../lib/gcc/nios2-elf/5.3.0/../../../../../H-x86_64-mingw32/nios2-elf/lib/mno-hw-mul\libsmallc.a(lib_a-fvwrite_small_dev.o)
 .debug_info    0x0000000000001fc5      0x5a9 c:/intelfpga_lite/18.1/nios2eds/bin/gnu/h-x86_64-mingw32/bin/../lib/gcc/nios2-elf/5.3.0/../../../../../H-x86_64-mingw32/nios2-elf/lib/mno-hw-mul\libsmallc.a(lib_a-impure.o)
 .debug_info    0x000000000000256e       0xc9 c:/intelfpga_lite/18.1/nios2eds/bin/gnu/h-x86_64-mingw32/bin/../lib/gcc/nios2-elf/5.3.0/../../../../../H-x86_64-mingw32/nios2-elf/lib/mno-hw-mul\libsmallc.a(lib_a-strlen.o)
 .debug_info    0x0000000000002637      0x630 c:/intelfpga_lite/18.1/nios2eds/bin/gnu/h-x86_64-mingw32/bin/../lib/gcc/nios2-elf/5.3.0/../../../../../H-x86_64-mingw32/nios2-elf/lib/mno-hw-mul\libsmallc.a(lib_a-writer.o)
 .debug_info    0x0000000000002c67       0x8a c:/intelfpga_lite/18.1/nios2eds/bin/gnu/h-x86_64-mingw32/bin/../lib/gcc/nios2-elf/5.3.0/../../../../../H-x86_64-mingw32/nios2-elf/lib/mno-hw-mul\libsmallc.a(lib_a-int_errno.o)
 .debug_info    0x0000000000002cf1      0x2c6 c:/intelfpga_lite/18.1/nios2eds/bin/gnu/h-x86_64-mingw32/bin/../lib/gcc/nios2-elf/5.3.0/mno-hw-mul\libgcc.a(lib2-divmod.o)
 .debug_info    0x0000000000002fb7      0x32d ../lab4_test2_bsp/\libhal_bsp.a(alt_getchar.o)
 .debug_info    0x00000000000032e4      0x30d ../lab4_test2_bsp/\libhal_bsp.a(alt_irq_register.o)
 .debug_info    0x00000000000035f1       0x88 ../lab4_test2_bsp/\libhal_bsp.a(alt_irq_vars.o)
 .debug_info    0x0000000000003679      0x1c9 ../lab4_test2_bsp/\libhal_bsp.a(alt_load.o)
 .debug_info    0x0000000000003842      0x18f ../lab4_test2_bsp/\libhal_bsp.a(alt_main.o)
 .debug_info    0x00000000000039d1      0x1c7 ../lab4_test2_bsp/\libhal_bsp.a(alt_write.o)
 .debug_info    0x0000000000003b98      0x459 ../lab4_test2_bsp/\libhal_bsp.a(alt_sys_init.o)
 .debug_info    0x0000000000003ff1      0x1ca ../lab4_test2_bsp/\libhal_bsp.a(altera_avalon_jtag_uart_read.o)
 .debug_info    0x00000000000041bb      0x1ad ../lab4_test2_bsp/\libhal_bsp.a(altera_avalon_jtag_uart_write.o)
 .debug_info    0x0000000000004368      0x479 ../lab4_test2_bsp/\libhal_bsp.a(altera_up_avalon_accelerometer_spi.o)
 .debug_info    0x00000000000047e1       0x92 ../lab4_test2_bsp/\libhal_bsp.a(alt_dcache_flush_all.o)
 .debug_info    0x0000000000004873      0x499 ../lab4_test2_bsp/\libhal_bsp.a(alt_dev.o)
 .debug_info    0x0000000000004d0c      0x1b3 ../lab4_test2_bsp/\libhal_bsp.a(alt_dev_llist_insert.o)
 .debug_info    0x0000000000004ebf       0xa6 ../lab4_test2_bsp/\libhal_bsp.a(alt_errno.o)
 .debug_info    0x0000000000004f65      0x32d ../lab4_test2_bsp/\libhal_bsp.a(alt_find_dev.o)
 .debug_info    0x0000000000005292       0x92 ../lab4_test2_bsp/\libhal_bsp.a(alt_icache_flush_all.o)
 .debug_info    0x0000000000005324       0x91 ../lab4_test2_bsp/\libhal_bsp.a(alt_irq_entry.o)
 .debug_info    0x00000000000053b5      0x1a4 ../lab4_test2_bsp/\libhal_bsp.a(alt_irq_handler.o)
 .debug_info    0x0000000000005559       0xb8 ../lab4_test2_bsp/\libhal_bsp.a(altera_nios2_gen2_irq.o)
 .debug_info    0x0000000000005611       0x97 ../lab4_test2_bsp/\libhal_bsp.a(alt_exception_entry.o)
 .debug_info    0x00000000000056a8      0x1fd ../lab4_test2_bsp/\libhal_bsp.a(alt_instruction_exception_entry.o)
 .debug_info    0x00000000000058a5       0xf4 c:/intelfpga_lite/18.1/nios2eds/bin/gnu/h-x86_64-mingw32/bin/../lib/gcc/nios2-elf/5.3.0/../../../../../H-x86_64-mingw32/nios2-elf/lib/mno-hw-mul\libsmallc.a(lib_a-memcmp.o)

.debug_abbrev   0x0000000000000000     0x1fb9
 *(.debug_abbrev)
 .debug_abbrev  0x0000000000000000       0x12 ../lab4_test2_bsp//obj/HAL/src/crt0.o
 .debug_abbrev  0x0000000000000012      0x286 obj/default/hello_world_small.o
 .debug_abbrev  0x0000000000000298       0x6f c:/intelfpga_lite/18.1/nios2eds/bin/gnu/h-x86_64-mingw32/bin/../lib/gcc/nios2-elf/5.3.0/mno-hw-mul\libgcc.a(lib2-mul.o)
 .debug_abbrev  0x0000000000000307      0x1ee c:/intelfpga_lite/18.1/nios2eds/bin/gnu/h-x86_64-mingw32/bin/../lib/gcc/nios2-elf/5.3.0/../../../../../H-x86_64-mingw32/nios2-elf/lib/mno-hw-mul\libsmallc.a(lib_a-printf.o)
 .debug_abbrev  0x00000000000004f5      0x2a1 c:/intelfpga_lite/18.1/nios2eds/bin/gnu/h-x86_64-mingw32/bin/../lib/gcc/nios2-elf/5.3.0/../../../../../H-x86_64-mingw32/nios2-elf/lib/mno-hw-mul\libsmallc.a(lib_a-vfprintf.o)
 .debug_abbrev  0x0000000000000796      0x1bc c:/intelfpga_lite/18.1/nios2eds/bin/gnu/h-x86_64-mingw32/bin/../lib/gcc/nios2-elf/5.3.0/../../../../../H-x86_64-mingw32/nios2-elf/lib/mno-hw-mul\libsmallc.a(lib_a-fvwrite_small_dev.o)
 .debug_abbrev  0x0000000000000952      0x14a c:/intelfpga_lite/18.1/nios2eds/bin/gnu/h-x86_64-mingw32/bin/../lib/gcc/nios2-elf/5.3.0/../../../../../H-x86_64-mingw32/nios2-elf/lib/mno-hw-mul\libsmallc.a(lib_a-impure.o)
 .debug_abbrev  0x0000000000000a9c       0x7f c:/intelfpga_lite/18.1/nios2eds/bin/gnu/h-x86_64-mingw32/bin/../lib/gcc/nios2-elf/5.3.0/../../../../../H-x86_64-mingw32/nios2-elf/lib/mno-hw-mul\libsmallc.a(lib_a-strlen.o)
 .debug_abbrev  0x0000000000000b1b      0x1a6 c:/intelfpga_lite/18.1/nios2eds/bin/gnu/h-x86_64-mingw32/bin/../lib/gcc/nios2-elf/5.3.0/../../../../../H-x86_64-mingw32/nios2-elf/lib/mno-hw-mul\libsmallc.a(lib_a-writer.o)
 .debug_abbrev  0x0000000000000cc1       0x37 c:/intelfpga_lite/18.1/nios2eds/bin/gnu/h-x86_64-mingw32/bin/../lib/gcc/nios2-elf/5.3.0/../../../../../H-x86_64-mingw32/nios2-elf/lib/mno-hw-mul\libsmallc.a(lib_a-int_errno.o)
 .debug_abbrev  0x0000000000000cf8      0x10e c:/intelfpga_lite/18.1/nios2eds/bin/gnu/h-x86_64-mingw32/bin/../lib/gcc/nios2-elf/5.3.0/mno-hw-mul\libgcc.a(lib2-divmod.o)
 .debug_abbrev  0x0000000000000e06      0x11d ../lab4_test2_bsp/\libhal_bsp.a(alt_getchar.o)
 .debug_abbrev  0x0000000000000f23      0x1a5 ../lab4_test2_bsp/\libhal_bsp.a(alt_irq_register.o)
 .debug_abbrev  0x00000000000010c8       0x40 ../lab4_test2_bsp/\libhal_bsp.a(alt_irq_vars.o)
 .debug_abbrev  0x0000000000001108       0xd8 ../lab4_test2_bsp/\libhal_bsp.a(alt_load.o)
 .debug_abbrev  0x00000000000011e0       0xf5 ../lab4_test2_bsp/\libhal_bsp.a(alt_main.o)
 .debug_abbrev  0x00000000000012d5      0x12e ../lab4_test2_bsp/\libhal_bsp.a(alt_write.o)
 .debug_abbrev  0x0000000000001403      0x1a5 ../lab4_test2_bsp/\libhal_bsp.a(alt_sys_init.o)
 .debug_abbrev  0x00000000000015a8      0x102 ../lab4_test2_bsp/\libhal_bsp.a(altera_avalon_jtag_uart_read.o)
 .debug_abbrev  0x00000000000016aa       0xd5 ../lab4_test2_bsp/\libhal_bsp.a(altera_avalon_jtag_uart_write.o)
 .debug_abbrev  0x000000000000177f      0x119 ../lab4_test2_bsp/\libhal_bsp.a(altera_up_avalon_accelerometer_spi.o)
 .debug_abbrev  0x0000000000001898       0x42 ../lab4_test2_bsp/\libhal_bsp.a(alt_dcache_flush_all.o)
 .debug_abbrev  0x00000000000018da       0xd9 ../lab4_test2_bsp/\libhal_bsp.a(alt_dev.o)
 .debug_abbrev  0x00000000000019b3      0x11c ../lab4_test2_bsp/\libhal_bsp.a(alt_dev_llist_insert.o)
 .debug_abbrev  0x0000000000001acf       0x5a ../lab4_test2_bsp/\libhal_bsp.a(alt_errno.o)
 .debug_abbrev  0x0000000000001b29      0x125 ../lab4_test2_bsp/\libhal_bsp.a(alt_find_dev.o)
 .debug_abbrev  0x0000000000001c4e       0x42 ../lab4_test2_bsp/\libhal_bsp.a(alt_icache_flush_all.o)
 .debug_abbrev  0x0000000000001c90       0x12 ../lab4_test2_bsp/\libhal_bsp.a(alt_irq_entry.o)
 .debug_abbrev  0x0000000000001ca2      0x138 ../lab4_test2_bsp/\libhal_bsp.a(alt_irq_handler.o)
 .debug_abbrev  0x0000000000001dda       0x67 ../lab4_test2_bsp/\libhal_bsp.a(altera_nios2_gen2_irq.o)
 .debug_abbrev  0x0000000000001e41       0x12 ../lab4_test2_bsp/\libhal_bsp.a(alt_exception_entry.o)
 .debug_abbrev  0x0000000000001e53       0xe7 ../lab4_test2_bsp/\libhal_bsp.a(alt_instruction_exception_entry.o)
 .debug_abbrev  0x0000000000001f3a       0x7f c:/intelfpga_lite/18.1/nios2eds/bin/gnu/h-x86_64-mingw32/bin/../lib/gcc/nios2-elf/5.3.0/../../../../../H-x86_64-mingw32/nios2-elf/lib/mno-hw-mul\libsmallc.a(lib_a-memcmp.o)

.debug_line     0x0000000000000000     0x223b
 *(.debug_line)
 .debug_line    0x0000000000000000       0x66 ../lab4_test2_bsp//obj/HAL/src/crt0.o
 .debug_line    0x0000000000000066      0x213 obj/default/hello_world_small.o
 .debug_line    0x0000000000000279       0x80 c:/intelfpga_lite/18.1/nios2eds/bin/gnu/h-x86_64-mingw32/bin/../lib/gcc/nios2-elf/5.3.0/mno-hw-mul\libgcc.a(lib2-mul.o)
 .debug_line    0x00000000000002f9      0x203 c:/intelfpga_lite/18.1/nios2eds/bin/gnu/h-x86_64-mingw32/bin/../lib/gcc/nios2-elf/5.3.0/../../../../../H-x86_64-mingw32/nios2-elf/lib/mno-hw-mul\libsmallc.a(lib_a-printf.o)
 .debug_line    0x00000000000004fc      0x351 c:/intelfpga_lite/18.1/nios2eds/bin/gnu/h-x86_64-mingw32/bin/../lib/gcc/nios2-elf/5.3.0/../../../../../H-x86_64-mingw32/nios2-elf/lib/mno-hw-mul\libsmallc.a(lib_a-vfprintf.o)
 .debug_line    0x000000000000084d      0x1f0 c:/intelfpga_lite/18.1/nios2eds/bin/gnu/h-x86_64-mingw32/bin/../lib/gcc/nios2-elf/5.3.0/../../../../../H-x86_64-mingw32/nios2-elf/lib/mno-hw-mul\libsmallc.a(lib_a-fvwrite_small_dev.o)
 .debug_line    0x0000000000000a3d      0x156 c:/intelfpga_lite/18.1/nios2eds/bin/gnu/h-x86_64-mingw32/bin/../lib/gcc/nios2-elf/5.3.0/../../../../../H-x86_64-mingw32/nios2-elf/lib/mno-hw-mul\libsmallc.a(lib_a-impure.o)
 .debug_line    0x0000000000000b93      0x15c c:/intelfpga_lite/18.1/nios2eds/bin/gnu/h-x86_64-mingw32/bin/../lib/gcc/nios2-elf/5.3.0/../../../../../H-x86_64-mingw32/nios2-elf/lib/mno-hw-mul\libsmallc.a(lib_a-strlen.o)
 .debug_line    0x0000000000000cef      0x1ed c:/intelfpga_lite/18.1/nios2eds/bin/gnu/h-x86_64-mingw32/bin/../lib/gcc/nios2-elf/5.3.0/../../../../../H-x86_64-mingw32/nios2-elf/lib/mno-hw-mul\libsmallc.a(lib_a-writer.o)
 .debug_line    0x0000000000000edc       0x5f c:/intelfpga_lite/18.1/nios2eds/bin/gnu/h-x86_64-mingw32/bin/../lib/gcc/nios2-elf/5.3.0/../../../../../H-x86_64-mingw32/nios2-elf/lib/mno-hw-mul\libsmallc.a(lib_a-int_errno.o)
 .debug_line    0x0000000000000f3b      0x105 c:/intelfpga_lite/18.1/nios2eds/bin/gnu/h-x86_64-mingw32/bin/../lib/gcc/nios2-elf/5.3.0/mno-hw-mul\libgcc.a(lib2-divmod.o)
 .debug_line    0x0000000000001040       0xb7 ../lab4_test2_bsp/\libhal_bsp.a(alt_getchar.o)
 .debug_line    0x00000000000010f7       0xed ../lab4_test2_bsp/\libhal_bsp.a(alt_irq_register.o)
 .debug_line    0x00000000000011e4       0x50 ../lab4_test2_bsp/\libhal_bsp.a(alt_irq_vars.o)
 .debug_line    0x0000000000001234       0xa4 ../lab4_test2_bsp/\libhal_bsp.a(alt_load.o)
 .debug_line    0x00000000000012d8       0xea ../lab4_test2_bsp/\libhal_bsp.a(alt_main.o)
 .debug_line    0x00000000000013c2      0x16a ../lab4_test2_bsp/\libhal_bsp.a(alt_write.o)
 .debug_line    0x000000000000152c      0x178 ../lab4_test2_bsp/\libhal_bsp.a(alt_sys_init.o)
 .debug_line    0x00000000000016a4      0x10f ../lab4_test2_bsp/\libhal_bsp.a(altera_avalon_jtag_uart_read.o)
 .debug_line    0x00000000000017b3      0x104 ../lab4_test2_bsp/\libhal_bsp.a(altera_avalon_jtag_uart_write.o)
 .debug_line    0x00000000000018b7      0x131 ../lab4_test2_bsp/\libhal_bsp.a(altera_up_avalon_accelerometer_spi.o)
 .debug_line    0x00000000000019e8       0x4e ../lab4_test2_bsp/\libhal_bsp.a(alt_dcache_flush_all.o)
 .debug_line    0x0000000000001a36       0xf6 ../lab4_test2_bsp/\libhal_bsp.a(alt_dev.o)
 .debug_line    0x0000000000001b2c       0xd8 ../lab4_test2_bsp/\libhal_bsp.a(alt_dev_llist_insert.o)
 .debug_line    0x0000000000001c04       0x51 ../lab4_test2_bsp/\libhal_bsp.a(alt_errno.o)
 .debug_line    0x0000000000001c55      0x107 ../lab4_test2_bsp/\libhal_bsp.a(alt_find_dev.o)
 .debug_line    0x0000000000001d5c       0x4e ../lab4_test2_bsp/\libhal_bsp.a(alt_icache_flush_all.o)
 .debug_line    0x0000000000001daa       0x6b ../lab4_test2_bsp/\libhal_bsp.a(alt_irq_entry.o)
 .debug_line    0x0000000000001e15       0xc8 ../lab4_test2_bsp/\libhal_bsp.a(alt_irq_handler.o)
 .debug_line    0x0000000000001edd       0x8c ../lab4_test2_bsp/\libhal_bsp.a(altera_nios2_gen2_irq.o)
 .debug_line    0x0000000000001f69       0xb3 ../lab4_test2_bsp/\libhal_bsp.a(alt_exception_entry.o)
 .debug_line    0x000000000000201c       0xbf ../lab4_test2_bsp/\libhal_bsp.a(alt_instruction_exception_entry.o)
 .debug_line    0x00000000000020db      0x160 c:/intelfpga_lite/18.1/nios2eds/bin/gnu/h-x86_64-mingw32/bin/../lib/gcc/nios2-elf/5.3.0/../../../../../H-x86_64-mingw32/nios2-elf/lib/mno-hw-mul\libsmallc.a(lib_a-memcmp.o)

.debug_frame    0x0000000000000000      0x608
 *(.debug_frame)
 .debug_frame   0x0000000000000000       0xd8 obj/default/hello_world_small.o
 .debug_frame   0x00000000000000d8       0x20 c:/intelfpga_lite/18.1/nios2eds/bin/gnu/h-x86_64-mingw32/bin/../lib/gcc/nios2-elf/5.3.0/mno-hw-mul\libgcc.a(lib2-mul.o)
 .debug_frame   0x00000000000000f8       0x48 c:/intelfpga_lite/18.1/nios2eds/bin/gnu/h-x86_64-mingw32/bin/../lib/gcc/nios2-elf/5.3.0/../../../../../H-x86_64-mingw32/nios2-elf/lib/mno-hw-mul\libsmallc.a(lib_a-printf.o)
 .debug_frame   0x0000000000000140       0x8c c:/intelfpga_lite/18.1/nios2eds/bin/gnu/h-x86_64-mingw32/bin/../lib/gcc/nios2-elf/5.3.0/../../../../../H-x86_64-mingw32/nios2-elf/lib/mno-hw-mul\libsmallc.a(lib_a-vfprintf.o)
 .debug_frame   0x00000000000001cc       0x58 c:/intelfpga_lite/18.1/nios2eds/bin/gnu/h-x86_64-mingw32/bin/../lib/gcc/nios2-elf/5.3.0/../../../../../H-x86_64-mingw32/nios2-elf/lib/mno-hw-mul\libsmallc.a(lib_a-fvwrite_small_dev.o)
 .debug_frame   0x0000000000000224       0x20 c:/intelfpga_lite/18.1/nios2eds/bin/gnu/h-x86_64-mingw32/bin/../lib/gcc/nios2-elf/5.3.0/../../../../../H-x86_64-mingw32/nios2-elf/lib/mno-hw-mul\libsmallc.a(lib_a-strlen.o)
 .debug_frame   0x0000000000000244       0x38 c:/intelfpga_lite/18.1/nios2eds/bin/gnu/h-x86_64-mingw32/bin/../lib/gcc/nios2-elf/5.3.0/../../../../../H-x86_64-mingw32/nios2-elf/lib/mno-hw-mul\libsmallc.a(lib_a-writer.o)
 .debug_frame   0x000000000000027c       0x50 c:/intelfpga_lite/18.1/nios2eds/bin/gnu/h-x86_64-mingw32/bin/../lib/gcc/nios2-elf/5.3.0/mno-hw-mul\libgcc.a(lib2-divmod.o)
 .debug_frame   0x00000000000002cc       0x2c ../lab4_test2_bsp/\libhal_bsp.a(alt_getchar.o)
 .debug_frame   0x00000000000002f8       0x20 ../lab4_test2_bsp/\libhal_bsp.a(alt_irq_register.o)
 .debug_frame   0x0000000000000318       0x30 ../lab4_test2_bsp/\libhal_bsp.a(alt_load.o)
 .debug_frame   0x0000000000000348       0x2c ../lab4_test2_bsp/\libhal_bsp.a(alt_main.o)
 .debug_frame   0x0000000000000374       0x2c ../lab4_test2_bsp/\libhal_bsp.a(alt_write.o)
 .debug_frame   0x00000000000003a0       0x3c ../lab4_test2_bsp/\libhal_bsp.a(alt_sys_init.o)
 .debug_frame   0x00000000000003dc       0x20 ../lab4_test2_bsp/\libhal_bsp.a(altera_avalon_jtag_uart_read.o)
 .debug_frame   0x00000000000003fc       0x20 ../lab4_test2_bsp/\libhal_bsp.a(altera_avalon_jtag_uart_write.o)
 .debug_frame   0x000000000000041c       0x80 ../lab4_test2_bsp/\libhal_bsp.a(altera_up_avalon_accelerometer_spi.o)
 .debug_frame   0x000000000000049c       0x20 ../lab4_test2_bsp/\libhal_bsp.a(alt_dcache_flush_all.o)
 .debug_frame   0x00000000000004bc       0x20 ../lab4_test2_bsp/\libhal_bsp.a(alt_dev.o)
 .debug_frame   0x00000000000004dc       0x2c ../lab4_test2_bsp/\libhal_bsp.a(alt_dev_llist_insert.o)
 .debug_frame   0x0000000000000508       0x3c ../lab4_test2_bsp/\libhal_bsp.a(alt_find_dev.o)
 .debug_frame   0x0000000000000544       0x20 ../lab4_test2_bsp/\libhal_bsp.a(alt_icache_flush_all.o)
 .debug_frame   0x0000000000000564       0x34 ../lab4_test2_bsp/\libhal_bsp.a(alt_irq_handler.o)
 .debug_frame   0x0000000000000598       0x20 ../lab4_test2_bsp/\libhal_bsp.a(altera_nios2_gen2_irq.o)
 .debug_frame   0x00000000000005b8       0x30 ../lab4_test2_bsp/\libhal_bsp.a(alt_instruction_exception_entry.o)
 .debug_frame   0x00000000000005e8       0x20 c:/intelfpga_lite/18.1/nios2eds/bin/gnu/h-x86_64-mingw32/bin/../lib/gcc/nios2-elf/5.3.0/../../../../../H-x86_64-mingw32/nios2-elf/lib/mno-hw-mul\libsmallc.a(lib_a-memcmp.o)

.debug_str      0x0000000000000000     0x19c3
 *(.debug_str)
 .debug_str     0x0000000000000000      0x2bb obj/default/hello_world_small.o
                                        0x319 (size before relaxing)
 .debug_str     0x00000000000002bb      0x148 c:/intelfpga_lite/18.1/nios2eds/bin/gnu/h-x86_64-mingw32/bin/../lib/gcc/nios2-elf/5.3.0/mno-hw-mul\libgcc.a(lib2-mul.o)
                                        0x193 (size before relaxing)
 .debug_str     0x0000000000000403      0x422 c:/intelfpga_lite/18.1/nios2eds/bin/gnu/h-x86_64-mingw32/bin/../lib/gcc/nios2-elf/5.3.0/../../../../../H-x86_64-mingw32/nios2-elf/lib/mno-hw-mul\libsmallc.a(lib_a-printf.o)
                                        0x504 (size before relaxing)
 .debug_str     0x0000000000000825      0x1ff c:/intelfpga_lite/18.1/nios2eds/bin/gnu/h-x86_64-mingw32/bin/../lib/gcc/nios2-elf/5.3.0/../../../../../H-x86_64-mingw32/nios2-elf/lib/mno-hw-mul\libsmallc.a(lib_a-vfprintf.o)
                                        0x67f (size before relaxing)
 .debug_str     0x0000000000000a24       0x78 c:/intelfpga_lite/18.1/nios2eds/bin/gnu/h-x86_64-mingw32/bin/../lib/gcc/nios2-elf/5.3.0/../../../../../H-x86_64-mingw32/nios2-elf/lib/mno-hw-mul\libsmallc.a(lib_a-fvwrite_small_dev.o)
                                        0x4d4 (size before relaxing)
 .debug_str     0x0000000000000a9c       0xef c:/intelfpga_lite/18.1/nios2eds/bin/gnu/h-x86_64-mingw32/bin/../lib/gcc/nios2-elf/5.3.0/../../../../../H-x86_64-mingw32/nios2-elf/lib/mno-hw-mul\libsmallc.a(lib_a-impure.o)
                                        0x4be (size before relaxing)
 .debug_str     0x0000000000000b8b       0xd2 c:/intelfpga_lite/18.1/nios2eds/bin/gnu/h-x86_64-mingw32/bin/../lib/gcc/nios2-elf/5.3.0/../../../../../H-x86_64-mingw32/nios2-elf/lib/mno-hw-mul\libsmallc.a(lib_a-strlen.o)
                                        0x1e5 (size before relaxing)
 .debug_str     0x0000000000000c5d       0x45 c:/intelfpga_lite/18.1/nios2eds/bin/gnu/h-x86_64-mingw32/bin/../lib/gcc/nios2-elf/5.3.0/../../../../../H-x86_64-mingw32/nios2-elf/lib/mno-hw-mul\libsmallc.a(lib_a-writer.o)
                                        0x4b8 (size before relaxing)
 .debug_str     0x0000000000000ca2       0x3f c:/intelfpga_lite/18.1/nios2eds/bin/gnu/h-x86_64-mingw32/bin/../lib/gcc/nios2-elf/5.3.0/../../../../../H-x86_64-mingw32/nios2-elf/lib/mno-hw-mul\libsmallc.a(lib_a-int_errno.o)
                                        0x1d8 (size before relaxing)
 .debug_str     0x0000000000000ce1       0x7f c:/intelfpga_lite/18.1/nios2eds/bin/gnu/h-x86_64-mingw32/bin/../lib/gcc/nios2-elf/5.3.0/mno-hw-mul\libgcc.a(lib2-divmod.o)
                                        0x1d2 (size before relaxing)
 .debug_str     0x0000000000000d60       0xbd ../lab4_test2_bsp/\libhal_bsp.a(alt_getchar.o)
                                        0x250 (size before relaxing)
 .debug_str     0x0000000000000e1d       0x9d ../lab4_test2_bsp/\libhal_bsp.a(alt_irq_register.o)
                                        0x222 (size before relaxing)
 .debug_str     0x0000000000000eba       0x17 ../lab4_test2_bsp/\libhal_bsp.a(alt_irq_vars.o)
                                        0x154 (size before relaxing)
 .debug_str     0x0000000000000ed1      0x113 ../lab4_test2_bsp/\libhal_bsp.a(alt_load.o)
                                        0x256 (size before relaxing)
 .debug_str     0x0000000000000fe4       0x5e ../lab4_test2_bsp/\libhal_bsp.a(alt_main.o)
                                        0x1f8 (size before relaxing)
 .debug_str     0x0000000000001042       0x4a ../lab4_test2_bsp/\libhal_bsp.a(alt_write.o)
                                        0x1f8 (size before relaxing)
 .debug_str     0x000000000000108c       0xfa ../lab4_test2_bsp/\libhal_bsp.a(alt_sys_init.o)
                                        0x364 (size before relaxing)
 .debug_str     0x0000000000001186       0x38 ../lab4_test2_bsp/\libhal_bsp.a(altera_avalon_jtag_uart_read.o)
                                        0x25a (size before relaxing)
 .debug_str     0x00000000000011be       0x2c ../lab4_test2_bsp/\libhal_bsp.a(altera_avalon_jtag_uart_write.o)
                                        0x250 (size before relaxing)
 .debug_str     0x00000000000011ea       0xfe ../lab4_test2_bsp/\libhal_bsp.a(altera_up_avalon_accelerometer_spi.o)
                                        0x368 (size before relaxing)
 .debug_str     0x00000000000012e8       0x1f ../lab4_test2_bsp/\libhal_bsp.a(alt_dcache_flush_all.o)
                                        0x16f (size before relaxing)
 .debug_str     0x0000000000001307      0x119 ../lab4_test2_bsp/\libhal_bsp.a(alt_dev.o)
                                        0x31f (size before relaxing)
 .debug_str     0x0000000000001420       0x30 ../lab4_test2_bsp/\libhal_bsp.a(alt_dev_llist_insert.o)
                                        0x1e6 (size before relaxing)
 .debug_str     0x0000000000001450       0x14 ../lab4_test2_bsp/\libhal_bsp.a(alt_errno.o)
                                        0x15f (size before relaxing)
 .debug_str     0x0000000000001464       0x1e ../lab4_test2_bsp/\libhal_bsp.a(alt_find_dev.o)
                                        0x214 (size before relaxing)
 .debug_str     0x0000000000001482       0x1f ../lab4_test2_bsp/\libhal_bsp.a(alt_icache_flush_all.o)
                                        0x16f (size before relaxing)
 .debug_str     0x00000000000014a1       0x3a ../lab4_test2_bsp/\libhal_bsp.a(alt_irq_handler.o)
                                        0x1d2 (size before relaxing)
 .debug_str     0x00000000000014db       0x20 ../lab4_test2_bsp/\libhal_bsp.a(altera_nios2_gen2_irq.o)
                                        0x19f (size before relaxing)
 .debug_str     0x00000000000014fb      0x48b ../lab4_test2_bsp/\libhal_bsp.a(alt_instruction_exception_entry.o)
                                        0x5ba (size before relaxing)
 .debug_str     0x0000000000001986       0x3d c:/intelfpga_lite/18.1/nios2eds/bin/gnu/h-x86_64-mingw32/bin/../lib/gcc/nios2-elf/5.3.0/../../../../../H-x86_64-mingw32/nios2-elf/lib/mno-hw-mul\libsmallc.a(lib_a-memcmp.o)
                                        0x1df (size before relaxing)

.debug_loc      0x0000000000000000     0x19d3
 *(.debug_loc)
 .debug_loc     0x0000000000000000      0x279 obj/default/hello_world_small.o
 .debug_loc     0x0000000000000279       0x93 c:/intelfpga_lite/18.1/nios2eds/bin/gnu/h-x86_64-mingw32/bin/../lib/gcc/nios2-elf/5.3.0/mno-hw-mul\libgcc.a(lib2-mul.o)
 .debug_loc     0x000000000000030c       0xc6 c:/intelfpga_lite/18.1/nios2eds/bin/gnu/h-x86_64-mingw32/bin/../lib/gcc/nios2-elf/5.3.0/../../../../../H-x86_64-mingw32/nios2-elf/lib/mno-hw-mul\libsmallc.a(lib_a-printf.o)
 .debug_loc     0x00000000000003d2      0x954 c:/intelfpga_lite/18.1/nios2eds/bin/gnu/h-x86_64-mingw32/bin/../lib/gcc/nios2-elf/5.3.0/../../../../../H-x86_64-mingw32/nios2-elf/lib/mno-hw-mul\libsmallc.a(lib_a-vfprintf.o)
 .debug_loc     0x0000000000000d26      0x110 c:/intelfpga_lite/18.1/nios2eds/bin/gnu/h-x86_64-mingw32/bin/../lib/gcc/nios2-elf/5.3.0/../../../../../H-x86_64-mingw32/nios2-elf/lib/mno-hw-mul\libsmallc.a(lib_a-fvwrite_small_dev.o)
 .debug_loc     0x0000000000000e36       0x1e c:/intelfpga_lite/18.1/nios2eds/bin/gnu/h-x86_64-mingw32/bin/../lib/gcc/nios2-elf/5.3.0/../../../../../H-x86_64-mingw32/nios2-elf/lib/mno-hw-mul\libsmallc.a(lib_a-strlen.o)
 .debug_loc     0x0000000000000e54       0xa5 c:/intelfpga_lite/18.1/nios2eds/bin/gnu/h-x86_64-mingw32/bin/../lib/gcc/nios2-elf/5.3.0/../../../../../H-x86_64-mingw32/nios2-elf/lib/mno-hw-mul\libsmallc.a(lib_a-writer.o)
 .debug_loc     0x0000000000000ef9      0x4ce c:/intelfpga_lite/18.1/nios2eds/bin/gnu/h-x86_64-mingw32/bin/../lib/gcc/nios2-elf/5.3.0/mno-hw-mul\libgcc.a(lib2-divmod.o)
 .debug_loc     0x00000000000013c7       0xfa ../lab4_test2_bsp/\libhal_bsp.a(alt_irq_register.o)
 .debug_loc     0x00000000000014c1       0xcf ../lab4_test2_bsp/\libhal_bsp.a(alt_write.o)
 .debug_loc     0x0000000000001590       0x21 ../lab4_test2_bsp/\libhal_bsp.a(alt_sys_init.o)
 .debug_loc     0x00000000000015b1       0xcd ../lab4_test2_bsp/\libhal_bsp.a(altera_avalon_jtag_uart_read.o)
 .debug_loc     0x000000000000167e       0x8b ../lab4_test2_bsp/\libhal_bsp.a(altera_avalon_jtag_uart_write.o)
 .debug_loc     0x0000000000001709       0x63 ../lab4_test2_bsp/\libhal_bsp.a(altera_up_avalon_accelerometer_spi.o)
 .debug_loc     0x000000000000176c       0x7e ../lab4_test2_bsp/\libhal_bsp.a(alt_dev_llist_insert.o)
 .debug_loc     0x00000000000017ea       0x7e ../lab4_test2_bsp/\libhal_bsp.a(alt_find_dev.o)
 .debug_loc     0x0000000000001868       0x72 ../lab4_test2_bsp/\libhal_bsp.a(alt_irq_handler.o)
 .debug_loc     0x00000000000018da       0x65 ../lab4_test2_bsp/\libhal_bsp.a(alt_instruction_exception_entry.o)
 .debug_loc     0x000000000000193f       0x94 c:/intelfpga_lite/18.1/nios2eds/bin/gnu/h-x86_64-mingw32/bin/../lib/gcc/nios2-elf/5.3.0/../../../../../H-x86_64-mingw32/nios2-elf/lib/mno-hw-mul\libsmallc.a(lib_a-memcmp.o)

.debug_macinfo
 *(.debug_macinfo)

.debug_weaknames
 *(.debug_weaknames)

.debug_funcnames
 *(.debug_funcnames)

.debug_typenames
 *(.debug_typenames)

.debug_varnames
 *(.debug_varnames)

.debug_alt_sim_info
                0x0000000000000000       0x10
 *(.debug_alt_sim_info)
 .debug_alt_sim_info
                0x0000000000000000       0x10 ../lab4_test2_bsp//obj/HAL/src/crt0.o
                0x0000000000020000                __alt_data_end = 0x20000
                0x0000000000020000                PROVIDE (__alt_stack_pointer, __alt_data_end)
                [!provide]                        PROVIDE (__alt_stack_limit, __alt_stack_base)
                [!provide]                        PROVIDE (__alt_heap_start, end)
                [!provide]                        PROVIDE (__alt_heap_limit, 0x20000)
OUTPUT(lab4_test2.elf elf32-littlenios2)

.debug_ranges   0x0000000000000000      0x350
 .debug_ranges  0x0000000000000000       0x20 ../lab4_test2_bsp//obj/HAL/src/crt0.o
 .debug_ranges  0x0000000000000020       0x58 obj/default/hello_world_small.o
 .debug_ranges  0x0000000000000078       0x18 c:/intelfpga_lite/18.1/nios2eds/bin/gnu/h-x86_64-mingw32/bin/../lib/gcc/nios2-elf/5.3.0/../../../../../H-x86_64-mingw32/nios2-elf/lib/mno-hw-mul\libsmallc.a(lib_a-printf.o)
 .debug_ranges  0x0000000000000090       0xc8 c:/intelfpga_lite/18.1/nios2eds/bin/gnu/h-x86_64-mingw32/bin/../lib/gcc/nios2-elf/5.3.0/../../../../../H-x86_64-mingw32/nios2-elf/lib/mno-hw-mul\libsmallc.a(lib_a-vfprintf.o)
 .debug_ranges  0x0000000000000158       0x28 c:/intelfpga_lite/18.1/nios2eds/bin/gnu/h-x86_64-mingw32/bin/../lib/gcc/nios2-elf/5.3.0/../../../../../H-x86_64-mingw32/nios2-elf/lib/mno-hw-mul\libsmallc.a(lib_a-fvwrite_small_dev.o)
 .debug_ranges  0x0000000000000180       0x10 c:/intelfpga_lite/18.1/nios2eds/bin/gnu/h-x86_64-mingw32/bin/../lib/gcc/nios2-elf/5.3.0/../../../../../H-x86_64-mingw32/nios2-elf/lib/mno-hw-mul\libsmallc.a(lib_a-strlen.o)
 .debug_ranges  0x0000000000000190       0x10 c:/intelfpga_lite/18.1/nios2eds/bin/gnu/h-x86_64-mingw32/bin/../lib/gcc/nios2-elf/5.3.0/../../../../../H-x86_64-mingw32/nios2-elf/lib/mno-hw-mul\libsmallc.a(lib_a-writer.o)
 .debug_ranges  0x00000000000001a0       0x60 c:/intelfpga_lite/18.1/nios2eds/bin/gnu/h-x86_64-mingw32/bin/../lib/gcc/nios2-elf/5.3.0/mno-hw-mul\libgcc.a(lib2-divmod.o)
 .debug_ranges  0x0000000000000200       0x48 ../lab4_test2_bsp/\libhal_bsp.a(alt_load.o)
 .debug_ranges  0x0000000000000248       0x20 ../lab4_test2_bsp/\libhal_bsp.a(alt_write.o)
 .debug_ranges  0x0000000000000268       0x18 ../lab4_test2_bsp/\libhal_bsp.a(alt_sys_init.o)
 .debug_ranges  0x0000000000000280       0x20 ../lab4_test2_bsp/\libhal_bsp.a(altera_avalon_jtag_uart_read.o)
 .debug_ranges  0x00000000000002a0       0x20 ../lab4_test2_bsp/\libhal_bsp.a(alt_dev_llist_insert.o)
 .debug_ranges  0x00000000000002c0       0x28 ../lab4_test2_bsp/\libhal_bsp.a(alt_irq_entry.o)
 .debug_ranges  0x00000000000002e8       0x10 ../lab4_test2_bsp/\libhal_bsp.a(alt_irq_handler.o)
 .debug_ranges  0x00000000000002f8       0x30 ../lab4_test2_bsp/\libhal_bsp.a(alt_exception_entry.o)
 .debug_ranges  0x0000000000000328       0x18 ../lab4_test2_bsp/\libhal_bsp.a(alt_instruction_exception_entry.o)
 .debug_ranges  0x0000000000000340       0x10 c:/intelfpga_lite/18.1/nios2eds/bin/gnu/h-x86_64-mingw32/bin/../lib/gcc/nios2-elf/5.3.0/../../../../../H-x86_64-mingw32/nios2-elf/lib/mno-hw-mul\libsmallc.a(lib_a-memcmp.o)
