Archive member included to satisfy reference by file (symbol)

../hello_world_sw_bsp/\libhal_bsp.a(alt_load.o)
                              ../hello_world_sw_bsp//obj/HAL/src/crt0.o (alt_load)
../hello_world_sw_bsp/\libhal_bsp.a(alt_main.o)
                              ../hello_world_sw_bsp//obj/HAL/src/crt0.o (alt_main)
../hello_world_sw_bsp/\libhal_bsp.a(alt_putstr.o)
                              obj/default/hello_world.o (alt_putstr)
../hello_world_sw_bsp/\libhal_bsp.a(alt_usleep.o)
                              obj/default/hello_world.o (usleep)
../hello_world_sw_bsp/\libhal_bsp.a(alt_sys_init.o)
                              ../hello_world_sw_bsp/\libhal_bsp.a(alt_main.o) (alt_irq_init)
../hello_world_sw_bsp/\libhal_bsp.a(altera_avalon_jtag_uart_write.o)
                              ../hello_world_sw_bsp/\libhal_bsp.a(alt_putstr.o) (altera_avalon_jtag_uart_write)
../hello_world_sw_bsp/\libhal_bsp.a(alt_busy_sleep.o)
                              ../hello_world_sw_bsp/\libhal_bsp.a(alt_usleep.o) (alt_busy_sleep)
../hello_world_sw_bsp/\libhal_bsp.a(alt_dcache_flush_all.o)
                              ../hello_world_sw_bsp/\libhal_bsp.a(alt_load.o) (alt_dcache_flush_all)
../hello_world_sw_bsp/\libhal_bsp.a(alt_icache_flush_all.o)
                              ../hello_world_sw_bsp/\libhal_bsp.a(alt_load.o) (alt_icache_flush_all)
../hello_world_sw_bsp/\libhal_bsp.a(altera_nios2_gen2_irq.o)
                              ../hello_world_sw_bsp/\libhal_bsp.a(alt_sys_init.o) (altera_nios2_gen2_irq_init)
c:/intelfpga_lite/18.1/nios2eds/bin/gnu/h-x86_64-mingw32/bin/../lib/gcc/nios2-elf/5.3.0/../../../../../H-x86_64-mingw32/nios2-elf/lib/mno-hw-mul\libsmallc.a(lib_a-strlen.o)
                              ../hello_world_sw_bsp/\libhal_bsp.a(alt_putstr.o) (strlen)
c:/intelfpga_lite/18.1/nios2eds/bin/gnu/h-x86_64-mingw32/bin/../lib/gcc/nios2-elf/5.3.0/mno-hw-mul\libgcc.a(lib2-divmod.o)
                              ../hello_world_sw_bsp/\libhal_bsp.a(alt_busy_sleep.o) (__udivsi3)
c:/intelfpga_lite/18.1/nios2eds/bin/gnu/h-x86_64-mingw32/bin/../lib/gcc/nios2-elf/5.3.0/mno-hw-mul\libgcc.a(lib2-mul.o)
                              ../hello_world_sw_bsp/\libhal_bsp.a(alt_busy_sleep.o) (__mulsi3)

Memory Configuration

Name             Origin             Length             Attributes
reset            0x0000000000010000 0x0000000000000020
onchip_memory    0x0000000000010020 0x000000000000ffe0
*default*        0x0000000000000000 0xffffffffffffffff

Linker script and memory map

LOAD ../hello_world_sw_bsp//obj/HAL/src/crt0.o
LOAD obj/default/hello_world.o
LOAD c:/intelfpga_lite/18.1/nios2eds/bin/gnu/h-x86_64-mingw32/bin/../lib/gcc/nios2-elf/5.3.0/../../../../../H-x86_64-mingw32/nios2-elf/lib/mno-hw-mul\libstdc++.a
LOAD c:/intelfpga_lite/18.1/nios2eds/bin/gnu/h-x86_64-mingw32/bin/../lib/gcc/nios2-elf/5.3.0/../../../../../H-x86_64-mingw32/nios2-elf/lib/mno-hw-mul\libm.a
LOAD c:/intelfpga_lite/18.1/nios2eds/bin/gnu/h-x86_64-mingw32/bin/../lib/gcc/nios2-elf/5.3.0/mno-hw-mul\libgcc.a
START GROUP
LOAD c:/intelfpga_lite/18.1/nios2eds/bin/gnu/h-x86_64-mingw32/bin/../lib/gcc/nios2-elf/5.3.0/../../../../../H-x86_64-mingw32/nios2-elf/lib/mno-hw-mul\libsmallc.a
LOAD c:/intelfpga_lite/18.1/nios2eds/bin/gnu/h-x86_64-mingw32/bin/../lib/gcc/nios2-elf/5.3.0/mno-hw-mul\libgcc.a
LOAD ../hello_world_sw_bsp/\libhal_bsp.a
LOAD c:/intelfpga_lite/18.1/nios2eds/bin/gnu/h-x86_64-mingw32/bin/../lib/gcc/nios2-elf/5.3.0/../../../../../H-x86_64-mingw32/nios2-elf/lib/mno-hw-mul\libm.a
END GROUP
LOAD c:/intelfpga_lite/18.1/nios2eds/bin/gnu/h-x86_64-mingw32/bin/../lib/gcc/nios2-elf/5.3.0/mno-hw-mul\libgcc.a
                0x0000000000010000                __alt_mem_onchip_memory = 0x10000

.entry          0x0000000000010000       0x20
 *(.entry)
 .entry         0x0000000000010000       0x20 ../hello_world_sw_bsp//obj/HAL/src/crt0.o
                0x0000000000010000                __reset
                0x000000000001000c                _exit

.exceptions     0x0000000000010020        0x0
                0x0000000000010020                PROVIDE (__ram_exceptions_start, ABSOLUTE (.))
                0x0000000000010020                . = ALIGN (0x20)
 *(.irq)
 *(.exceptions.entry.label)
 *(.exceptions.entry.user)
 *(.exceptions.entry.ecc_fatal)
 *(.exceptions.entry)
 *(.exceptions.irqtest.user)
 *(.exceptions.irqtest)
 *(.exceptions.irqhandler.user)
 *(.exceptions.irqhandler)
 *(.exceptions.irqreturn.user)
 *(.exceptions.irqreturn)
 *(.exceptions.notirq.label)
 *(.exceptions.notirq.user)
 *(.exceptions.notirq)
 *(.exceptions.soft.user)
 *(.exceptions.soft)
 *(.exceptions.unknown.user)
 *(.exceptions.unknown)
 *(.exceptions.exit.label)
 *(.exceptions.exit.user)
 *(.exceptions.exit)
 *(.exceptions)
                0x0000000000010020                PROVIDE (__ram_exceptions_end, ABSOLUTE (.))
                0x0000000000010020                PROVIDE (__flash_exceptions_start, LOADADDR (.exceptions))

.text           0x0000000000010020      0x560
                [!provide]                        PROVIDE (stext, ABSOLUTE (.))
 *(.interp)
 *(.hash)
 *(.dynsym)
 *(.dynstr)
 *(.gnu.version)
 *(.gnu.version_d)
 *(.gnu.version_r)
 *(.rel.init)
 *(.rela.init)
 *(.rel.text .rel.text.* .rel.gnu.linkonce.t.*)
 *(.rela.text .rela.text.* .rela.gnu.linkonce.t.*)
 *(.rel.fini)
 *(.rela.fini)
 *(.rel.rodata .rel.rodata.* .rel.gnu.linkonce.r.*)
 *(.rela.rodata .rela.rodata.* .rela.gnu.linkonce.r.*)
 *(.rel.data .rel.data.* .rel.gnu.linkonce.d.*)
 *(.rela.data .rela.data.* .rela.gnu.linkonce.d.*)
 *(.rel.tdata .rel.tdata.* .rel.gnu.linkonce.td.*)
 *(.rela.tdata .rela.tdata.* .rela.gnu.linkonce.td.*)
 *(.rel.tbss .rel.tbss.* .rel.gnu.linkonce.tb.*)
 *(.rela.tbss .rela.tbss.* .rela.gnu.linkonce.tb.*)
 *(.rel.ctors)
 *(.rela.ctors)
 *(.rel.dtors)
 *(.rela.dtors)
 *(.rel.got)
 *(.rela.got)
 *(.rel.sdata .rel.sdata.* .rel.gnu.linkonce.s.*)
 *(.rela.sdata .rela.sdata.* .rela.gnu.linkonce.s.*)
 *(.rel.sbss .rel.sbss.* .rel.gnu.linkonce.sb.*)
 *(.rela.sbss .rela.sbss.* .rela.gnu.linkonce.sb.*)
 *(.rel.sdata2 .rel.sdata2.* .rel.gnu.linkonce.s2.*)
 *(.rela.sdata2 .rela.sdata2.* .rela.gnu.linkonce.s2.*)
 *(.rel.sbss2 .rel.sbss2.* .rel.gnu.linkonce.sb2.*)
 *(.rela.sbss2 .rela.sbss2.* .rela.gnu.linkonce.sb2.*)
 *(.rel.bss .rel.bss.* .rel.gnu.linkonce.b.*)
 *(.rela.bss .rela.bss.* .rela.gnu.linkonce.b.*)
 *(.rel.plt)
 *(.rela.plt)
 *(.rel.dyn)
 *(.init)
 *(.plt)
 *(.text .stub .text.* .gnu.linkonce.t.*)
 .text          0x0000000000010020       0x3c ../hello_world_sw_bsp//obj/HAL/src/crt0.o
                0x0000000000010020                _start
 .text          0x000000000001005c        0xc obj/default/hello_world.o
                0x000000000001005c                load
 .text.startup  0x0000000000010068       0xe8 obj/default/hello_world.o
                0x0000000000010068                main
 .text          0x0000000000010150       0xe0 ../hello_world_sw_bsp/\libhal_bsp.a(alt_load.o)
                0x0000000000010150                alt_load
 .text          0x0000000000010230       0x2c ../hello_world_sw_bsp/\libhal_bsp.a(alt_main.o)
                0x0000000000010230                alt_main
 .text          0x000000000001025c       0x38 ../hello_world_sw_bsp/\libhal_bsp.a(alt_putstr.o)
                0x000000000001025c                alt_putstr
 .text          0x0000000000010294        0x4 ../hello_world_sw_bsp/\libhal_bsp.a(alt_usleep.o)
                0x0000000000010294                usleep
 .text          0x0000000000010298       0x24 ../hello_world_sw_bsp/\libhal_bsp.a(alt_sys_init.o)
                0x0000000000010298                alt_irq_init
                0x00000000000102b8                alt_sys_init
 .text          0x00000000000102bc       0x34 ../hello_world_sw_bsp/\libhal_bsp.a(altera_avalon_jtag_uart_write.o)
                0x00000000000102bc                altera_avalon_jtag_uart_write
 .text          0x00000000000102f0       0x88 ../hello_world_sw_bsp/\libhal_bsp.a(alt_busy_sleep.o)
                0x00000000000102f0                alt_busy_sleep
 .text          0x0000000000010378        0x4 ../hello_world_sw_bsp/\libhal_bsp.a(alt_dcache_flush_all.o)
                0x0000000000010378                alt_dcache_flush_all
 .text          0x000000000001037c        0x4 ../hello_world_sw_bsp/\libhal_bsp.a(alt_icache_flush_all.o)
                0x000000000001037c                alt_icache_flush_all
 .text          0x0000000000010380        0x8 ../hello_world_sw_bsp/\libhal_bsp.a(altera_nios2_gen2_irq.o)
                0x0000000000010380                altera_nios2_gen2_irq_init
 .text          0x0000000000010388        0x0 c:/intelfpga_lite/18.1/nios2eds/bin/gnu/h-x86_64-mingw32/bin/../lib/gcc/nios2-elf/5.3.0/../../../../../H-x86_64-mingw32/nios2-elf/lib/mno-hw-mul\libsmallc.a(lib_a-strlen.o)
 .text.strlen   0x0000000000010388       0x1c c:/intelfpga_lite/18.1/nios2eds/bin/gnu/h-x86_64-mingw32/bin/../lib/gcc/nios2-elf/5.3.0/../../../../../H-x86_64-mingw32/nios2-elf/lib/mno-hw-mul\libsmallc.a(lib_a-strlen.o)
                0x0000000000010388                strlen
 .text          0x00000000000103a4      0x1b4 c:/intelfpga_lite/18.1/nios2eds/bin/gnu/h-x86_64-mingw32/bin/../lib/gcc/nios2-elf/5.3.0/mno-hw-mul\libgcc.a(lib2-divmod.o)
                0x00000000000103a4                __divsi3
                0x0000000000010428                __modsi3
                0x000000000001049c                __udivsi3
                0x0000000000010500                __umodsi3
 .text          0x0000000000010558       0x28 c:/intelfpga_lite/18.1/nios2eds/bin/gnu/h-x86_64-mingw32/bin/../lib/gcc/nios2-elf/5.3.0/mno-hw-mul\libgcc.a(lib2-mul.o)
                0x0000000000010558                __mulsi3
 *(.gnu.warning.*)
 *(.fini)
                [!provide]                        PROVIDE (__etext, ABSOLUTE (.))
                [!provide]                        PROVIDE (_etext, ABSOLUTE (.))
                [!provide]                        PROVIDE (etext, ABSOLUTE (.))
 *(.eh_frame_hdr)
                0x0000000000010580                . = ALIGN (0x4)
                [!provide]                        PROVIDE (__preinit_array_start, ABSOLUTE (.))
 *(.preinit_array)
                [!provide]                        PROVIDE (__preinit_array_end, ABSOLUTE (.))
                [!provide]                        PROVIDE (__init_array_start, ABSOLUTE (.))
 *(.init_array)
                [!provide]                        PROVIDE (__init_array_end, ABSOLUTE (.))
                [!provide]                        PROVIDE (__fini_array_start, ABSOLUTE (.))
 *(.fini_array)
                [!provide]                        PROVIDE (__fini_array_end, ABSOLUTE (.))
 *(.eh_frame)
 *(.gcc_except_table .gcc_except_table.*)
 *(.dynamic)
                [!provide]                        PROVIDE (__CTOR_LIST__, ABSOLUTE (.))
 *(.ctors)
 *(SORT(.ctors.*))
                [!provide]                        PROVIDE (__CTOR_END__, ABSOLUTE (.))
                [!provide]                        PROVIDE (__DTOR_LIST__, ABSOLUTE (.))
 *(.dtors)
 *(SORT(.dtors.*))
                [!provide]                        PROVIDE (__DTOR_END__, ABSOLUTE (.))
 *(.jcr)
                0x0000000000010580                . = ALIGN (0x4)

.rodata         0x0000000000010580       0xbc
                0x0000000000010580                PROVIDE (__ram_rodata_start, ABSOLUTE (.))
                0x0000000000010580                . = ALIGN (0x4)
 *(.rodata .rodata.* .gnu.linkonce.r.*)
 .rodata.str1.4
                0x0000000000010580       0xbc obj/default/hello_world.o
 *(.rodata1)
                0x000000000001063c                . = ALIGN (0x4)
                0x000000000001063c                PROVIDE (__ram_rodata_end, ABSOLUTE (.))
                0x0000000000010580                PROVIDE (__flash_rodata_start, LOADADDR (.rodata))

.rwdata         0x000000000001063c        0x4 load address 0x0000000000010640
                0x000000000001063c                PROVIDE (__ram_rwdata_start, ABSOLUTE (.))
                0x000000000001063c                . = ALIGN (0x4)
 *(.got.plt)
 *(.got)
 *(.data1)
 *(.data .data.* .gnu.linkonce.d.*)
 .data          0x000000000001063c        0x0 ../hello_world_sw_bsp//obj/HAL/src/crt0.o
 .data          0x000000000001063c        0x0 obj/default/hello_world.o
 .data          0x000000000001063c        0x0 ../hello_world_sw_bsp/\libhal_bsp.a(alt_load.o)
 .data          0x000000000001063c        0x0 ../hello_world_sw_bsp/\libhal_bsp.a(alt_main.o)
 .data          0x000000000001063c        0x0 ../hello_world_sw_bsp/\libhal_bsp.a(alt_putstr.o)
 .data          0x000000000001063c        0x0 ../hello_world_sw_bsp/\libhal_bsp.a(alt_usleep.o)
 .data          0x000000000001063c        0x0 ../hello_world_sw_bsp/\libhal_bsp.a(alt_sys_init.o)
 .data          0x000000000001063c        0x0 ../hello_world_sw_bsp/\libhal_bsp.a(altera_avalon_jtag_uart_write.o)
 .data          0x000000000001063c        0x0 ../hello_world_sw_bsp/\libhal_bsp.a(alt_busy_sleep.o)
 .data          0x000000000001063c        0x0 ../hello_world_sw_bsp/\libhal_bsp.a(alt_dcache_flush_all.o)
 .data          0x000000000001063c        0x0 ../hello_world_sw_bsp/\libhal_bsp.a(alt_icache_flush_all.o)
 .data          0x000000000001063c        0x0 ../hello_world_sw_bsp/\libhal_bsp.a(altera_nios2_gen2_irq.o)
 .data          0x000000000001063c        0x0 c:/intelfpga_lite/18.1/nios2eds/bin/gnu/h-x86_64-mingw32/bin/../lib/gcc/nios2-elf/5.3.0/../../../../../H-x86_64-mingw32/nios2-elf/lib/mno-hw-mul\libsmallc.a(lib_a-strlen.o)
 .data          0x000000000001063c        0x0 c:/intelfpga_lite/18.1/nios2eds/bin/gnu/h-x86_64-mingw32/bin/../lib/gcc/nios2-elf/5.3.0/mno-hw-mul\libgcc.a(lib2-divmod.o)
 .data          0x000000000001063c        0x0 c:/intelfpga_lite/18.1/nios2eds/bin/gnu/h-x86_64-mingw32/bin/../lib/gcc/nios2-elf/5.3.0/mno-hw-mul\libgcc.a(lib2-mul.o)
                0x000000000001863c                _gp = ABSOLUTE ((. + 0x8000))
                [!provide]                        PROVIDE (gp, _gp)
 *(.rwdata .rwdata.*)
 *(.sdata .sdata.* .gnu.linkonce.s.*)
 .sdata         0x000000000001063c        0x4 ../hello_world_sw_bsp/\libhal_bsp.a(alt_sys_init.o)
                0x000000000001063c                jtag_uart
 *(.sdata2 .sdata2.* .gnu.linkonce.s2.*)
                0x0000000000010640                . = ALIGN (0x4)
                0x0000000000010640                _edata = ABSOLUTE (.)
                [!provide]                        PROVIDE (edata, ABSOLUTE (.))
                0x0000000000010640                PROVIDE (__ram_rwdata_end, ABSOLUTE (.))
                0x0000000000010640                PROVIDE (__flash_rwdata_start, LOADADDR (.rwdata))

.bss            0x0000000000010644        0xc
                0x0000000000010644                __bss_start = ABSOLUTE (.)
                [!provide]                        PROVIDE (__sbss_start, ABSOLUTE (.))
                [!provide]                        PROVIDE (___sbss_start, ABSOLUTE (.))
 *(.dynsbss)
 *(.sbss .sbss.* .gnu.linkonce.sb.*)
 .sbss          0x0000000000010644        0xc ../hello_world_sw_bsp/\libhal_bsp.a(alt_main.o)
                0x0000000000010644                alt_envp
                0x0000000000010648                alt_argv
                0x000000000001064c                alt_argc
 *(.sbss2 .sbss2.* .gnu.linkonce.sb2.*)
 *(.scommon)
                [!provide]                        PROVIDE (__sbss_end, ABSOLUTE (.))
                [!provide]                        PROVIDE (___sbss_end, ABSOLUTE (.))
 *(.dynbss)
 *(.bss .bss.* .gnu.linkonce.b.*)
 .bss           0x0000000000010650        0x0 ../hello_world_sw_bsp//obj/HAL/src/crt0.o
 .bss           0x0000000000010650        0x0 obj/default/hello_world.o
 .bss           0x0000000000010650        0x0 ../hello_world_sw_bsp/\libhal_bsp.a(alt_load.o)
 .bss           0x0000000000010650        0x0 ../hello_world_sw_bsp/\libhal_bsp.a(alt_main.o)
 .bss           0x0000000000010650        0x0 ../hello_world_sw_bsp/\libhal_bsp.a(alt_putstr.o)
 .bss           0x0000000000010650        0x0 ../hello_world_sw_bsp/\libhal_bsp.a(alt_usleep.o)
 .bss           0x0000000000010650        0x0 ../hello_world_sw_bsp/\libhal_bsp.a(alt_sys_init.o)
 .bss           0x0000000000010650        0x0 ../hello_world_sw_bsp/\libhal_bsp.a(altera_avalon_jtag_uart_write.o)
 .bss           0x0000000000010650        0x0 ../hello_world_sw_bsp/\libhal_bsp.a(alt_busy_sleep.o)
 .bss           0x0000000000010650        0x0 ../hello_world_sw_bsp/\libhal_bsp.a(alt_dcache_flush_all.o)
 .bss           0x0000000000010650        0x0 ../hello_world_sw_bsp/\libhal_bsp.a(alt_icache_flush_all.o)
 .bss           0x0000000000010650        0x0 ../hello_world_sw_bsp/\libhal_bsp.a(altera_nios2_gen2_irq.o)
 .bss           0x0000000000010650        0x0 c:/intelfpga_lite/18.1/nios2eds/bin/gnu/h-x86_64-mingw32/bin/../lib/gcc/nios2-elf/5.3.0/../../../../../H-x86_64-mingw32/nios2-elf/lib/mno-hw-mul\libsmallc.a(lib_a-strlen.o)
 .bss           0x0000000000010650        0x0 c:/intelfpga_lite/18.1/nios2eds/bin/gnu/h-x86_64-mingw32/bin/../lib/gcc/nios2-elf/5.3.0/mno-hw-mul\libgcc.a(lib2-divmod.o)
 .bss           0x0000000000010650        0x0 c:/intelfpga_lite/18.1/nios2eds/bin/gnu/h-x86_64-mingw32/bin/../lib/gcc/nios2-elf/5.3.0/mno-hw-mul\libgcc.a(lib2-mul.o)
 *(COMMON)
                0x0000000000010650                . = ALIGN (0x4)
                0x0000000000010650                __bss_end = ABSOLUTE (.)

.onchip_memory  0x0000000000010650        0x0
                [!provide]                        PROVIDE (_alt_partition_onchip_memory_start, ABSOLUTE (.))
 *(.onchip_memory .onchip_memory. onchip_memory.*)
                0x0000000000010650                . = ALIGN (0x4)
                [!provide]                        PROVIDE (_alt_partition_onchip_memory_end, ABSOLUTE (.))
                0x0000000000010650                _end = ABSOLUTE (.)
                0x0000000000010650                end = ABSOLUTE (.)
                0x0000000000010650                __alt_stack_base = ABSOLUTE (.)
                [!provide]                        PROVIDE (_alt_partition_onchip_memory_load_addr, LOADADDR (.onchip_memory))

.stab
 *(.stab)

.stabstr
 *(.stabstr)

.stab.excl
 *(.stab.excl)

.stab.exclstr
 *(.stab.exclstr)

.stab.index
 *(.stab.index)

.stab.indexstr
 *(.stab.indexstr)

.comment        0x0000000000000000       0x23
 *(.comment)
 .comment       0x0000000000000000       0x23 obj/default/hello_world.o
                                         0x24 (size before relaxing)
 .comment       0x0000000000000023       0x24 ../hello_world_sw_bsp/\libhal_bsp.a(alt_load.o)
 .comment       0x0000000000000023       0x24 ../hello_world_sw_bsp/\libhal_bsp.a(alt_main.o)
 .comment       0x0000000000000023       0x24 ../hello_world_sw_bsp/\libhal_bsp.a(alt_putstr.o)
 .comment       0x0000000000000023       0x24 ../hello_world_sw_bsp/\libhal_bsp.a(alt_usleep.o)
 .comment       0x0000000000000023       0x24 ../hello_world_sw_bsp/\libhal_bsp.a(alt_sys_init.o)
 .comment       0x0000000000000023       0x24 ../hello_world_sw_bsp/\libhal_bsp.a(altera_avalon_jtag_uart_write.o)
 .comment       0x0000000000000023       0x24 ../hello_world_sw_bsp/\libhal_bsp.a(alt_busy_sleep.o)
 .comment       0x0000000000000023       0x24 ../hello_world_sw_bsp/\libhal_bsp.a(alt_dcache_flush_all.o)
 .comment       0x0000000000000023       0x24 ../hello_world_sw_bsp/\libhal_bsp.a(alt_icache_flush_all.o)
 .comment       0x0000000000000023       0x24 ../hello_world_sw_bsp/\libhal_bsp.a(altera_nios2_gen2_irq.o)
 .comment       0x0000000000000023       0x24 c:/intelfpga_lite/18.1/nios2eds/bin/gnu/h-x86_64-mingw32/bin/../lib/gcc/nios2-elf/5.3.0/../../../../../H-x86_64-mingw32/nios2-elf/lib/mno-hw-mul\libsmallc.a(lib_a-strlen.o)
 .comment       0x0000000000000023       0x24 c:/intelfpga_lite/18.1/nios2eds/bin/gnu/h-x86_64-mingw32/bin/../lib/gcc/nios2-elf/5.3.0/mno-hw-mul\libgcc.a(lib2-divmod.o)
 .comment       0x0000000000000023       0x24 c:/intelfpga_lite/18.1/nios2eds/bin/gnu/h-x86_64-mingw32/bin/../lib/gcc/nios2-elf/5.3.0/mno-hw-mul\libgcc.a(lib2-mul.o)

.debug
 *(.debug)

.line
 *(.line)

.debug_srcinfo
 *(.debug_srcinfo)

.debug_sfnames
 *(.debug_sfnames)

.debug_aranges  0x0000000000000000      0x1f0
 *(.debug_aranges)
 .debug_aranges
                0x0000000000000000       0x28 ../hello_world_sw_bsp//obj/HAL/src/crt0.o
 .debug_aranges
                0x0000000000000028       0x28 obj/default/hello_world.o
 .debug_aranges
                0x0000000000000050       0x20 ../hello_world_sw_bsp/\libhal_bsp.a(alt_load.o)
 .debug_aranges
                0x0000000000000070       0x20 ../hello_world_sw_bsp/\libhal_bsp.a(alt_main.o)
 .debug_aranges
                0x0000000000000090       0x20 ../hello_world_sw_bsp/\libhal_bsp.a(alt_putstr.o)
 .debug_aranges
                0x00000000000000b0       0x20 ../hello_world_sw_bsp/\libhal_bsp.a(alt_usleep.o)
 .debug_aranges
                0x00000000000000d0       0x20 ../hello_world_sw_bsp/\libhal_bsp.a(alt_sys_init.o)
 .debug_aranges
                0x00000000000000f0       0x20 ../hello_world_sw_bsp/\libhal_bsp.a(altera_avalon_jtag_uart_write.o)
 .debug_aranges
                0x0000000000000110       0x20 ../hello_world_sw_bsp/\libhal_bsp.a(alt_busy_sleep.o)
 .debug_aranges
                0x0000000000000130       0x20 ../hello_world_sw_bsp/\libhal_bsp.a(alt_dcache_flush_all.o)
 .debug_aranges
                0x0000000000000150       0x20 ../hello_world_sw_bsp/\libhal_bsp.a(alt_icache_flush_all.o)
 .debug_aranges
                0x0000000000000170       0x20 ../hello_world_sw_bsp/\libhal_bsp.a(altera_nios2_gen2_irq.o)
 .debug_aranges
                0x0000000000000190       0x20 c:/intelfpga_lite/18.1/nios2eds/bin/gnu/h-x86_64-mingw32/bin/../lib/gcc/nios2-elf/5.3.0/../../../../../H-x86_64-mingw32/nios2-elf/lib/mno-hw-mul\libsmallc.a(lib_a-strlen.o)
 .debug_aranges
                0x00000000000001b0       0x20 c:/intelfpga_lite/18.1/nios2eds/bin/gnu/h-x86_64-mingw32/bin/../lib/gcc/nios2-elf/5.3.0/mno-hw-mul\libgcc.a(lib2-divmod.o)
 .debug_aranges
                0x00000000000001d0       0x20 c:/intelfpga_lite/18.1/nios2eds/bin/gnu/h-x86_64-mingw32/bin/../lib/gcc/nios2-elf/5.3.0/mno-hw-mul\libgcc.a(lib2-mul.o)

.debug_pubnames
 *(.debug_pubnames)

.debug_info     0x0000000000000000     0x11b7
 *(.debug_info .gnu.linkonce.wi.*)
 .debug_info    0x0000000000000000       0x8c ../hello_world_sw_bsp//obj/HAL/src/crt0.o
 .debug_info    0x000000000000008c      0x201 obj/default/hello_world.o
 .debug_info    0x000000000000028d      0x1c9 ../hello_world_sw_bsp/\libhal_bsp.a(alt_load.o)
 .debug_info    0x0000000000000456      0x169 ../hello_world_sw_bsp/\libhal_bsp.a(alt_main.o)
 .debug_info    0x00000000000005bf      0x13a ../hello_world_sw_bsp/\libhal_bsp.a(alt_putstr.o)
 .debug_info    0x00000000000006f9       0xd1 ../hello_world_sw_bsp/\libhal_bsp.a(alt_usleep.o)
 .debug_info    0x00000000000007ca      0x185 ../hello_world_sw_bsp/\libhal_bsp.a(alt_sys_init.o)
 .debug_info    0x000000000000094f      0x197 ../hello_world_sw_bsp/\libhal_bsp.a(altera_avalon_jtag_uart_write.o)
 .debug_info    0x0000000000000ae6       0xd8 ../hello_world_sw_bsp/\libhal_bsp.a(alt_busy_sleep.o)
 .debug_info    0x0000000000000bbe       0x92 ../hello_world_sw_bsp/\libhal_bsp.a(alt_dcache_flush_all.o)
 .debug_info    0x0000000000000c50       0x92 ../hello_world_sw_bsp/\libhal_bsp.a(alt_icache_flush_all.o)
 .debug_info    0x0000000000000ce2       0x92 ../hello_world_sw_bsp/\libhal_bsp.a(altera_nios2_gen2_irq.o)
 .debug_info    0x0000000000000d74       0xc9 c:/intelfpga_lite/18.1/nios2eds/bin/gnu/h-x86_64-mingw32/bin/../lib/gcc/nios2-elf/5.3.0/../../../../../H-x86_64-mingw32/nios2-elf/lib/mno-hw-mul\libsmallc.a(lib_a-strlen.o)
 .debug_info    0x0000000000000e3d      0x2c6 c:/intelfpga_lite/18.1/nios2eds/bin/gnu/h-x86_64-mingw32/bin/../lib/gcc/nios2-elf/5.3.0/mno-hw-mul\libgcc.a(lib2-divmod.o)
 .debug_info    0x0000000000001103       0xb4 c:/intelfpga_lite/18.1/nios2eds/bin/gnu/h-x86_64-mingw32/bin/../lib/gcc/nios2-elf/5.3.0/mno-hw-mul\libgcc.a(lib2-mul.o)

.debug_abbrev   0x0000000000000000      0x963
 *(.debug_abbrev)
 .debug_abbrev  0x0000000000000000       0x12 ../hello_world_sw_bsp//obj/HAL/src/crt0.o
 .debug_abbrev  0x0000000000000012      0x100 obj/default/hello_world.o
 .debug_abbrev  0x0000000000000112       0xd8 ../hello_world_sw_bsp/\libhal_bsp.a(alt_load.o)
 .debug_abbrev  0x00000000000001ea       0xee ../hello_world_sw_bsp/\libhal_bsp.a(alt_main.o)
 .debug_abbrev  0x00000000000002d8       0xd3 ../hello_world_sw_bsp/\libhal_bsp.a(alt_putstr.o)
 .debug_abbrev  0x00000000000003ab       0x8d ../hello_world_sw_bsp/\libhal_bsp.a(alt_usleep.o)
 .debug_abbrev  0x0000000000000438      0x107 ../hello_world_sw_bsp/\libhal_bsp.a(alt_sys_init.o)
 .debug_abbrev  0x000000000000053f       0xd5 ../hello_world_sw_bsp/\libhal_bsp.a(altera_avalon_jtag_uart_write.o)
 .debug_abbrev  0x0000000000000614       0x8d ../hello_world_sw_bsp/\libhal_bsp.a(alt_busy_sleep.o)
 .debug_abbrev  0x00000000000006a1       0x42 ../hello_world_sw_bsp/\libhal_bsp.a(alt_dcache_flush_all.o)
 .debug_abbrev  0x00000000000006e3       0x42 ../hello_world_sw_bsp/\libhal_bsp.a(alt_icache_flush_all.o)
 .debug_abbrev  0x0000000000000725       0x42 ../hello_world_sw_bsp/\libhal_bsp.a(altera_nios2_gen2_irq.o)
 .debug_abbrev  0x0000000000000767       0x7f c:/intelfpga_lite/18.1/nios2eds/bin/gnu/h-x86_64-mingw32/bin/../lib/gcc/nios2-elf/5.3.0/../../../../../H-x86_64-mingw32/nios2-elf/lib/mno-hw-mul\libsmallc.a(lib_a-strlen.o)
 .debug_abbrev  0x00000000000007e6      0x10e c:/intelfpga_lite/18.1/nios2eds/bin/gnu/h-x86_64-mingw32/bin/../lib/gcc/nios2-elf/5.3.0/mno-hw-mul\libgcc.a(lib2-divmod.o)
 .debug_abbrev  0x00000000000008f4       0x6f c:/intelfpga_lite/18.1/nios2eds/bin/gnu/h-x86_64-mingw32/bin/../lib/gcc/nios2-elf/5.3.0/mno-hw-mul\libgcc.a(lib2-mul.o)

.debug_line     0x0000000000000000      0xb16
 *(.debug_line)
 .debug_line    0x0000000000000000       0x66 ../hello_world_sw_bsp//obj/HAL/src/crt0.o
 .debug_line    0x0000000000000066      0x16d obj/default/hello_world.o
 .debug_line    0x00000000000001d3       0xa4 ../hello_world_sw_bsp/\libhal_bsp.a(alt_load.o)
 .debug_line    0x0000000000000277       0xbd ../hello_world_sw_bsp/\libhal_bsp.a(alt_main.o)
 .debug_line    0x0000000000000334       0xa0 ../hello_world_sw_bsp/\libhal_bsp.a(alt_putstr.o)
 .debug_line    0x00000000000003d4       0xcf ../hello_world_sw_bsp/\libhal_bsp.a(alt_usleep.o)
 .debug_line    0x00000000000004a3      0x101 ../hello_world_sw_bsp/\libhal_bsp.a(alt_sys_init.o)
 .debug_line    0x00000000000005a4       0xf0 ../hello_world_sw_bsp/\libhal_bsp.a(altera_avalon_jtag_uart_write.o)
 .debug_line    0x0000000000000694       0xb5 ../hello_world_sw_bsp/\libhal_bsp.a(alt_busy_sleep.o)
 .debug_line    0x0000000000000749       0x4e ../hello_world_sw_bsp/\libhal_bsp.a(alt_dcache_flush_all.o)
 .debug_line    0x0000000000000797       0x4e ../hello_world_sw_bsp/\libhal_bsp.a(alt_icache_flush_all.o)
 .debug_line    0x00000000000007e5       0x50 ../hello_world_sw_bsp/\libhal_bsp.a(altera_nios2_gen2_irq.o)
 .debug_line    0x0000000000000835      0x15c c:/intelfpga_lite/18.1/nios2eds/bin/gnu/h-x86_64-mingw32/bin/../lib/gcc/nios2-elf/5.3.0/../../../../../H-x86_64-mingw32/nios2-elf/lib/mno-hw-mul\libsmallc.a(lib_a-strlen.o)
 .debug_line    0x0000000000000991      0x105 c:/intelfpga_lite/18.1/nios2eds/bin/gnu/h-x86_64-mingw32/bin/../lib/gcc/nios2-elf/5.3.0/mno-hw-mul\libgcc.a(lib2-divmod.o)
 .debug_line    0x0000000000000a96       0x80 c:/intelfpga_lite/18.1/nios2eds/bin/gnu/h-x86_64-mingw32/bin/../lib/gcc/nios2-elf/5.3.0/mno-hw-mul\libgcc.a(lib2-mul.o)

.debug_frame    0x0000000000000000      0x268
 *(.debug_frame)
 .debug_frame   0x0000000000000000       0x40 obj/default/hello_world.o
 .debug_frame   0x0000000000000040       0x30 ../hello_world_sw_bsp/\libhal_bsp.a(alt_load.o)
 .debug_frame   0x0000000000000070       0x2c ../hello_world_sw_bsp/\libhal_bsp.a(alt_main.o)
 .debug_frame   0x000000000000009c       0x30 ../hello_world_sw_bsp/\libhal_bsp.a(alt_putstr.o)
 .debug_frame   0x00000000000000cc       0x20 ../hello_world_sw_bsp/\libhal_bsp.a(alt_usleep.o)
 .debug_frame   0x00000000000000ec       0x3c ../hello_world_sw_bsp/\libhal_bsp.a(alt_sys_init.o)
 .debug_frame   0x0000000000000128       0x20 ../hello_world_sw_bsp/\libhal_bsp.a(altera_avalon_jtag_uart_write.o)
 .debug_frame   0x0000000000000148       0x30 ../hello_world_sw_bsp/\libhal_bsp.a(alt_busy_sleep.o)
 .debug_frame   0x0000000000000178       0x20 ../hello_world_sw_bsp/\libhal_bsp.a(alt_dcache_flush_all.o)
 .debug_frame   0x0000000000000198       0x20 ../hello_world_sw_bsp/\libhal_bsp.a(alt_icache_flush_all.o)
 .debug_frame   0x00000000000001b8       0x20 ../hello_world_sw_bsp/\libhal_bsp.a(altera_nios2_gen2_irq.o)
 .debug_frame   0x00000000000001d8       0x20 c:/intelfpga_lite/18.1/nios2eds/bin/gnu/h-x86_64-mingw32/bin/../lib/gcc/nios2-elf/5.3.0/../../../../../H-x86_64-mingw32/nios2-elf/lib/mno-hw-mul\libsmallc.a(lib_a-strlen.o)
 .debug_frame   0x00000000000001f8       0x50 c:/intelfpga_lite/18.1/nios2eds/bin/gnu/h-x86_64-mingw32/bin/../lib/gcc/nios2-elf/5.3.0/mno-hw-mul\libgcc.a(lib2-divmod.o)
 .debug_frame   0x0000000000000248       0x20 c:/intelfpga_lite/18.1/nios2eds/bin/gnu/h-x86_64-mingw32/bin/../lib/gcc/nios2-elf/5.3.0/mno-hw-mul\libgcc.a(lib2-mul.o)

.debug_str      0x0000000000000000      0x81c
 *(.debug_str)
 .debug_str     0x0000000000000000      0x137 obj/default/hello_world.o
                                        0x17a (size before relaxing)
 .debug_str     0x0000000000000137      0x173 ../hello_world_sw_bsp/\libhal_bsp.a(alt_load.o)
                                        0x25a (size before relaxing)
 .debug_str     0x00000000000002aa       0x8f ../hello_world_sw_bsp/\libhal_bsp.a(alt_main.o)
                                        0x1d3 (size before relaxing)
 .debug_str     0x0000000000000339       0x64 ../hello_world_sw_bsp/\libhal_bsp.a(alt_putstr.o)
                                        0x1ae (size before relaxing)
 .debug_str     0x000000000000039d       0x2f ../hello_world_sw_bsp/\libhal_bsp.a(alt_usleep.o)
                                        0x175 (size before relaxing)
 .debug_str     0x00000000000003cc       0x86 ../hello_world_sw_bsp/\libhal_bsp.a(alt_sys_init.o)
                                        0x242 (size before relaxing)
 .debug_str     0x0000000000000452       0x38 ../hello_world_sw_bsp/\libhal_bsp.a(altera_avalon_jtag_uart_write.o)
                                        0x233 (size before relaxing)
 .debug_str     0x000000000000048a       0x33 ../hello_world_sw_bsp/\libhal_bsp.a(alt_busy_sleep.o)
                                        0x189 (size before relaxing)
 .debug_str     0x00000000000004bd       0x1f ../hello_world_sw_bsp/\libhal_bsp.a(alt_dcache_flush_all.o)
                                        0x173 (size before relaxing)
 .debug_str     0x00000000000004dc       0x1f ../hello_world_sw_bsp/\libhal_bsp.a(alt_icache_flush_all.o)
                                        0x173 (size before relaxing)
 .debug_str     0x00000000000004fb       0x20 ../hello_world_sw_bsp/\libhal_bsp.a(altera_nios2_gen2_irq.o)
                                        0x17a (size before relaxing)
 .debug_str     0x000000000000051b      0x13a c:/intelfpga_lite/18.1/nios2eds/bin/gnu/h-x86_64-mingw32/bin/../lib/gcc/nios2-elf/5.3.0/../../../../../H-x86_64-mingw32/nios2-elf/lib/mno-hw-mul\libsmallc.a(lib_a-strlen.o)
                                        0x1e5 (size before relaxing)
 .debug_str     0x0000000000000655      0x187 c:/intelfpga_lite/18.1/nios2eds/bin/gnu/h-x86_64-mingw32/bin/../lib/gcc/nios2-elf/5.3.0/mno-hw-mul\libgcc.a(lib2-divmod.o)
                                        0x1d2 (size before relaxing)
 .debug_str     0x00000000000007dc       0x40 c:/intelfpga_lite/18.1/nios2eds/bin/gnu/h-x86_64-mingw32/bin/../lib/gcc/nios2-elf/5.3.0/mno-hw-mul\libgcc.a(lib2-mul.o)
                                        0x193 (size before relaxing)

.debug_loc      0x0000000000000000      0x7fb
 *(.debug_loc)
 .debug_loc     0x0000000000000000      0x111 obj/default/hello_world.o
 .debug_loc     0x0000000000000111       0x37 ../hello_world_sw_bsp/\libhal_bsp.a(alt_putstr.o)
 .debug_loc     0x0000000000000148       0x21 ../hello_world_sw_bsp/\libhal_bsp.a(alt_usleep.o)
 .debug_loc     0x0000000000000169       0x21 ../hello_world_sw_bsp/\libhal_bsp.a(alt_sys_init.o)
 .debug_loc     0x000000000000018a       0x8b ../hello_world_sw_bsp/\libhal_bsp.a(altera_avalon_jtag_uart_write.o)
 .debug_loc     0x0000000000000215       0x67 ../hello_world_sw_bsp/\libhal_bsp.a(alt_busy_sleep.o)
 .debug_loc     0x000000000000027c       0x1e c:/intelfpga_lite/18.1/nios2eds/bin/gnu/h-x86_64-mingw32/bin/../lib/gcc/nios2-elf/5.3.0/../../../../../H-x86_64-mingw32/nios2-elf/lib/mno-hw-mul\libsmallc.a(lib_a-strlen.o)
 .debug_loc     0x000000000000029a      0x4ce c:/intelfpga_lite/18.1/nios2eds/bin/gnu/h-x86_64-mingw32/bin/../lib/gcc/nios2-elf/5.3.0/mno-hw-mul\libgcc.a(lib2-divmod.o)
 .debug_loc     0x0000000000000768       0x93 c:/intelfpga_lite/18.1/nios2eds/bin/gnu/h-x86_64-mingw32/bin/../lib/gcc/nios2-elf/5.3.0/mno-hw-mul\libgcc.a(lib2-mul.o)

.debug_macinfo
 *(.debug_macinfo)

.debug_weaknames
 *(.debug_weaknames)

.debug_funcnames
 *(.debug_funcnames)

.debug_typenames
 *(.debug_typenames)

.debug_varnames
 *(.debug_varnames)

.debug_alt_sim_info
                0x0000000000000000       0x40
 *(.debug_alt_sim_info)
 .debug_alt_sim_info
                0x0000000000000000       0x10 ../hello_world_sw_bsp//obj/HAL/src/crt0.o
 .debug_alt_sim_info
                0x0000000000000010       0x30 ../hello_world_sw_bsp/\libhal_bsp.a(alt_busy_sleep.o)
                0x0000000000020000                __alt_data_end = 0x20000
                0x0000000000020000                PROVIDE (__alt_stack_pointer, __alt_data_end)
                [!provide]                        PROVIDE (__alt_stack_limit, __alt_stack_base)
                [!provide]                        PROVIDE (__alt_heap_start, end)
                [!provide]                        PROVIDE (__alt_heap_limit, 0x20000)
OUTPUT(hello_world_sw.elf elf32-littlenios2)

.debug_ranges   0x0000000000000000      0x108
 .debug_ranges  0x0000000000000000       0x20 ../hello_world_sw_bsp//obj/HAL/src/crt0.o
 .debug_ranges  0x0000000000000020       0x30 obj/default/hello_world.o
 .debug_ranges  0x0000000000000050       0x48 ../hello_world_sw_bsp/\libhal_bsp.a(alt_load.o)
 .debug_ranges  0x0000000000000098       0x10 c:/intelfpga_lite/18.1/nios2eds/bin/gnu/h-x86_64-mingw32/bin/../lib/gcc/nios2-elf/5.3.0/../../../../../H-x86_64-mingw32/nios2-elf/lib/mno-hw-mul\libsmallc.a(lib_a-strlen.o)
 .debug_ranges  0x00000000000000a8       0x60 c:/intelfpga_lite/18.1/nios2eds/bin/gnu/h-x86_64-mingw32/bin/../lib/gcc/nios2-elf/5.3.0/mno-hw-mul\libgcc.a(lib2-divmod.o)
